INFO: [VRFC 10-2263] Analyzing Verilog file "C:/Users/Orion/Documents/GitHub/ece385/lab_7/lab_7.gen/sources_1/ip/clk_wiz_0/clk_wiz_0_clk_wiz.v" into library xil_defaultlib
INFO: [VRFC 10-311] analyzing module clk_wiz_0_clk_wiz
INFO: [VRFC 10-2263] Analyzing Verilog file "C:/Users/Orion/Documents/GitHub/ece385/lab_7/lab_7.gen/sources_1/ip/clk_wiz_0/clk_wiz_0.v" into library xil_defaultlib
INFO: [VRFC 10-311] analyzing module clk_wiz_0
INFO: [VRFC 10-2263] Analyzing Verilog file "C:/Users/Orion/Documents/GitHub/ece385/lab_7/lab_7.gen/sources_1/ip/hdmi_tx_0_1/hdl/encode.v" into library xil_defaultlib
INFO: [VRFC 10-311] analyzing module encode
INFO: [VRFC 10-2263] Analyzing Verilog file "C:/Users/Orion/Documents/GitHub/ece385/lab_7/lab_7.gen/sources_1/ip/hdmi_tx_0_1/hdl/serdes_10_to_1.v" into library xil_defaultlib
INFO: [VRFC 10-311] analyzing module serdes_10_to_1
INFO: [VRFC 10-2263] Analyzing Verilog file "C:/Users/Orion/Documents/GitHub/ece385/lab_7/lab_7.gen/sources_1/ip/hdmi_tx_0_1/hdl/srldelay.v" into library xil_defaultlib
INFO: [VRFC 10-311] analyzing module srldelay
INFO: [VRFC 10-2263] Analyzing Verilog file "C:/Users/Orion/Documents/GitHub/ece385/lab_7/lab_7.gen/sources_1/ip/hdmi_tx_0_1/hdl/hdmi_tx_v1_0.v" into library xil_defaultlib
INFO: [VRFC 10-311] analyzing module hdmi_tx_v1_0
INFO: [VRFC 10-2263] Analyzing Verilog file "C:/Users/Orion/Documents/GitHub/ece385/lab_7/lab_7.gen/sources_1/ip/hdmi_tx_0_1/sim/hdmi_tx_0.v" into library xil_defaultlib
INFO: [VRFC 10-311] analyzing module hdmi_tx_0
INFO: [VRFC 10-2263] Analyzing SystemVerilog file "C:/Users/Orion/Documents/GitHub/ece385/lab_7/lab_7.srcs/sources_1/imports/design_source/VGA_controller.sv" into library xil_defaultlib
INFO: [VRFC 10-311] analyzing module vga_controller
INFO: [VRFC 10-2263] Analyzing Verilog file "C:/Users/Orion/Documents/GitHub/ece385/lab_7/lab_7.gen/sources_1/bd/mb_block_i/sim/mb_block_i.v" into library xil_defaultlib
INFO: [VRFC 10-311] analyzing module m00_couplers_imp_1WLQTIN
INFO: [VRFC 10-311] analyzing module m01_couplers_imp_14JWRS9
INFO: [VRFC 10-311] analyzing module m02_couplers_imp_H2VMN7
INFO: [VRFC 10-311] analyzing module mb_block_i
INFO: [VRFC 10-311] analyzing module mb_block_i_microblaze_0_axi_periph_0
INFO: [VRFC 10-311] analyzing module microblaze_0_local_memory_imp_1HYYR51
INFO: [VRFC 10-311] analyzing module s00_couplers_imp_15CJT4E
INFO: [VRFC 10-2263] Analyzing Verilog file "C:/Users/Orion/Documents/GitHub/ece385/lab_7/lab_7.gen/sources_1/bd/mb_block_i/hdl/mb_block_i_wrapper.v" into library xil_defaultlib
INFO: [VRFC 10-311] analyzing module mb_block_i_wrapper
INFO: [VRFC 10-2263] Analyzing SystemVerilog file "C:/Users/Orion/Documents/GitHub/ece385/lab_7/lab_7.srcs/sources_1/imports/design_source/Color_Mapper.sv" into library xil_defaultlib
INFO: [VRFC 10-311] analyzing module color_mapper
INFO: [VRFC 10-2263] Analyzing SystemVerilog file "C:/Users/Orion/Documents/GitHub/ece385/lab_7/lab_7.srcs/sources_1/imports/design_source/ball.sv" into library xil_defaultlib
INFO: [VRFC 10-311] analyzing module ball
INFO: [VRFC 10-2263] Analyzing SystemVerilog file "C:/Users/Orion/Documents/GitHub/ece385/lab_7/lab_7.srcs/sources_1/imports/lab_7_1_provided_fa24/font_rom.sv" into library xil_defaultlib
INFO: [VRFC 10-311] analyzing module font_rom
INFO: [VRFC 10-2263] Analyzing SystemVerilog file "C:/Users/Orion/Documents/GitHub/ece385/lab_7/lab_7.srcs/sources_1/imports/lab_7_1_provided_fa24/hdmi_text_controller_v1_0.sv" into library xil_defaultlib
INFO: [VRFC 10-311] analyzing module hdmi_text_controller_v1_0
INFO: [VRFC 10-2263] Analyzing SystemVerilog file "C:/Users/Orion/Documents/GitHub/ece385/lab_7/lab_7.srcs/sources_1/imports/lab_7_1_provided_fa24/hdmi_text_controller_v1_0_AXI.sv" into library xil_defaultlib
INFO: [VRFC 10-311] analyzing module hdmi_text_controller_v1_0_AXI
INFO: [VRFC 10-2263] Analyzing SystemVerilog file "C:/Users/Orion/Documents/GitHub/ece385/lab_7/lab_7.srcs/sources_1/imports/design_source/hex_driver.sv" into library xil_defaultlib
INFO: [VRFC 10-311] analyzing module hex_driver
INFO: [VRFC 10-311] analyzing module nibble_to_hex
INFO: [VRFC 10-2263] Analyzing SystemVerilog file "C:/Users/Orion/Documents/GitHub/ece385/lab_7/lab_7.srcs/sources_1/imports/lab_7_1_provided_fa24/mb_usb_hdmi_top.sv" into library xil_defaultlib
INFO: [VRFC 10-311] analyzing module mb_usb_hdmi_top
INFO: [VRFC 10-2263] Analyzing SystemVerilog file "C:/Users/Orion/Documents/GitHub/ece385/lab_7/lab_7.srcs/sim_1/imports/lab_7_1_provided_fa24/hdmi_text_controller_v1_0_tb.sv" into library xil_defaultlib
INFO: [VRFC 10-311] analyzing module hdmi_text_controller_tb
