07:27:22 DEBUG : Logs will be stored at 'C:/Users/Shane/Documents/Classes/ECE_385/Lab_7/lab_7_v2/workspace/IDE.log'.
07:27:24 INFO  : Platform repository initialization has completed.
07:27:24 INFO  : Launching XSCT server: xsct.bat -n  -interactive C:\Users\Shane\Documents\Classes\ECE_385\Lab_7\lab_7_v2\workspace\temp_xsdb_launch_script.tcl
07:27:24 INFO  : Registering command handlers for Vitis TCF services
07:27:28 INFO  : XSCT server has started successfully.
07:27:34 INFO  : plnx-install-location is set to ''
07:27:34 INFO  : Successfully done setting XSCT server connection channel  
07:27:34 INFO  : Successfully done query RDI_DATADIR 
07:27:34 INFO  : Successfully done setting workspace for the tool. 
07:45:13 ERROR : (XSDB Server)ERROR: [Hsi 55-1562] Source directory C:/Users/Shane/Documents/Classes/ECE_385/Lab_7/lab_7_v2/workspace/mb_usb_hdmi_top/hw/drivers\hdmi_text_controller_v1_0/src does not exist or is not a directory.

07:45:15 INFO  : Result from executing command 'getProjects': mb_usb_hdmi_top
07:45:15 INFO  : Result from executing command 'getPlatforms': 
07:45:15 WARN  : An unexpected exception occurred in the module 'platform project logging'
07:45:15 INFO  : Platform 'mb_usb_hdmi_top' is added to custom repositories.
07:45:17 INFO  : Platform 'mb_usb_hdmi_top' is added to custom repositories.
07:46:45 INFO  : Result from executing command 'getProjects': mb_usb_hdmi_top
07:46:45 INFO  : Result from executing command 'getPlatforms': mb_usb_hdmi_top|C:/Users/Shane/Documents/Classes/ECE_385/Lab_7/lab_7_v2/workspace/mb_usb_hdmi_top/export/mb_usb_hdmi_top/mb_usb_hdmi_top.xpfm
07:46:45 INFO  : Checking for BSP changes to sync application flags for project 'mb_hdmi'...
07:47:01 INFO  : Connected to target on host '127.0.0.1' and port '3121'.
07:47:02 INFO  : Jtag cable 'RealDigital Boo 887100000006A' is selected.
07:47:02 INFO  : 'jtag frequency' command is executed.
07:47:02 INFO  : 'targets -set -filter {jtag_cable_name =~ "RealDigital Boo 887100000006A" && level==0 && jtag_device_ctx=="jsn1-0362f093-0"}' command is executed.
07:47:03 INFO  : Device configured successfully with "C:/Users/Shane/Documents/Classes/ECE_385/Lab_7/lab_7_v2/workspace/mb_hdmi/_ide/bitstream/mb_usb_hdmi_top.bit"
07:47:03 INFO  : Context for processor 'microblaze_0' is selected.
07:47:03 INFO  : Hardware design and registers information is loaded from 'C:/Users/Shane/Documents/Classes/ECE_385/Lab_7/lab_7_v2/workspace/mb_usb_hdmi_top/export/mb_usb_hdmi_top/hw/mb_usb_hdmi_top.xsa'.
07:47:03 INFO  : 'configparams mdm-detect-bscan-mask 2' command is executed.
07:47:03 INFO  : Context for processor 'microblaze_0' is selected.
07:47:03 INFO  : System reset is completed.
07:47:06 INFO  : 'after 3000' command is executed.
07:47:06 INFO  : Context for processor 'microblaze_0' is selected.
07:47:07 INFO  : The application 'C:/Users/Shane/Documents/Classes/ECE_385/Lab_7/lab_7_v2/workspace/mb_hdmi/Debug/mb_hdmi.elf' is downloaded to processor 'microblaze_0'.
07:47:07 INFO  : ----------------XSDB Script----------------
connect -url tcp:127.0.0.1:3121
targets -set -filter {jtag_cable_name =~ "RealDigital Boo 887100000006A" && level==0 && jtag_device_ctx=="jsn1-0362f093-0"}
fpga -file C:/Users/Shane/Documents/Classes/ECE_385/Lab_7/lab_7_v2/workspace/mb_hdmi/_ide/bitstream/mb_usb_hdmi_top.bit
targets -set -nocase -filter {name =~ "*microblaze*#0" && bscan=="USER2" }
loadhw -hw C:/Users/Shane/Documents/Classes/ECE_385/Lab_7/lab_7_v2/workspace/mb_usb_hdmi_top/export/mb_usb_hdmi_top/hw/mb_usb_hdmi_top.xsa -regs
configparams mdm-detect-bscan-mask 2
targets -set -nocase -filter {name =~ "*microblaze*#0" && bscan=="USER2" }
rst -system
after 3000
targets -set -nocase -filter {name =~ "*microblaze*#0" && bscan=="USER2" }
dow C:/Users/Shane/Documents/Classes/ECE_385/Lab_7/lab_7_v2/workspace/mb_hdmi/Debug/mb_hdmi.elf
----------------End of Script----------------

07:47:07 INFO  : Context for processor 'microblaze_0' is selected.
07:47:07 INFO  : 'con' command is executed.
07:47:07 INFO  : ----------------XSDB Script (After Launch)----------------
targets -set -nocase -filter {name =~ "*microblaze*#0" && bscan=="USER2" }
con
----------------End of Script----------------

07:47:07 INFO  : Disconnected from the channel tcfchan#2.
07:47:58 INFO  : Connected to target on host '127.0.0.1' and port '3121'.
07:47:58 INFO  : Jtag cable 'RealDigital Boo 887100000006A' is selected.
07:47:58 INFO  : 'jtag frequency' command is executed.
07:47:58 INFO  : 'targets -set -filter {jtag_cable_name =~ "RealDigital Boo 887100000006A" && level==0 && jtag_device_ctx=="jsn1-0362f093-0"}' command is executed.
07:48:00 INFO  : Device configured successfully with "C:/Users/Shane/Documents/Classes/ECE_385/Lab_7/lab_7_v2/workspace/mb_hdmi/_ide/bitstream/mb_usb_hdmi_top.bit"
07:48:00 INFO  : Context for processor 'microblaze_0' is selected.
07:48:00 INFO  : Hardware design and registers information is loaded from 'C:/Users/Shane/Documents/Classes/ECE_385/Lab_7/lab_7_v2/workspace/mb_usb_hdmi_top/export/mb_usb_hdmi_top/hw/mb_usb_hdmi_top.xsa'.
07:48:00 INFO  : 'configparams mdm-detect-bscan-mask 2' command is executed.
07:48:00 INFO  : Context for processor 'microblaze_0' is selected.
07:48:00 INFO  : System reset is completed.
07:48:03 INFO  : 'after 3000' command is executed.
07:48:03 INFO  : Context for processor 'microblaze_0' is selected.
07:48:03 INFO  : The application 'C:/Users/Shane/Documents/Classes/ECE_385/Lab_7/lab_7_v2/workspace/mb_hdmi/Debug/mb_hdmi.elf' is downloaded to processor 'microblaze_0'.
07:48:03 INFO  : ----------------XSDB Script----------------
connect -url tcp:127.0.0.1:3121
targets -set -filter {jtag_cable_name =~ "RealDigital Boo 887100000006A" && level==0 && jtag_device_ctx=="jsn1-0362f093-0"}
fpga -file C:/Users/Shane/Documents/Classes/ECE_385/Lab_7/lab_7_v2/workspace/mb_hdmi/_ide/bitstream/mb_usb_hdmi_top.bit
targets -set -nocase -filter {name =~ "*microblaze*#0" && bscan=="USER2" }
loadhw -hw C:/Users/Shane/Documents/Classes/ECE_385/Lab_7/lab_7_v2/workspace/mb_usb_hdmi_top/export/mb_usb_hdmi_top/hw/mb_usb_hdmi_top.xsa -regs
configparams mdm-detect-bscan-mask 2
targets -set -nocase -filter {name =~ "*microblaze*#0" && bscan=="USER2" }
rst -system
after 3000
targets -set -nocase -filter {name =~ "*microblaze*#0" && bscan=="USER2" }
dow C:/Users/Shane/Documents/Classes/ECE_385/Lab_7/lab_7_v2/workspace/mb_hdmi/Debug/mb_hdmi.elf
----------------End of Script----------------

07:48:03 INFO  : Context for processor 'microblaze_0' is selected.
07:48:03 INFO  : 'con' command is executed.
07:48:03 INFO  : ----------------XSDB Script (After Launch)----------------
targets -set -nocase -filter {name =~ "*microblaze*#0" && bscan=="USER2" }
con
----------------End of Script----------------

07:48:03 INFO  : Disconnected from the channel tcfchan#3.
