
*** Running vivado
    with args -log mb_usb_hdmi_top.vds -m64 -product Vivado -mode batch -messageDb vivado.pb -notrace -source mb_usb_hdmi_top.tcl



****** Vivado v2022.2 (64-bit)
  **** SW Build 3671981 on Fri Oct 14 05:00:03 MDT 2022
  **** IP Build 3669848 on Fri Oct 14 08:30:02 MDT 2022
    ** Copyright 1986-2022 Xilinx, Inc. All Rights Reserved.

source mb_usb_hdmi_top.tcl -notrace
create_project: Time (s): cpu = 00:00:09 ; elapsed = 00:00:12 . Memory (MB): peak = 381.469 ; gain = 57.012
INFO: [IP_Flow 19-234] Refreshing IP repositories
INFO: [IP_Flow 19-1700] Loaded user IP repository 'c:/Users/Orion/Documents/GitHub/ece385/lab_7/ip_repo/hdmi_text_controller_1_0'.
INFO: [IP_Flow 19-1700] Loaded user IP repository 'c:/Users/Orion/Documents/GitHub/ece385/lab_7/hdmi_tx_1.0'.
INFO: [IP_Flow 19-2313] Loaded Vivado IP repository 'C:/Xilinx/Vivado/2022.2/data/ip'.
add_files: Time (s): cpu = 00:00:04 ; elapsed = 00:00:11 . Memory (MB): peak = 421.215 ; gain = 15.852
Command: read_checkpoint -auto_incremental -incremental C:/Users/Orion/Documents/GitHub/ece385/lab_7/lab_7.srcs/utils_1/imports/synth_1/mb_intro_top.dcp
INFO: [Vivado 12-5825] Read reference checkpoint from C:/Users/Orion/Documents/GitHub/ece385/lab_7/lab_7.srcs/utils_1/imports/synth_1/mb_intro_top.dcp for incremental synthesis
INFO: [Vivado 12-7989] Please ensure there are no constraint changes
Command: synth_design -top mb_usb_hdmi_top -part xc7s50csga324-1
Starting synth_design
Attempting to get a license for feature 'Synthesis' and/or device 'xc7s50'
INFO: [Common 17-349] Got license for feature 'Synthesis' and/or device 'xc7s50'
INFO: [Device 21-403] Loading part xc7s50csga324-1
INFO: [Designutils 20-5440] No compile time benefit to using incremental synthesis; A full resynthesis will be run
INFO: [Designutils 20-4379] Flow is switching to default flow due to incremental criteria not met. If you would like to alter this behaviour and have the flow terminate instead, please set the following parameter config_implementation {autoIncr.Synth.RejectBehavior Terminate}
INFO: [Synth 8-7079] Multithreading enabled for synth_design using a maximum of 2 processes.
INFO: [Synth 8-7078] Launching helper process for spawning children vivado processes
INFO: [Synth 8-7075] Helper process launched with PID 12868
INFO: [Synth 8-11241] undeclared symbol 'REGCCE', assumed default net type 'wire' [C:/Xilinx/Vivado/2022.2/data/verilog/src/unimacro/BRAM_SINGLE_MACRO.v:2170]
---------------------------------------------------------------------------------
Starting RTL Elaboration : Time (s): cpu = 00:00:13 ; elapsed = 00:00:23 . Memory (MB): peak = 1224.586 ; gain = 407.840
---------------------------------------------------------------------------------
INFO: [Synth 8-6157] synthesizing module 'mb_usb_hdmi_top' [C:/Users/Orion/Documents/GitHub/ece385/lab_7/lab_7.srcs/sources_1/imports/lab_7_1_provided_fa24/mb_usb_hdmi_top.sv:14]
INFO: [Synth 8-6157] synthesizing module 'mb_block_i' [c:/Users/Orion/Documents/GitHub/ece385/lab_7/lab_7.gen/sources_1/bd/mb_block_i/synth/mb_block_i.v:422]
INFO: [Synth 8-6157] synthesizing module 'mb_block_i_axi_uartlite_0_0' [C:/Users/Orion/Documents/GitHub/ece385/lab_7/lab_7.runs/synth_1/.Xil/Vivado-34876-DESKTOP-SK26SJD/realtime/mb_block_i_axi_uartlite_0_0_stub.v:5]
INFO: [Synth 8-6155] done synthesizing module 'mb_block_i_axi_uartlite_0_0' (0#1) [C:/Users/Orion/Documents/GitHub/ece385/lab_7/lab_7.runs/synth_1/.Xil/Vivado-34876-DESKTOP-SK26SJD/realtime/mb_block_i_axi_uartlite_0_0_stub.v:5]
INFO: [Synth 8-6157] synthesizing module 'mb_block_i_clk_wiz_1_0' [C:/Users/Orion/Documents/GitHub/ece385/lab_7/lab_7.runs/synth_1/.Xil/Vivado-34876-DESKTOP-SK26SJD/realtime/mb_block_i_clk_wiz_1_0_stub.v:5]
INFO: [Synth 8-6155] done synthesizing module 'mb_block_i_clk_wiz_1_0' (0#1) [C:/Users/Orion/Documents/GitHub/ece385/lab_7/lab_7.runs/synth_1/.Xil/Vivado-34876-DESKTOP-SK26SJD/realtime/mb_block_i_clk_wiz_1_0_stub.v:5]
INFO: [Synth 8-6157] synthesizing module 'mb_block_i_hdmi_text_controller_0_0' [C:/Users/Orion/Documents/GitHub/ece385/lab_7/lab_7.runs/synth_1/.Xil/Vivado-34876-DESKTOP-SK26SJD/realtime/mb_block_i_hdmi_text_controller_0_0_stub.v:5]
INFO: [Synth 8-6155] done synthesizing module 'mb_block_i_hdmi_text_controller_0_0' (0#1) [C:/Users/Orion/Documents/GitHub/ece385/lab_7/lab_7.runs/synth_1/.Xil/Vivado-34876-DESKTOP-SK26SJD/realtime/mb_block_i_hdmi_text_controller_0_0_stub.v:5]
INFO: [Synth 8-6157] synthesizing module 'mb_block_i_mdm_1_0' [C:/Users/Orion/Documents/GitHub/ece385/lab_7/lab_7.runs/synth_1/.Xil/Vivado-34876-DESKTOP-SK26SJD/realtime/mb_block_i_mdm_1_0_stub.v:5]
INFO: [Synth 8-6155] done synthesizing module 'mb_block_i_mdm_1_0' (0#1) [C:/Users/Orion/Documents/GitHub/ece385/lab_7/lab_7.runs/synth_1/.Xil/Vivado-34876-DESKTOP-SK26SJD/realtime/mb_block_i_mdm_1_0_stub.v:5]
INFO: [Synth 8-6157] synthesizing module 'mb_block_i_microblaze_0_0' [C:/Users/Orion/Documents/GitHub/ece385/lab_7/lab_7.runs/synth_1/.Xil/Vivado-34876-DESKTOP-SK26SJD/realtime/mb_block_i_microblaze_0_0_stub.v:5]
INFO: [Synth 8-6155] done synthesizing module 'mb_block_i_microblaze_0_0' (0#1) [C:/Users/Orion/Documents/GitHub/ece385/lab_7/lab_7.runs/synth_1/.Xil/Vivado-34876-DESKTOP-SK26SJD/realtime/mb_block_i_microblaze_0_0_stub.v:5]
INFO: [Synth 8-6157] synthesizing module 'mb_block_i_microblaze_0_axi_intc_0' [C:/Users/Orion/Documents/GitHub/ece385/lab_7/lab_7.runs/synth_1/.Xil/Vivado-34876-DESKTOP-SK26SJD/realtime/mb_block_i_microblaze_0_axi_intc_0_stub.v:5]
INFO: [Synth 8-6155] done synthesizing module 'mb_block_i_microblaze_0_axi_intc_0' (0#1) [C:/Users/Orion/Documents/GitHub/ece385/lab_7/lab_7.runs/synth_1/.Xil/Vivado-34876-DESKTOP-SK26SJD/realtime/mb_block_i_microblaze_0_axi_intc_0_stub.v:5]
INFO: [Synth 8-6157] synthesizing module 'mb_block_i_microblaze_0_axi_periph_0' [c:/Users/Orion/Documents/GitHub/ece385/lab_7/lab_7.gen/sources_1/bd/mb_block_i/synth/mb_block_i.v:830]
INFO: [Synth 8-6157] synthesizing module 'm00_couplers_imp_1WLQTIN' [c:/Users/Orion/Documents/GitHub/ece385/lab_7/lab_7.gen/sources_1/bd/mb_block_i/synth/mb_block_i.v:12]
INFO: [Synth 8-6155] done synthesizing module 'm00_couplers_imp_1WLQTIN' (0#1) [c:/Users/Orion/Documents/GitHub/ece385/lab_7/lab_7.gen/sources_1/bd/mb_block_i/synth/mb_block_i.v:12]
INFO: [Synth 8-6157] synthesizing module 'm01_couplers_imp_14JWRS9' [c:/Users/Orion/Documents/GitHub/ece385/lab_7/lab_7.gen/sources_1/bd/mb_block_i/synth/mb_block_i.v:144]
INFO: [Synth 8-6155] done synthesizing module 'm01_couplers_imp_14JWRS9' (0#1) [c:/Users/Orion/Documents/GitHub/ece385/lab_7/lab_7.gen/sources_1/bd/mb_block_i/synth/mb_block_i.v:144]
INFO: [Synth 8-6157] synthesizing module 'm02_couplers_imp_H2VMN7' [c:/Users/Orion/Documents/GitHub/ece385/lab_7/lab_7.gen/sources_1/bd/mb_block_i/synth/mb_block_i.v:276]
INFO: [Synth 8-6155] done synthesizing module 'm02_couplers_imp_H2VMN7' (0#1) [c:/Users/Orion/Documents/GitHub/ece385/lab_7/lab_7.gen/sources_1/bd/mb_block_i/synth/mb_block_i.v:276]
INFO: [Synth 8-6157] synthesizing module 's00_couplers_imp_15CJT4E' [c:/Users/Orion/Documents/GitHub/ece385/lab_7/lab_7.gen/sources_1/bd/mb_block_i/synth/mb_block_i.v:1660]
INFO: [Synth 8-6155] done synthesizing module 's00_couplers_imp_15CJT4E' (0#1) [c:/Users/Orion/Documents/GitHub/ece385/lab_7/lab_7.gen/sources_1/bd/mb_block_i/synth/mb_block_i.v:1660]
INFO: [Synth 8-6157] synthesizing module 'mb_block_i_xbar_0' [C:/Users/Orion/Documents/GitHub/ece385/lab_7/lab_7.runs/synth_1/.Xil/Vivado-34876-DESKTOP-SK26SJD/realtime/mb_block_i_xbar_0_stub.v:5]
INFO: [Synth 8-6155] done synthesizing module 'mb_block_i_xbar_0' (0#1) [C:/Users/Orion/Documents/GitHub/ece385/lab_7/lab_7.runs/synth_1/.Xil/Vivado-34876-DESKTOP-SK26SJD/realtime/mb_block_i_xbar_0_stub.v:5]
INFO: [Synth 8-6155] done synthesizing module 'mb_block_i_microblaze_0_axi_periph_0' (0#1) [c:/Users/Orion/Documents/GitHub/ece385/lab_7/lab_7.gen/sources_1/bd/mb_block_i/synth/mb_block_i.v:830]
INFO: [Synth 8-6157] synthesizing module 'microblaze_0_local_memory_imp_1HYYR51' [c:/Users/Orion/Documents/GitHub/ece385/lab_7/lab_7.gen/sources_1/bd/mb_block_i/synth/mb_block_i.v:1426]
INFO: [Synth 8-6157] synthesizing module 'mb_block_i_dlmb_bram_if_cntlr_0' [C:/Users/Orion/Documents/GitHub/ece385/lab_7/lab_7.runs/synth_1/.Xil/Vivado-34876-DESKTOP-SK26SJD/realtime/mb_block_i_dlmb_bram_if_cntlr_0_stub.v:5]
INFO: [Synth 8-6155] done synthesizing module 'mb_block_i_dlmb_bram_if_cntlr_0' (0#1) [C:/Users/Orion/Documents/GitHub/ece385/lab_7/lab_7.runs/synth_1/.Xil/Vivado-34876-DESKTOP-SK26SJD/realtime/mb_block_i_dlmb_bram_if_cntlr_0_stub.v:5]
INFO: [Synth 8-6157] synthesizing module 'mb_block_i_dlmb_v10_0' [C:/Users/Orion/Documents/GitHub/ece385/lab_7/lab_7.runs/synth_1/.Xil/Vivado-34876-DESKTOP-SK26SJD/realtime/mb_block_i_dlmb_v10_0_stub.v:5]
INFO: [Synth 8-6155] done synthesizing module 'mb_block_i_dlmb_v10_0' (0#1) [C:/Users/Orion/Documents/GitHub/ece385/lab_7/lab_7.runs/synth_1/.Xil/Vivado-34876-DESKTOP-SK26SJD/realtime/mb_block_i_dlmb_v10_0_stub.v:5]
WARNING: [Synth 8-7071] port 'LMB_Rst' of module 'mb_block_i_dlmb_v10_0' is unconnected for instance 'dlmb_v10' [c:/Users/Orion/Documents/GitHub/ece385/lab_7/lab_7.gen/sources_1/bd/mb_block_i/synth/mb_block_i.v:1572]
WARNING: [Synth 8-7023] instance 'dlmb_v10' of module 'mb_block_i_dlmb_v10_0' has 25 connections declared, but only 24 given [c:/Users/Orion/Documents/GitHub/ece385/lab_7/lab_7.gen/sources_1/bd/mb_block_i/synth/mb_block_i.v:1572]
INFO: [Synth 8-6157] synthesizing module 'mb_block_i_ilmb_bram_if_cntlr_0' [C:/Users/Orion/Documents/GitHub/ece385/lab_7/lab_7.runs/synth_1/.Xil/Vivado-34876-DESKTOP-SK26SJD/realtime/mb_block_i_ilmb_bram_if_cntlr_0_stub.v:5]
INFO: [Synth 8-6155] done synthesizing module 'mb_block_i_ilmb_bram_if_cntlr_0' (0#1) [C:/Users/Orion/Documents/GitHub/ece385/lab_7/lab_7.runs/synth_1/.Xil/Vivado-34876-DESKTOP-SK26SJD/realtime/mb_block_i_ilmb_bram_if_cntlr_0_stub.v:5]
INFO: [Synth 8-6157] synthesizing module 'mb_block_i_ilmb_v10_0' [C:/Users/Orion/Documents/GitHub/ece385/lab_7/lab_7.runs/synth_1/.Xil/Vivado-34876-DESKTOP-SK26SJD/realtime/mb_block_i_ilmb_v10_0_stub.v:5]
INFO: [Synth 8-6155] done synthesizing module 'mb_block_i_ilmb_v10_0' (0#1) [C:/Users/Orion/Documents/GitHub/ece385/lab_7/lab_7.runs/synth_1/.Xil/Vivado-34876-DESKTOP-SK26SJD/realtime/mb_block_i_ilmb_v10_0_stub.v:5]
WARNING: [Synth 8-7071] port 'LMB_Rst' of module 'mb_block_i_ilmb_v10_0' is unconnected for instance 'ilmb_v10' [c:/Users/Orion/Documents/GitHub/ece385/lab_7/lab_7.gen/sources_1/bd/mb_block_i/synth/mb_block_i.v:1618]
WARNING: [Synth 8-7023] instance 'ilmb_v10' of module 'mb_block_i_ilmb_v10_0' has 25 connections declared, but only 24 given [c:/Users/Orion/Documents/GitHub/ece385/lab_7/lab_7.gen/sources_1/bd/mb_block_i/synth/mb_block_i.v:1618]
INFO: [Synth 8-6157] synthesizing module 'mb_block_i_lmb_bram_0' [C:/Users/Orion/Documents/GitHub/ece385/lab_7/lab_7.runs/synth_1/.Xil/Vivado-34876-DESKTOP-SK26SJD/realtime/mb_block_i_lmb_bram_0_stub.v:5]
INFO: [Synth 8-6155] done synthesizing module 'mb_block_i_lmb_bram_0' (0#1) [C:/Users/Orion/Documents/GitHub/ece385/lab_7/lab_7.runs/synth_1/.Xil/Vivado-34876-DESKTOP-SK26SJD/realtime/mb_block_i_lmb_bram_0_stub.v:5]
WARNING: [Synth 8-7071] port 'rsta_busy' of module 'mb_block_i_lmb_bram_0' is unconnected for instance 'lmb_bram' [c:/Users/Orion/Documents/GitHub/ece385/lab_7/lab_7.gen/sources_1/bd/mb_block_i/synth/mb_block_i.v:1643]
WARNING: [Synth 8-7071] port 'rstb_busy' of module 'mb_block_i_lmb_bram_0' is unconnected for instance 'lmb_bram' [c:/Users/Orion/Documents/GitHub/ece385/lab_7/lab_7.gen/sources_1/bd/mb_block_i/synth/mb_block_i.v:1643]
WARNING: [Synth 8-7023] instance 'lmb_bram' of module 'mb_block_i_lmb_bram_0' has 16 connections declared, but only 14 given [c:/Users/Orion/Documents/GitHub/ece385/lab_7/lab_7.gen/sources_1/bd/mb_block_i/synth/mb_block_i.v:1643]
INFO: [Synth 8-6155] done synthesizing module 'microblaze_0_local_memory_imp_1HYYR51' (0#1) [c:/Users/Orion/Documents/GitHub/ece385/lab_7/lab_7.gen/sources_1/bd/mb_block_i/synth/mb_block_i.v:1426]
INFO: [Synth 8-6157] synthesizing module 'mb_block_i_rst_clk_wiz_1_100M_0' [C:/Users/Orion/Documents/GitHub/ece385/lab_7/lab_7.runs/synth_1/.Xil/Vivado-34876-DESKTOP-SK26SJD/realtime/mb_block_i_rst_clk_wiz_1_100M_0_stub.v:5]
INFO: [Synth 8-6155] done synthesizing module 'mb_block_i_rst_clk_wiz_1_100M_0' (0#1) [C:/Users/Orion/Documents/GitHub/ece385/lab_7/lab_7.runs/synth_1/.Xil/Vivado-34876-DESKTOP-SK26SJD/realtime/mb_block_i_rst_clk_wiz_1_100M_0_stub.v:5]
WARNING: [Synth 8-7071] port 'peripheral_reset' of module 'mb_block_i_rst_clk_wiz_1_100M_0' is unconnected for instance 'rst_clk_wiz_1_100M' [c:/Users/Orion/Documents/GitHub/ece385/lab_7/lab_7.gen/sources_1/bd/mb_block_i/synth/mb_block_i.v:819]
WARNING: [Synth 8-7071] port 'interconnect_aresetn' of module 'mb_block_i_rst_clk_wiz_1_100M_0' is unconnected for instance 'rst_clk_wiz_1_100M' [c:/Users/Orion/Documents/GitHub/ece385/lab_7/lab_7.gen/sources_1/bd/mb_block_i/synth/mb_block_i.v:819]
WARNING: [Synth 8-7023] instance 'rst_clk_wiz_1_100M' of module 'mb_block_i_rst_clk_wiz_1_100M_0' has 10 connections declared, but only 8 given [c:/Users/Orion/Documents/GitHub/ece385/lab_7/lab_7.gen/sources_1/bd/mb_block_i/synth/mb_block_i.v:819]
INFO: [Synth 8-6155] done synthesizing module 'mb_block_i' (0#1) [c:/Users/Orion/Documents/GitHub/ece385/lab_7/lab_7.gen/sources_1/bd/mb_block_i/synth/mb_block_i.v:422]
INFO: [Synth 8-6155] done synthesizing module 'mb_usb_hdmi_top' (0#1) [C:/Users/Orion/Documents/GitHub/ece385/lab_7/lab_7.srcs/sources_1/imports/lab_7_1_provided_fa24/mb_usb_hdmi_top.sv:14]
WARNING: [Synth 8-7129] Port M_ACLK in module s00_couplers_imp_15CJT4E is either unconnected or has no load
WARNING: [Synth 8-7129] Port M_ARESETN in module s00_couplers_imp_15CJT4E is either unconnected or has no load
WARNING: [Synth 8-7129] Port S_ACLK in module s00_couplers_imp_15CJT4E is either unconnected or has no load
WARNING: [Synth 8-7129] Port S_ARESETN in module s00_couplers_imp_15CJT4E is either unconnected or has no load
WARNING: [Synth 8-7129] Port M_ACLK in module m02_couplers_imp_H2VMN7 is either unconnected or has no load
WARNING: [Synth 8-7129] Port M_ARESETN in module m02_couplers_imp_H2VMN7 is either unconnected or has no load
WARNING: [Synth 8-7129] Port S_ACLK in module m02_couplers_imp_H2VMN7 is either unconnected or has no load
WARNING: [Synth 8-7129] Port S_ARESETN in module m02_couplers_imp_H2VMN7 is either unconnected or has no load
WARNING: [Synth 8-7129] Port M_ACLK in module m01_couplers_imp_14JWRS9 is either unconnected or has no load
WARNING: [Synth 8-7129] Port M_ARESETN in module m01_couplers_imp_14JWRS9 is either unconnected or has no load
WARNING: [Synth 8-7129] Port S_ACLK in module m01_couplers_imp_14JWRS9 is either unconnected or has no load
WARNING: [Synth 8-7129] Port S_ARESETN in module m01_couplers_imp_14JWRS9 is either unconnected or has no load
WARNING: [Synth 8-7129] Port M_ACLK in module m00_couplers_imp_1WLQTIN is either unconnected or has no load
WARNING: [Synth 8-7129] Port M_ARESETN in module m00_couplers_imp_1WLQTIN is either unconnected or has no load
WARNING: [Synth 8-7129] Port S_ACLK in module m00_couplers_imp_1WLQTIN is either unconnected or has no load
WARNING: [Synth 8-7129] Port S_ARESETN in module m00_couplers_imp_1WLQTIN is either unconnected or has no load
WARNING: [Synth 8-7129] Port M00_ACLK in module mb_block_i_microblaze_0_axi_periph_0 is either unconnected or has no load
WARNING: [Synth 8-7129] Port M00_ARESETN in module mb_block_i_microblaze_0_axi_periph_0 is either unconnected or has no load
WARNING: [Synth 8-7129] Port M01_ACLK in module mb_block_i_microblaze_0_axi_periph_0 is either unconnected or has no load
WARNING: [Synth 8-7129] Port M01_ARESETN in module mb_block_i_microblaze_0_axi_periph_0 is either unconnected or has no load
WARNING: [Synth 8-7129] Port M02_ACLK in module mb_block_i_microblaze_0_axi_periph_0 is either unconnected or has no load
WARNING: [Synth 8-7129] Port M02_ARESETN in module mb_block_i_microblaze_0_axi_periph_0 is either unconnected or has no load
WARNING: [Synth 8-7129] Port S00_ACLK in module mb_block_i_microblaze_0_axi_periph_0 is either unconnected or has no load
WARNING: [Synth 8-7129] Port S00_ARESETN in module mb_block_i_microblaze_0_axi_periph_0 is either unconnected or has no load
---------------------------------------------------------------------------------
Finished RTL Elaboration : Time (s): cpu = 00:00:14 ; elapsed = 00:00:26 . Memory (MB): peak = 1322.820 ; gain = 506.074
---------------------------------------------------------------------------------
---------------------------------------------------------------------------------
Start Handling Custom Attributes
---------------------------------------------------------------------------------
---------------------------------------------------------------------------------
Finished Handling Custom Attributes : Time (s): cpu = 00:00:14 ; elapsed = 00:00:27 . Memory (MB): peak = 1322.820 ; gain = 506.074
---------------------------------------------------------------------------------
---------------------------------------------------------------------------------
Finished RTL Optimization Phase 1 : Time (s): cpu = 00:00:14 ; elapsed = 00:00:27 . Memory (MB): peak = 1322.820 ; gain = 506.074
---------------------------------------------------------------------------------
Netlist sorting complete. Time (s): cpu = 00:00:00 ; elapsed = 00:00:00.040 . Memory (MB): peak = 1322.820 ; gain = 0.000
