18:51:48 DEBUG : Logs will be stored at 'C:/Users/Shane/Documents/Classes/ECE_385/Lab_7/lab_7_2/workspace/IDE.log'.
18:51:51 INFO  : Platform repository initialization has completed.
18:51:51 INFO  : Launching XSCT server: xsct.bat -n  -interactive C:\Users\Shane\Documents\Classes\ECE_385\Lab_7\lab_7_2\workspace\temp_xsdb_launch_script.tcl
18:51:51 INFO  : Registering command handlers for Vitis TCF services
18:51:54 INFO  : XSCT server has started successfully.
18:51:54 INFO  : plnx-install-location is set to ''
18:51:54 INFO  : Successfully done setting XSCT server connection channel  
18:51:54 INFO  : Successfully done setting workspace for the tool. 
18:51:54 INFO  : Successfully done query RDI_DATADIR 
08:11:48 DEBUG : Logs will be stored at 'C:/Users/Shane/Documents/Classes/ECE_385/Lab_7/lab_7_2/workspace/IDE.log'.
08:11:50 INFO  : Launching XSCT server: xsct.bat -n  -interactive C:\Users\Shane\Documents\Classes\ECE_385\Lab_7\lab_7_2\workspace\temp_xsdb_launch_script.tcl
08:11:50 INFO  : Platform repository initialization has completed.
08:11:50 INFO  : Registering command handlers for Vitis TCF services
08:11:54 INFO  : XSCT server has started successfully.
08:11:57 INFO  : Successfully done setting XSCT server connection channel  
08:11:57 INFO  : plnx-install-location is set to ''
08:11:57 INFO  : Successfully done query RDI_DATADIR 
08:11:57 INFO  : Successfully done setting workspace for the tool. 
08:13:50 ERROR : (XSDB Server)ERROR: [Hsi 55-1562] Source directory C:/Users/Shane/Documents/Classes/ECE_385/Lab_7/lab_7_2/workspace/mb_usb_hdmi_top/hw/drivers\hdmi_text_controller_v1_0/src does not exist or is not a directory.

08:13:52 INFO  : Result from executing command 'getProjects': mb_usb_hdmi_top
08:13:52 INFO  : Result from executing command 'getPlatforms': 
08:13:52 WARN  : An unexpected exception occurred in the module 'platform project logging'
08:13:52 INFO  : Platform 'mb_usb_hdmi_top' is added to custom repositories.
08:13:54 INFO  : Platform 'mb_usb_hdmi_top' is added to custom repositories.
08:16:10 INFO  : Result from executing command 'getProjects': mb_usb_hdmi_top
08:16:10 INFO  : Result from executing command 'getPlatforms': mb_usb_hdmi_top|C:/Users/Shane/Documents/Classes/ECE_385/Lab_7/lab_7_2/workspace/mb_usb_hdmi_top/export/mb_usb_hdmi_top/mb_usb_hdmi_top.xpfm
08:16:10 INFO  : Checking for BSP changes to sync application flags for project 'mb_hdmi'...
08:16:50 INFO  : Connected to target on host '127.0.0.1' and port '3121'.
08:16:51 INFO  : Jtag cable 'RealDigital Boo 887100000006A' is selected.
08:16:51 INFO  : 'jtag frequency' command is executed.
08:16:51 INFO  : 'targets -set -filter {jtag_cable_name =~ "RealDigital Boo 887100000006A" && level==0 && jtag_device_ctx=="jsn1-0362f093-0"}' command is executed.
08:16:54 INFO  : Device configured successfully with "C:/Users/Shane/Documents/Classes/ECE_385/Lab_7/lab_7_2/workspace/mb_hdmi/_ide/bitstream/mb_usb_hdmi_top.bit"
08:16:54 INFO  : Context for processor 'microblaze_0' is selected.
08:16:54 INFO  : Hardware design and registers information is loaded from 'C:/Users/Shane/Documents/Classes/ECE_385/Lab_7/lab_7_2/workspace/mb_usb_hdmi_top/export/mb_usb_hdmi_top/hw/mb_usb_hdmi_top.xsa'.
08:16:54 INFO  : 'configparams mdm-detect-bscan-mask 2' command is executed.
08:16:54 INFO  : Context for processor 'microblaze_0' is selected.
08:16:54 INFO  : System reset is completed.
08:16:57 INFO  : 'after 3000' command is executed.
08:16:57 INFO  : Context for processor 'microblaze_0' is selected.
08:16:58 INFO  : The application 'C:/Users/Shane/Documents/Classes/ECE_385/Lab_7/lab_7_2/workspace/mb_hdmi/Debug/mb_hdmi.elf' is downloaded to processor 'microblaze_0'.
08:16:58 INFO  : ----------------XSDB Script----------------
connect -url tcp:127.0.0.1:3121
targets -set -filter {jtag_cable_name =~ "RealDigital Boo 887100000006A" && level==0 && jtag_device_ctx=="jsn1-0362f093-0"}
fpga -file C:/Users/Shane/Documents/Classes/ECE_385/Lab_7/lab_7_2/workspace/mb_hdmi/_ide/bitstream/mb_usb_hdmi_top.bit
targets -set -nocase -filter {name =~ "*microblaze*#0" && bscan=="USER2" }
loadhw -hw C:/Users/Shane/Documents/Classes/ECE_385/Lab_7/lab_7_2/workspace/mb_usb_hdmi_top/export/mb_usb_hdmi_top/hw/mb_usb_hdmi_top.xsa -regs
configparams mdm-detect-bscan-mask 2
targets -set -nocase -filter {name =~ "*microblaze*#0" && bscan=="USER2" }
rst -system
after 3000
targets -set -nocase -filter {name =~ "*microblaze*#0" && bscan=="USER2" }
dow C:/Users/Shane/Documents/Classes/ECE_385/Lab_7/lab_7_2/workspace/mb_hdmi/Debug/mb_hdmi.elf
----------------End of Script----------------

08:16:58 INFO  : Context for processor 'microblaze_0' is selected.
08:16:58 INFO  : 'con' command is executed.
08:16:58 INFO  : ----------------XSDB Script (After Launch)----------------
targets -set -nocase -filter {name =~ "*microblaze*#0" && bscan=="USER2" }
con
----------------End of Script----------------

08:16:58 INFO  : Disconnected from the channel tcfchan#2.
08:26:37 INFO  : Connected to target on host '127.0.0.1' and port '3121'.
08:26:37 INFO  : Jtag cable 'RealDigital Boo 887100000006A' is selected.
08:26:37 INFO  : 'jtag frequency' command is executed.
08:26:38 INFO  : 'targets -set -filter {jtag_cable_name =~ "RealDigital Boo 887100000006A" && level==0 && jtag_device_ctx=="jsn1-0362f093-0"}' command is executed.
08:26:39 INFO  : Device configured successfully with "C:/Users/Shane/Documents/Classes/ECE_385/Lab_7/lab_7_2/workspace/mb_hdmi/_ide/bitstream/mb_usb_hdmi_top.bit"
08:26:39 INFO  : Context for processor 'microblaze_0' is selected.
08:26:39 INFO  : Hardware design and registers information is loaded from 'C:/Users/Shane/Documents/Classes/ECE_385/Lab_7/lab_7_2/workspace/mb_usb_hdmi_top/export/mb_usb_hdmi_top/hw/mb_usb_hdmi_top.xsa'.
08:26:39 INFO  : 'configparams mdm-detect-bscan-mask 2' command is executed.
08:26:39 INFO  : Context for processor 'microblaze_0' is selected.
08:26:39 INFO  : System reset is completed.
08:26:42 INFO  : 'after 3000' command is executed.
08:26:42 INFO  : Context for processor 'microblaze_0' is selected.
08:26:43 INFO  : The application 'C:/Users/Shane/Documents/Classes/ECE_385/Lab_7/lab_7_2/workspace/mb_hdmi/Debug/mb_hdmi.elf' is downloaded to processor 'microblaze_0'.
08:26:43 INFO  : ----------------XSDB Script----------------
connect -url tcp:127.0.0.1:3121
targets -set -filter {jtag_cable_name =~ "RealDigital Boo 887100000006A" && level==0 && jtag_device_ctx=="jsn1-0362f093-0"}
fpga -file C:/Users/Shane/Documents/Classes/ECE_385/Lab_7/lab_7_2/workspace/mb_hdmi/_ide/bitstream/mb_usb_hdmi_top.bit
targets -set -nocase -filter {name =~ "*microblaze*#0" && bscan=="USER2" }
loadhw -hw C:/Users/Shane/Documents/Classes/ECE_385/Lab_7/lab_7_2/workspace/mb_usb_hdmi_top/export/mb_usb_hdmi_top/hw/mb_usb_hdmi_top.xsa -regs
configparams mdm-detect-bscan-mask 2
targets -set -nocase -filter {name =~ "*microblaze*#0" && bscan=="USER2" }
rst -system
after 3000
targets -set -nocase -filter {name =~ "*microblaze*#0" && bscan=="USER2" }
dow C:/Users/Shane/Documents/Classes/ECE_385/Lab_7/lab_7_2/workspace/mb_hdmi/Debug/mb_hdmi.elf
----------------End of Script----------------

08:26:43 INFO  : Context for processor 'microblaze_0' is selected.
08:26:43 INFO  : 'con' command is executed.
08:26:43 INFO  : ----------------XSDB Script (After Launch)----------------
targets -set -nocase -filter {name =~ "*microblaze*#0" && bscan=="USER2" }
con
----------------End of Script----------------

08:26:43 INFO  : Disconnected from the channel tcfchan#3.
08:28:34 INFO  : Result from executing command 'removePlatformRepo': 
08:28:47 INFO  : Result from executing command 'getProjects': mb_usb_hdmi_top
08:28:47 INFO  : Result from executing command 'getPlatforms': 
08:28:52 INFO  : Connected to target on host '127.0.0.1' and port '3121'.
08:28:52 INFO  : Jtag cable 'RealDigital Boo 887100000006A' is selected.
08:28:52 INFO  : 'jtag frequency' command is executed.
08:28:52 INFO  : 'targets -set -filter {jtag_cable_name =~ "RealDigital Boo 887100000006A" && level==0 && jtag_device_ctx=="jsn1-0362f093-0"}' command is executed.
08:28:54 INFO  : Device configured successfully with "C:/Users/Shane/Documents/Classes/ECE_385/Lab_7/lab_7_2/workspace/mb_hdmi/_ide/bitstream/mb_usb_hdmi_top.bit"
08:28:54 INFO  : Context for processor 'microblaze_0' is selected.
08:28:54 INFO  : Hardware design and registers information is loaded from 'C:/Users/Shane/Documents/Classes/ECE_385/Lab_7/lab_7_2/workspace/mb_usb_hdmi_top/export/mb_usb_hdmi_top/hw/mb_usb_hdmi_top.xsa'.
08:28:54 INFO  : 'configparams mdm-detect-bscan-mask 2' command is executed.
08:28:54 INFO  : Context for processor 'microblaze_0' is selected.
08:28:54 INFO  : System reset is completed.
08:28:57 INFO  : 'after 3000' command is executed.
08:28:57 INFO  : Context for processor 'microblaze_0' is selected.
08:28:57 INFO  : The application 'C:/Users/Shane/Documents/Classes/ECE_385/Lab_7/lab_7_2/workspace/mb_hdmi/Debug/mb_hdmi.elf' is downloaded to processor 'microblaze_0'.
08:28:57 INFO  : ----------------XSDB Script----------------
connect -url tcp:127.0.0.1:3121
targets -set -filter {jtag_cable_name =~ "RealDigital Boo 887100000006A" && level==0 && jtag_device_ctx=="jsn1-0362f093-0"}
fpga -file C:/Users/Shane/Documents/Classes/ECE_385/Lab_7/lab_7_2/workspace/mb_hdmi/_ide/bitstream/mb_usb_hdmi_top.bit
targets -set -nocase -filter {name =~ "*microblaze*#0" && bscan=="USER2" }
loadhw -hw C:/Users/Shane/Documents/Classes/ECE_385/Lab_7/lab_7_2/workspace/mb_usb_hdmi_top/export/mb_usb_hdmi_top/hw/mb_usb_hdmi_top.xsa -regs
configparams mdm-detect-bscan-mask 2
targets -set -nocase -filter {name =~ "*microblaze*#0" && bscan=="USER2" }
rst -system
after 3000
targets -set -nocase -filter {name =~ "*microblaze*#0" && bscan=="USER2" }
dow C:/Users/Shane/Documents/Classes/ECE_385/Lab_7/lab_7_2/workspace/mb_hdmi/Debug/mb_hdmi.elf
----------------End of Script----------------

08:28:57 INFO  : Context for processor 'microblaze_0' is selected.
08:28:57 INFO  : 'con' command is executed.
08:28:57 INFO  : ----------------XSDB Script (After Launch)----------------
targets -set -nocase -filter {name =~ "*microblaze*#0" && bscan=="USER2" }
con
----------------End of Script----------------

08:28:57 INFO  : Disconnected from the channel tcfchan#6.
