Nothing to build in platform 'mb_6_1_top'

02:39:58 **** Incremental Build of configuration Debug for project mb_6_1 ****
make all 
'Building file: ../src/mb_6_1.c'
'Invoking: MicroBlaze gcc compiler'
mb-gcc -Wall -O0 -g3 -c -fmessage-length=0 -MT"src/mb_6_1.o" -IC:/Users/Orion/Documents/ece385-master/lab6/workspace_61/mb_6_1_top/export/mb_6_1_top/sw/mb_6_1_top/standalone_microblaze_0/bspinclude/include -mno-xl-reorder -mlittle-endian -mxl-barrel-shift -mxl-pattern-compare -mcpu=v11.0 -mno-xl-soft-mul -Wl,--no-relax -ffunction-sections -fdata-sections -MMD -MP -MF"src/mb_6_1.d" -MT"src/mb_6_1.o" -o "src/mb_6_1.o" "../src/mb_6_1.c"
../src/mb_6_1.c:18:36: warning: initialization of 'volatile uint32_t *' {aka 'volatile long unsigned int *'} from 'int' makes pointer from integer without a cast [-Wint-conversion]
   18 | volatile uint32_t* led_gpio_data = 0x40000000;  //Hint: either find the manual address (via the memory map in the block diagram, or
      |                                    ^~~~~~~~~~
../src/mb_6_1.c:22:35: warning: initialization of 'volatile uint32_t *' {aka 'volatile long unsigned int *'} from 'int' makes pointer from integer without a cast [-Wint-conversion]
   22 | volatile uint32_t* sw_gpio_data = 0x40010000;
      |                                   ^~~~~~~~~~
../src/mb_6_1.c:23:36: warning: initialization of 'volatile uint32_t *' {aka 'volatile long unsigned int *'} from 'int' makes pointer from integer without a cast [-Wint-conversion]
   23 | volatile uint32_t* hex_gpio_data = 0x40030000;
      |                                    ^~~~~~~~~~
../src/mb_6_1.c:24:33: warning: initialization of 'volatile uint32_t *' {aka 'volatile long unsigned int *'} from 'int' makes pointer from integer without a cast [-Wint-conversion]
   24 | volatile uint32_t* accumulate = 0x40020000;
      |                                 ^~~~~~~~~~
'Finished building: ../src/mb_6_1.c'
' '
'Building target: mb_6_1.elf'
'Invoking: MicroBlaze gcc linker'
mb-gcc -Wl,-T -Wl,../src/lscript.ld -LC:/Users/Orion/Documents/ece385-master/lab6/workspace_61/mb_6_1_top/export/mb_6_1_top/sw/mb_6_1_top/standalone_microblaze_0/bsplib/lib -mlittle-endian -mxl-barrel-shift -mxl-pattern-compare -mcpu=v11.0 -mno-xl-soft-mul -Wl,--no-relax -Wl,--gc-sections -o "mb_6_1.elf"  ./src/mb_6_1.o ./src/platform.o   -Wl,--start-group,-lxil,-lgcc,-lc,--end-group
'Finished building target: mb_6_1.elf'
' '
'Invoking: MicroBlaze Print Size'
mb-size mb_6_1.elf  |tee "mb_6_1.elf.size"
   text	   data	    bss	    dec	    hex	filename
  16488	   1372	   3172	  21032	   5228	mb_6_1.elf
'Finished building: mb_6_1.elf.size'
' '
