#-----------------------------------------------------------
# Vivado v2022.2 (64-bit)
# SW Build 3671981 on Fri Oct 14 05:00:03 MDT 2022
# IP Build 3669848 on Fri Oct 14 08:30:02 MDT 2022
# Start of session at: Tue Oct 29 19:55:27 2024
# Process ID: 30168
# Current directory: C:/Users/Orion/Documents/GitHub/ece385/lab_7
# Command line: vivado.exe -gui_launcher_event rodinguilauncherevent4684 C:\Users\Orion\Documents\GitHub\ece385\lab_7\lab_7.xpr
# Log file: C:/Users/Orion/Documents/GitHub/ece385/lab_7/vivado.log
# Journal file: C:/Users/Orion/Documents/GitHub/ece385/lab_7\vivado.jou
# Running On: DESKTOP-SK26SJD, OS: Windows, CPU Frequency: 2096 MHz, CPU Physical cores: 12, Host memory: 16473 MB
#-----------------------------------------------------------
start_gui
open_project C:/Users/Orion/Documents/GitHub/ece385/lab_7/lab_7.xpr
WARNING: [Board 49-26] cannot add Board Part xilinx.com:k26c:part0:1.2 available at C:/Xilinx/Vivado/2022.2/data/xhub/boards/XilinxBoardStore/boards/Xilinx/k26c/1.2/board.xml as part xck26-sfvc784-2lv-c specified in board_part file is either invalid or not available
WARNING: [Board 49-26] cannot add Board Part xilinx.com:k26c:part0:1.3 available at C:/Xilinx/Vivado/2022.2/data/xhub/boards/XilinxBoardStore/boards/Xilinx/k26c/1.3/board.xml as part xck26-sfvc784-2lv-c specified in board_part file is either invalid or not available
WARNING: [Board 49-26] cannot add Board Part xilinx.com:k26c:part0:1.4 available at C:/Xilinx/Vivado/2022.2/data/xhub/boards/XilinxBoardStore/boards/Xilinx/k26c/1.4/board.xml as part xck26-sfvc784-2lv-c specified in board_part file is either invalid or not available
WARNING: [Board 49-26] cannot add Board Part xilinx.com:k26i:part0:1.2 available at C:/Xilinx/Vivado/2022.2/data/xhub/boards/XilinxBoardStore/boards/Xilinx/k26i/1.2/board.xml as part xck26-sfvc784-2lvi-i specified in board_part file is either invalid or not available
WARNING: [Board 49-26] cannot add Board Part xilinx.com:k26i:part0:1.3 available at C:/Xilinx/Vivado/2022.2/data/xhub/boards/XilinxBoardStore/boards/Xilinx/k26i/1.3/board.xml as part xck26-sfvc784-2lvi-i specified in board_part file is either invalid or not available
WARNING: [Board 49-26] cannot add Board Part xilinx.com:k26i:part0:1.4 available at C:/Xilinx/Vivado/2022.2/data/xhub/boards/XilinxBoardStore/boards/Xilinx/k26i/1.4/board.xml as part xck26-sfvc784-2lvi-i specified in board_part file is either invalid or not available
WARNING: [Board 49-26] cannot add Board Part xilinx.com:kcu105:part0:1.6 available at C:/Xilinx/Vivado/2022.2/data/xhub/boards/XilinxBoardStore/boards/Xilinx/kcu105/1.6/board.xml as part xcku040-ffva1156-2-e specified in board_part file is either invalid or not available
WARNING: [Board 49-26] cannot add Board Part xilinx.com:kcu105:part0:1.7 available at C:/Xilinx/Vivado/2022.2/data/xhub/boards/XilinxBoardStore/boards/Xilinx/kcu105/1.7/board.xml as part xcku040-ffva1156-2-e specified in board_part file is either invalid or not available
WARNING: [Board 49-26] cannot add Board Part xilinx.com:kcu116:part0:1.4 available at C:/Xilinx/Vivado/2022.2/data/xhub/boards/XilinxBoardStore/boards/Xilinx/kcu116/1.4/board.xml as part xcku5p-ffvb676-2-e specified in board_part file is either invalid or not available
WARNING: [Board 49-26] cannot add Board Part xilinx.com:kcu116:part0:1.5 available at C:/Xilinx/Vivado/2022.2/data/xhub/boards/XilinxBoardStore/boards/Xilinx/kcu116/1.5/board.xml as part xcku5p-ffvb676-2-e specified in board_part file is either invalid or not available
WARNING: [Board 49-26] cannot add Board Part xilinx.com:kcu1500:part0:1.2 available at C:/Xilinx/Vivado/2022.2/data/xhub/boards/XilinxBoardStore/boards/Xilinx/kcu1500/1.2/board.xml as part xcku115-flvb2104-2-e specified in board_part file is either invalid or not available
WARNING: [Board 49-26] cannot add Board Part xilinx.com:kr260_som:part0:1.0 available at C:/Xilinx/Vivado/2022.2/data/xhub/boards/XilinxBoardStore/boards/Xilinx/kr260_som/1.0/board.xml as part xck26-sfvc784-2lv-c specified in board_part file is either invalid or not available
WARNING: [Board 49-26] cannot add Board Part xilinx.com:kr260_som:part0:1.1 available at C:/Xilinx/Vivado/2022.2/data/xhub/boards/XilinxBoardStore/boards/Xilinx/kr260_som/1.1/board.xml as part xck26-sfvc784-2lv-c specified in board_part file is either invalid or not available
WARNING: [Board 49-26] cannot add Board Part xilinx.com:kv260_som:part0:1.2 available at C:/Xilinx/Vivado/2022.2/data/xhub/boards/XilinxBoardStore/boards/Xilinx/kv260_som/1.2/board.xml as part xck26-sfvc784-2lv-c specified in board_part file is either invalid or not available
WARNING: [Board 49-26] cannot add Board Part xilinx.com:kv260_som:part0:1.3 available at C:/Xilinx/Vivado/2022.2/data/xhub/boards/XilinxBoardStore/boards/Xilinx/kv260_som/1.3/board.xml as part xck26-sfvc784-2lv-c specified in board_part file is either invalid or not available
WARNING: [Board 49-26] cannot add Board Part xilinx.com:kv260_som:part0:1.4 available at C:/Xilinx/Vivado/2022.2/data/xhub/boards/XilinxBoardStore/boards/Xilinx/kv260_som/1.4/board.xml as part xck26-sfvc784-2lv-c specified in board_part file is either invalid or not available
WARNING: [Board 49-26] cannot add Board Part xilinx.com:vck190:part0:2.2 available at C:/Xilinx/Vivado/2022.2/data/xhub/boards/XilinxBoardStore/boards/Xilinx/vck190/production/2.2/board.xml as part xcvc1902-vsva2197-2mp-e-s specified in board_part file is either invalid or not available
WARNING: [Board 49-26] cannot add Board Part xilinx.com:vck190:part0:3.0 available at C:/Xilinx/Vivado/2022.2/data/xhub/boards/XilinxBoardStore/boards/Xilinx/vck190/production/3.0/board.xml as part xcvc1902-vsva2197-2mp-e-s specified in board_part file is either invalid or not available
WARNING: [Board 49-26] cannot add Board Part xilinx.com:vck190:part0:3.1 available at C:/Xilinx/Vivado/2022.2/data/xhub/boards/XilinxBoardStore/boards/Xilinx/vck190/production/3.1/board.xml as part xcvc1902-vsva2197-2mp-e-s specified in board_part file is either invalid or not available
WARNING: [Board 49-26] cannot add Board Part xilinx.com:vck190_newl:part0:1.0 available at C:/Xilinx/Vivado/2022.2/data/xhub/boards/XilinxBoardStore/boards/Xilinx/vck190_newl/production/1.0/board.xml as part xcvc1902-vsva2197-2mp-e-s specified in board_part file is either invalid or not available
WARNING: [Board 49-26] cannot add Board Part xilinx.com:vcu108:part0:1.6 available at C:/Xilinx/Vivado/2022.2/data/xhub/boards/XilinxBoardStore/boards/Xilinx/vcu108/1.6/board.xml as part xcvu095-ffva2104-2-e specified in board_part file is either invalid or not available
WARNING: [Board 49-26] cannot add Board Part xilinx.com:vcu108:part0:1.7 available at C:/Xilinx/Vivado/2022.2/data/xhub/boards/XilinxBoardStore/boards/Xilinx/vcu108/1.7/board.xml as part xcvu095-ffva2104-2-e specified in board_part file is either invalid or not available
WARNING: [Board 49-26] cannot add Board Part xilinx.com:vcu110:part0:1.4 available at C:/Xilinx/Vivado/2022.2/data/xhub/boards/XilinxBoardStore/boards/Xilinx/vcu110/1.4/board.xml as part xcvu190-flgc2104-2-e specified in board_part file is either invalid or not available
WARNING: [Board 49-26] cannot add Board Part xilinx.com:vcu118:part0:2.0 available at C:/Xilinx/Vivado/2022.2/data/xhub/boards/XilinxBoardStore/boards/Xilinx/vcu118/2.0/board.xml as part xcvu9p-flga2104-2l-e specified in board_part file is either invalid or not available
WARNING: [Board 49-26] cannot add Board Part xilinx.com:vcu118:part0:2.3 available at C:/Xilinx/Vivado/2022.2/data/xhub/boards/XilinxBoardStore/boards/Xilinx/vcu118/2.3/board.xml as part xcvu9p-flga2104-2l-e specified in board_part file is either invalid or not available
WARNING: [Board 49-26] cannot add Board Part xilinx.com:vcu118:part0:2.4 available at C:/Xilinx/Vivado/2022.2/data/xhub/boards/XilinxBoardStore/boards/Xilinx/vcu118/2.4/board.xml as part xcvu9p-flga2104-2l-e specified in board_part file is either invalid or not available
WARNING: [Board 49-26] cannot add Board Part xilinx.com:vcu128:part0:1.0 available at C:/Xilinx/Vivado/2022.2/data/xhub/boards/XilinxBoardStore/boards/Xilinx/vcu128/production/1.0/board.xml as part xcvu37p-fsvh2892-2l-e specified in board_part file is either invalid or not available
WARNING: [Board 49-26] cannot add Board Part xilinx.com:vcu129:part0:1.0 available at C:/Xilinx/Vivado/2022.2/data/xhub/boards/XilinxBoardStore/boards/Xilinx/vcu129/production/1.0/board.xml as part xcvu29p-fsga2577-2l-e specified in board_part file is either invalid or not available
WARNING: [Board 49-26] cannot add Board Part xilinx.com:vcu1525:part0:1.3 available at C:/Xilinx/Vivado/2022.2/data/xhub/boards/XilinxBoardStore/boards/Xilinx/vcu1525/1.3/board.xml as part xcvu9p-fsgd2104-2l-e specified in board_part file is either invalid or not available
WARNING: [Board 49-26] cannot add Board Part xilinx.com:vek280_es:part0:1.0 available at C:/Xilinx/Vivado/2022.2/data/xhub/boards/XilinxBoardStore/boards/Xilinx/vek280/es/1.0/board.xml as part xcve2802-vsvh1760-2lp-e-s-es1 specified in board_part file is either invalid or not available
WARNING: [Board 49-26] cannot add Board Part xilinx.com:vermeo_t1_mpsoc:part0:1.0 available at C:/Xilinx/Vivado/2022.2/data/xhub/boards/XilinxBoardStore/boards/Xilinx/vermeo_t1_mpsoc/1.0/board.xml as part xczu19eg-ffvd1760-2l-e specified in board_part file is either invalid or not available
WARNING: [Board 49-26] cannot add Board Part xilinx.com:vermeo_t1_rfsoc:part0:1.0 available at C:/Xilinx/Vivado/2022.2/data/xhub/boards/XilinxBoardStore/boards/Xilinx/vermeo_t1_rfsoc/1.0/board.xml as part xczu21dr-ffvd1156-2l-e specified in board_part file is either invalid or not available
WARNING: [Board 49-26] cannot add Board Part xilinx.com:vhk158_es:part0:1.0 available at C:/Xilinx/Vivado/2022.2/data/xhub/boards/XilinxBoardStore/boards/Xilinx/vhk158/es/1.0/board.xml as part xcvh1582-vsva3697-2mp-e-s-es1 specified in board_part file is either invalid or not available
WARNING: [Board 49-26] cannot add Board Part xilinx.com:vmk180:part0:2.2 available at C:/Xilinx/Vivado/2022.2/data/xhub/boards/XilinxBoardStore/boards/Xilinx/vmk180/production/2.2/board.xml as part xcvm1802-vsva2197-2mp-e-s specified in board_part file is either invalid or not available
WARNING: [Board 49-26] cannot add Board Part xilinx.com:vmk180:part0:3.0 available at C:/Xilinx/Vivado/2022.2/data/xhub/boards/XilinxBoardStore/boards/Xilinx/vmk180/production/3.0/board.xml as part xcvm1802-vsva2197-2mp-e-s specified in board_part file is either invalid or not available
WARNING: [Board 49-26] cannot add Board Part xilinx.com:vmk180:part0:3.1 available at C:/Xilinx/Vivado/2022.2/data/xhub/boards/XilinxBoardStore/boards/Xilinx/vmk180/production/3.1/board.xml as part xcvm1802-vsva2197-2mp-e-s specified in board_part file is either invalid or not available
WARNING: [Board 49-26] cannot add Board Part xilinx.com:vmk180_newl:part0:1.0 available at C:/Xilinx/Vivado/2022.2/data/xhub/boards/XilinxBoardStore/boards/Xilinx/vmk180_newl/production/1.0/board.xml as part xcvm1802-vsva2197-2mp-e-s specified in board_part file is either invalid or not available
WARNING: [Board 49-26] cannot add Board Part xilinx.com:vpk120:part0:1.0 available at C:/Xilinx/Vivado/2022.2/data/xhub/boards/XilinxBoardStore/boards/Xilinx/vpk120/production/1.0/board.xml as part xcvp1202-vsva2785-2mp-e-s specified in board_part file is either invalid or not available
WARNING: [Board 49-26] cannot add Board Part xilinx.com:vpk120_es:part0:1.2 available at C:/Xilinx/Vivado/2022.2/data/xhub/boards/XilinxBoardStore/boards/Xilinx/vpk120/es/1.2/board.xml as part xcvp1202-vsva2785-2mp-e-s-es1 specified in board_part file is either invalid or not available
WARNING: [Board 49-26] cannot add Board Part xilinx.com:vpk120_es_revb:part0:1.0 available at C:/Xilinx/Vivado/2022.2/data/xhub/boards/XilinxBoardStore/boards/Xilinx/vpk120_revb/es/1.0/board.xml as part xcvp1202-vsva2785-2mp-e-s-es1 specified in board_part file is either invalid or not available
WARNING: [Board 49-26] cannot add Board Part xilinx.com:vpk180_es:part0:1.0 available at C:/Xilinx/Vivado/2022.2/data/xhub/boards/XilinxBoardStore/boards/Xilinx/vpk180/es/1.0/board.xml as part xcvp1802-lsvc4072-2mp-e-s-es1 specified in board_part file is either invalid or not available
WARNING: [Board 49-26] cannot add Board Part xilinx.com:zc702:part0:1.4 available at C:/Xilinx/Vivado/2022.2/data/xhub/boards/XilinxBoardStore/boards/Xilinx/zc702/1.4/board.xml as part xc7z020clg484-1 specified in board_part file is either invalid or not available
WARNING: [Board 49-26] cannot add Board Part xilinx.com:zc706:part0:1.4 available at C:/Xilinx/Vivado/2022.2/data/xhub/boards/XilinxBoardStore/boards/Xilinx/zc706/1.4/board.xml as part xc7z045ffg900-2 specified in board_part file is either invalid or not available
WARNING: [Board 49-26] cannot add Board Part xilinx.com:zcu102:part0:3.3 available at C:/Xilinx/Vivado/2022.2/data/xhub/boards/XilinxBoardStore/boards/Xilinx/zcu102/3.3/board.xml as part xczu9eg-ffvb1156-2-e specified in board_part file is either invalid or not available
WARNING: [Board 49-26] cannot add Board Part xilinx.com:zcu102:part0:3.4 available at C:/Xilinx/Vivado/2022.2/data/xhub/boards/XilinxBoardStore/boards/Xilinx/zcu102/3.4/board.xml as part xczu9eg-ffvb1156-2-e specified in board_part file is either invalid or not available
WARNING: [Board 49-26] cannot add Board Part xilinx.com:zcu104:part0:1.1 available at C:/Xilinx/Vivado/2022.2/data/xhub/boards/XilinxBoardStore/boards/Xilinx/zcu104/1.1/board.xml as part xczu7ev-ffvc1156-2-e specified in board_part file is either invalid or not available
WARNING: [Board 49-26] cannot add Board Part xilinx.com:zcu106:part0:2.4 available at C:/Xilinx/Vivado/2022.2/data/xhub/boards/XilinxBoardStore/boards/Xilinx/zcu106/2.4/board.xml as part xczu7ev-ffvc1156-2-e specified in board_part file is either invalid or not available
WARNING: [Board 49-26] cannot add Board Part xilinx.com:zcu106:part0:2.5 available at C:/Xilinx/Vivado/2022.2/data/xhub/boards/XilinxBoardStore/boards/Xilinx/zcu106/2.5/board.xml as part xczu7ev-ffvc1156-2-e specified in board_part file is either invalid or not available
WARNING: [Board 49-26] cannot add Board Part xilinx.com:zcu106:part0:2.6 available at C:/Xilinx/Vivado/2022.2/data/xhub/boards/XilinxBoardStore/boards/Xilinx/zcu106/2.6/board.xml as part xczu7ev-ffvc1156-2-e specified in board_part file is either invalid or not available
WARNING: [Board 49-26] cannot add Board Part xilinx.com:zcu111:part0:1.2 available at C:/Xilinx/Vivado/2022.2/data/xhub/boards/XilinxBoardStore/boards/Xilinx/zcu111/1.2/board.xml as part xczu28dr-ffvg1517-2-e specified in board_part file is either invalid or not available
WARNING: [Board 49-26] cannot add Board Part xilinx.com:zcu111:part0:1.3 available at C:/Xilinx/Vivado/2022.2/data/xhub/boards/XilinxBoardStore/boards/Xilinx/zcu111/1.3/board.xml as part xczu28dr-ffvg1517-2-e specified in board_part file is either invalid or not available
WARNING: [Board 49-26] cannot add Board Part xilinx.com:zcu111:part0:1.4 available at C:/Xilinx/Vivado/2022.2/data/xhub/boards/XilinxBoardStore/boards/Xilinx/zcu111/1.4/board.xml as part xczu28dr-ffvg1517-2-e specified in board_part file is either invalid or not available
WARNING: [Board 49-26] cannot add Board Part xilinx.com:zcu1275:part0:1.0 available at C:/Xilinx/Vivado/2022.2/data/xhub/boards/XilinxBoardStore/boards/Xilinx/zcu1275/1.0/board.xml as part xczu29dr-ffvf1760-2-e specified in board_part file is either invalid or not available
WARNING: [Board 49-26] cannot add Board Part xilinx.com:zcu1285:part0:1.0 available at C:/Xilinx/Vivado/2022.2/data/xhub/boards/XilinxBoardStore/boards/Xilinx/zcu1285/1.0/board.xml as part xczu39dr-ffvf1760-2-i specified in board_part file is either invalid or not available
WARNING: [Board 49-26] cannot add Board Part xilinx.com:zcu208:part0:2.0 available at C:/Xilinx/Vivado/2022.2/data/xhub/boards/XilinxBoardStore/boards/Xilinx/zcu208/production/2.0/board.xml as part xczu48dr-fsvg1517-2-e specified in board_part file is either invalid or not available
WARNING: [Board 49-26] cannot add Board Part xilinx.com:zcu208ld:part0:2.0 available at C:/Xilinx/Vivado/2022.2/data/xhub/boards/XilinxBoardStore/boards/Xilinx/zcu208ld/production/2.0/board.xml as part xczu58dr-fsvg1517-2-i specified in board_part file is either invalid or not available
WARNING: [Board 49-26] cannot add Board Part xilinx.com:zcu216:part0:2.0 available at C:/Xilinx/Vivado/2022.2/data/xhub/boards/XilinxBoardStore/boards/Xilinx/zcu216/production/2.0/board.xml as part xczu49dr-ffvf1760-2-e specified in board_part file is either invalid or not available
WARNING: [Board 49-26] cannot add Board Part xilinx.com:zcu216ld:part0:2.0 available at C:/Xilinx/Vivado/2022.2/data/xhub/boards/XilinxBoardStore/boards/Xilinx/zcu216ld/production/2.0/board.xml as part xczu59dr-ffvf1760-2-i specified in board_part file is either invalid or not available
WARNING: [Board 49-26] cannot add Board Part xilinx.com:zcu670:part0:2.0 available at C:/Xilinx/Vivado/2022.2/data/xhub/boards/XilinxBoardStore/boards/Xilinx/zcu670/2.0/board.xml as part xczu67dr-fsve1156-2-i specified in board_part file is either invalid or not available
WARNING: [Board 49-26] cannot add Board Part xilinx.com:zcu670ld:part0:1.0 available at C:/Xilinx/Vivado/2022.2/data/xhub/boards/XilinxBoardStore/boards/Xilinx/zcu670ld/1.0/board.xml as part xczu57dr-fsve1156-2-i specified in board_part file is either invalid or not available
Scanning sources...
Finished scanning sources
INFO: [IP_Flow 19-234] Refreshing IP repositories
INFO: [IP_Flow 19-1700] Loaded user IP repository 'c:/Users/Orion/Documents/GitHub/ece385/lab_7/ip_repo/hdmi_text_controller_1_0'.
INFO: [IP_Flow 19-1700] Loaded user IP repository 'c:/Users/Orion/Documents/GitHub/ece385/lab_7/hdmi_tx_1.0'.
INFO: [IP_Flow 19-2313] Loaded Vivado IP repository 'C:/Xilinx/Vivado/2022.2/data/ip'.
WARNING: [IP_Flow 19-3664] IP 'mb_block_i_hdmi_text_controller_0_0' generated file not found 'c:/Users/Orion/Documents/GitHub/ece385/lab_7/lab_7.gen/sources_1/bd/mb_block_i/ip/mb_block_i_hdmi_text_controller_0_0/mb_block_i_hdmi_text_controller_0_0.dcp'. Please regenerate to continue.
WARNING: [IP_Flow 19-3664] IP 'mb_block_i_hdmi_text_controller_0_0' generated file not found 'c:/Users/Orion/Documents/GitHub/ece385/lab_7/lab_7.gen/sources_1/bd/mb_block_i/ip/mb_block_i_hdmi_text_controller_0_0/mb_block_i_hdmi_text_controller_0_0_stub.v'. Please regenerate to continue.
WARNING: [IP_Flow 19-3664] IP 'mb_block_i_hdmi_text_controller_0_0' generated file not found 'c:/Users/Orion/Documents/GitHub/ece385/lab_7/lab_7.gen/sources_1/bd/mb_block_i/ip/mb_block_i_hdmi_text_controller_0_0/mb_block_i_hdmi_text_controller_0_0_stub.vhdl'. Please regenerate to continue.
WARNING: [IP_Flow 19-3664] IP 'mb_block_i_hdmi_text_controller_0_0' generated file not found 'c:/Users/Orion/Documents/GitHub/ece385/lab_7/lab_7.gen/sources_1/bd/mb_block_i/ip/mb_block_i_hdmi_text_controller_0_0/mb_block_i_hdmi_text_controller_0_0_sim_netlist.v'. Please regenerate to continue.
WARNING: [IP_Flow 19-3664] IP 'mb_block_i_hdmi_text_controller_0_0' generated file not found 'c:/Users/Orion/Documents/GitHub/ece385/lab_7/lab_7.gen/sources_1/bd/mb_block_i/ip/mb_block_i_hdmi_text_controller_0_0/mb_block_i_hdmi_text_controller_0_0_sim_netlist.vhdl'. Please regenerate to continue.
open_project: Time (s): cpu = 00:00:50 ; elapsed = 00:00:34 . Memory (MB): peak = 1166.566 ; gain = 349.906
open_bd_design {C:/Users/Orion/Documents/GitHub/ece385/lab_7/lab_7.srcs/sources_1/bd/mb_block/mb_block_i.bd}
Reading block design file <C:/Users/Orion/Documents/GitHub/ece385/lab_7/lab_7.srcs/sources_1/bd/mb_block/mb_block_i.bd>...
Adding component instance block -- xilinx.com:ip:microblaze:11.0 - microblaze_0
Adding component instance block -- xilinx.com:ip:lmb_v10:3.0 - dlmb_v10
Adding component instance block -- xilinx.com:ip:lmb_v10:3.0 - ilmb_v10
Adding component instance block -- xilinx.com:ip:lmb_bram_if_cntlr:4.0 - dlmb_bram_if_cntlr
Adding component instance block -- xilinx.com:ip:lmb_bram_if_cntlr:4.0 - ilmb_bram_if_cntlr
Adding component instance block -- xilinx.com:ip:blk_mem_gen:8.4 - lmb_bram
Adding component instance block -- xilinx.com:ip:axi_interconnect:2.1 - microblaze_0_axi_periph
Adding component instance block -- xilinx.com:ip:axi_crossbar:2.1 - xbar
Adding component instance block -- xilinx.com:ip:axi_intc:4.1 - microblaze_0_axi_intc
Adding component instance block -- xilinx.com:ip:mdm:3.2 - mdm_1
Adding component instance block -- xilinx.com:ip:clk_wiz:6.0 - clk_wiz_1
Adding component instance block -- xilinx.com:ip:proc_sys_reset:5.0 - rst_clk_wiz_1_100M
Adding component instance block -- xilinx.com:ip:axi_uartlite:2.0 - axi_uartlite_0
Adding component instance block -- xilinx.com:user:hdmi_text_controller:1.0 - hdmi_text_controller_0
Successfully read diagram <mb_block_i> from block design file <C:/Users/Orion/Documents/GitHub/ece385/lab_7/lab_7.srcs/sources_1/bd/mb_block/mb_block_i.bd>
open_bd_design: Time (s): cpu = 00:00:10 ; elapsed = 00:00:07 . Memory (MB): peak = 1234.707 ; gain = 26.797
ipx::edit_ip_in_project -upgrade true -name hdmi_text_controller_v1_0_project -directory C:/Users/Orion/Documents/GitHub/ece385/lab_7/lab_7.tmp/hdmi_text_controller_v1_0_project c:/Users/Orion/Documents/GitHub/ece385/lab_7/ip_repo/hdmi_text_controller_1_0/component.xml
INFO: [ProjectBase 1-489] The host OS only allows 260 characters in a normal path. The project is stored in a path with more than 80 characters. If you experience issues with IP, Block Designs, or files not being found, please consider moving the project to a location with a shorter path. Alternately consider using the OS subst command to map part of the path to a drive letter.
Current project path is 'c:/users/orion/documents/github/ece385/lab_7/lab_7.tmp/hdmi_text_controller_v1_0_project'
INFO: [IP_Flow 19-234] Refreshing IP repositories
INFO: [IP_Flow 19-1704] No user IP repositories specified
INFO: [IP_Flow 19-2313] Loaded Vivado IP repository 'C:/Xilinx/Vivado/2022.2/data/ip'.
WARNING: [Board 49-26] cannot add Board Part xilinx.com:k26c:part0:1.2 available at C:/Xilinx/Vivado/2022.2/data/xhub/boards/XilinxBoardStore/boards/Xilinx/k26c/1.2/board.xml as part xck26-sfvc784-2lv-c specified in board_part file is either invalid or not available
WARNING: [Board 49-26] cannot add Board Part xilinx.com:k26c:part0:1.3 available at C:/Xilinx/Vivado/2022.2/data/xhub/boards/XilinxBoardStore/boards/Xilinx/k26c/1.3/board.xml as part xck26-sfvc784-2lv-c specified in board_part file is either invalid or not available
WARNING: [Board 49-26] cannot add Board Part xilinx.com:k26c:part0:1.4 available at C:/Xilinx/Vivado/2022.2/data/xhub/boards/XilinxBoardStore/boards/Xilinx/k26c/1.4/board.xml as part xck26-sfvc784-2lv-c specified in board_part file is either invalid or not available
WARNING: [Board 49-26] cannot add Board Part xilinx.com:k26i:part0:1.2 available at C:/Xilinx/Vivado/2022.2/data/xhub/boards/XilinxBoardStore/boards/Xilinx/k26i/1.2/board.xml as part xck26-sfvc784-2lvi-i specified in board_part file is either invalid or not available
WARNING: [Board 49-26] cannot add Board Part xilinx.com:k26i:part0:1.3 available at C:/Xilinx/Vivado/2022.2/data/xhub/boards/XilinxBoardStore/boards/Xilinx/k26i/1.3/board.xml as part xck26-sfvc784-2lvi-i specified in board_part file is either invalid or not available
WARNING: [Board 49-26] cannot add Board Part xilinx.com:k26i:part0:1.4 available at C:/Xilinx/Vivado/2022.2/data/xhub/boards/XilinxBoardStore/boards/Xilinx/k26i/1.4/board.xml as part xck26-sfvc784-2lvi-i specified in board_part file is either invalid or not available
WARNING: [Board 49-26] cannot add Board Part xilinx.com:kcu105:part0:1.6 available at C:/Xilinx/Vivado/2022.2/data/xhub/boards/XilinxBoardStore/boards/Xilinx/kcu105/1.6/board.xml as part xcku040-ffva1156-2-e specified in board_part file is either invalid or not available
WARNING: [Board 49-26] cannot add Board Part xilinx.com:kcu105:part0:1.7 available at C:/Xilinx/Vivado/2022.2/data/xhub/boards/XilinxBoardStore/boards/Xilinx/kcu105/1.7/board.xml as part xcku040-ffva1156-2-e specified in board_part file is either invalid or not available
WARNING: [Board 49-26] cannot add Board Part xilinx.com:kcu116:part0:1.4 available at C:/Xilinx/Vivado/2022.2/data/xhub/boards/XilinxBoardStore/boards/Xilinx/kcu116/1.4/board.xml as part xcku5p-ffvb676-2-e specified in board_part file is either invalid or not available
WARNING: [Board 49-26] cannot add Board Part xilinx.com:kcu116:part0:1.5 available at C:/Xilinx/Vivado/2022.2/data/xhub/boards/XilinxBoardStore/boards/Xilinx/kcu116/1.5/board.xml as part xcku5p-ffvb676-2-e specified in board_part file is either invalid or not available
WARNING: [Board 49-26] cannot add Board Part xilinx.com:kcu1500:part0:1.2 available at C:/Xilinx/Vivado/2022.2/data/xhub/boards/XilinxBoardStore/boards/Xilinx/kcu1500/1.2/board.xml as part xcku115-flvb2104-2-e specified in board_part file is either invalid or not available
WARNING: [Board 49-26] cannot add Board Part xilinx.com:kr260_som:part0:1.0 available at C:/Xilinx/Vivado/2022.2/data/xhub/boards/XilinxBoardStore/boards/Xilinx/kr260_som/1.0/board.xml as part xck26-sfvc784-2lv-c specified in board_part file is either invalid or not available
WARNING: [Board 49-26] cannot add Board Part xilinx.com:kr260_som:part0:1.1 available at C:/Xilinx/Vivado/2022.2/data/xhub/boards/XilinxBoardStore/boards/Xilinx/kr260_som/1.1/board.xml as part xck26-sfvc784-2lv-c specified in board_part file is either invalid or not available
WARNING: [Board 49-26] cannot add Board Part xilinx.com:kv260_som:part0:1.2 available at C:/Xilinx/Vivado/2022.2/data/xhub/boards/XilinxBoardStore/boards/Xilinx/kv260_som/1.2/board.xml as part xck26-sfvc784-2lv-c specified in board_part file is either invalid or not available
WARNING: [Board 49-26] cannot add Board Part xilinx.com:kv260_som:part0:1.3 available at C:/Xilinx/Vivado/2022.2/data/xhub/boards/XilinxBoardStore/boards/Xilinx/kv260_som/1.3/board.xml as part xck26-sfvc784-2lv-c specified in board_part file is either invalid or not available
WARNING: [Board 49-26] cannot add Board Part xilinx.com:kv260_som:part0:1.4 available at C:/Xilinx/Vivado/2022.2/data/xhub/boards/XilinxBoardStore/boards/Xilinx/kv260_som/1.4/board.xml as part xck26-sfvc784-2lv-c specified in board_part file is either invalid or not available
WARNING: [Board 49-26] cannot add Board Part xilinx.com:vck190:part0:2.2 available at C:/Xilinx/Vivado/2022.2/data/xhub/boards/XilinxBoardStore/boards/Xilinx/vck190/production/2.2/board.xml as part xcvc1902-vsva2197-2mp-e-s specified in board_part file is either invalid or not available
WARNING: [Board 49-26] cannot add Board Part xilinx.com:vck190:part0:3.0 available at C:/Xilinx/Vivado/2022.2/data/xhub/boards/XilinxBoardStore/boards/Xilinx/vck190/production/3.0/board.xml as part xcvc1902-vsva2197-2mp-e-s specified in board_part file is either invalid or not available
WARNING: [Board 49-26] cannot add Board Part xilinx.com:vck190:part0:3.1 available at C:/Xilinx/Vivado/2022.2/data/xhub/boards/XilinxBoardStore/boards/Xilinx/vck190/production/3.1/board.xml as part xcvc1902-vsva2197-2mp-e-s specified in board_part file is either invalid or not available
WARNING: [Board 49-26] cannot add Board Part xilinx.com:vck190_newl:part0:1.0 available at C:/Xilinx/Vivado/2022.2/data/xhub/boards/XilinxBoardStore/boards/Xilinx/vck190_newl/production/1.0/board.xml as part xcvc1902-vsva2197-2mp-e-s specified in board_part file is either invalid or not available
WARNING: [Board 49-26] cannot add Board Part xilinx.com:vcu108:part0:1.6 available at C:/Xilinx/Vivado/2022.2/data/xhub/boards/XilinxBoardStore/boards/Xilinx/vcu108/1.6/board.xml as part xcvu095-ffva2104-2-e specified in board_part file is either invalid or not available
WARNING: [Board 49-26] cannot add Board Part xilinx.com:vcu108:part0:1.7 available at C:/Xilinx/Vivado/2022.2/data/xhub/boards/XilinxBoardStore/boards/Xilinx/vcu108/1.7/board.xml as part xcvu095-ffva2104-2-e specified in board_part file is either invalid or not available
WARNING: [Board 49-26] cannot add Board Part xilinx.com:vcu110:part0:1.4 available at C:/Xilinx/Vivado/2022.2/data/xhub/boards/XilinxBoardStore/boards/Xilinx/vcu110/1.4/board.xml as part xcvu190-flgc2104-2-e specified in board_part file is either invalid or not available
WARNING: [Board 49-26] cannot add Board Part xilinx.com:vcu118:part0:2.0 available at C:/Xilinx/Vivado/2022.2/data/xhub/boards/XilinxBoardStore/boards/Xilinx/vcu118/2.0/board.xml as part xcvu9p-flga2104-2l-e specified in board_part file is either invalid or not available
WARNING: [Board 49-26] cannot add Board Part xilinx.com:vcu118:part0:2.3 available at C:/Xilinx/Vivado/2022.2/data/xhub/boards/XilinxBoardStore/boards/Xilinx/vcu118/2.3/board.xml as part xcvu9p-flga2104-2l-e specified in board_part file is either invalid or not available
WARNING: [Board 49-26] cannot add Board Part xilinx.com:vcu118:part0:2.4 available at C:/Xilinx/Vivado/2022.2/data/xhub/boards/XilinxBoardStore/boards/Xilinx/vcu118/2.4/board.xml as part xcvu9p-flga2104-2l-e specified in board_part file is either invalid or not available
WARNING: [Board 49-26] cannot add Board Part xilinx.com:vcu128:part0:1.0 available at C:/Xilinx/Vivado/2022.2/data/xhub/boards/XilinxBoardStore/boards/Xilinx/vcu128/production/1.0/board.xml as part xcvu37p-fsvh2892-2l-e specified in board_part file is either invalid or not available
WARNING: [Board 49-26] cannot add Board Part xilinx.com:vcu129:part0:1.0 available at C:/Xilinx/Vivado/2022.2/data/xhub/boards/XilinxBoardStore/boards/Xilinx/vcu129/production/1.0/board.xml as part xcvu29p-fsga2577-2l-e specified in board_part file is either invalid or not available
WARNING: [Board 49-26] cannot add Board Part xilinx.com:vcu1525:part0:1.3 available at C:/Xilinx/Vivado/2022.2/data/xhub/boards/XilinxBoardStore/boards/Xilinx/vcu1525/1.3/board.xml as part xcvu9p-fsgd2104-2l-e specified in board_part file is either invalid or not available
WARNING: [Board 49-26] cannot add Board Part xilinx.com:vek280_es:part0:1.0 available at C:/Xilinx/Vivado/2022.2/data/xhub/boards/XilinxBoardStore/boards/Xilinx/vek280/es/1.0/board.xml as part xcve2802-vsvh1760-2lp-e-s-es1 specified in board_part file is either invalid or not available
WARNING: [Board 49-26] cannot add Board Part xilinx.com:vermeo_t1_mpsoc:part0:1.0 available at C:/Xilinx/Vivado/2022.2/data/xhub/boards/XilinxBoardStore/boards/Xilinx/vermeo_t1_mpsoc/1.0/board.xml as part xczu19eg-ffvd1760-2l-e specified in board_part file is either invalid or not available
WARNING: [Board 49-26] cannot add Board Part xilinx.com:vermeo_t1_rfsoc:part0:1.0 available at C:/Xilinx/Vivado/2022.2/data/xhub/boards/XilinxBoardStore/boards/Xilinx/vermeo_t1_rfsoc/1.0/board.xml as part xczu21dr-ffvd1156-2l-e specified in board_part file is either invalid or not available
WARNING: [Board 49-26] cannot add Board Part xilinx.com:vhk158_es:part0:1.0 available at C:/Xilinx/Vivado/2022.2/data/xhub/boards/XilinxBoardStore/boards/Xilinx/vhk158/es/1.0/board.xml as part xcvh1582-vsva3697-2mp-e-s-es1 specified in board_part file is either invalid or not available
WARNING: [Board 49-26] cannot add Board Part xilinx.com:vmk180:part0:2.2 available at C:/Xilinx/Vivado/2022.2/data/xhub/boards/XilinxBoardStore/boards/Xilinx/vmk180/production/2.2/board.xml as part xcvm1802-vsva2197-2mp-e-s specified in board_part file is either invalid or not available
WARNING: [Board 49-26] cannot add Board Part xilinx.com:vmk180:part0:3.0 available at C:/Xilinx/Vivado/2022.2/data/xhub/boards/XilinxBoardStore/boards/Xilinx/vmk180/production/3.0/board.xml as part xcvm1802-vsva2197-2mp-e-s specified in board_part file is either invalid or not available
WARNING: [Board 49-26] cannot add Board Part xilinx.com:vmk180:part0:3.1 available at C:/Xilinx/Vivado/2022.2/data/xhub/boards/XilinxBoardStore/boards/Xilinx/vmk180/production/3.1/board.xml as part xcvm1802-vsva2197-2mp-e-s specified in board_part file is either invalid or not available
WARNING: [Board 49-26] cannot add Board Part xilinx.com:vmk180_newl:part0:1.0 available at C:/Xilinx/Vivado/2022.2/data/xhub/boards/XilinxBoardStore/boards/Xilinx/vmk180_newl/production/1.0/board.xml as part xcvm1802-vsva2197-2mp-e-s specified in board_part file is either invalid or not available
WARNING: [Board 49-26] cannot add Board Part xilinx.com:vpk120:part0:1.0 available at C:/Xilinx/Vivado/2022.2/data/xhub/boards/XilinxBoardStore/boards/Xilinx/vpk120/production/1.0/board.xml as part xcvp1202-vsva2785-2mp-e-s specified in board_part file is either invalid or not available
WARNING: [Board 49-26] cannot add Board Part xilinx.com:vpk120_es:part0:1.2 available at C:/Xilinx/Vivado/2022.2/data/xhub/boards/XilinxBoardStore/boards/Xilinx/vpk120/es/1.2/board.xml as part xcvp1202-vsva2785-2mp-e-s-es1 specified in board_part file is either invalid or not available
WARNING: [Board 49-26] cannot add Board Part xilinx.com:vpk120_es_revb:part0:1.0 available at C:/Xilinx/Vivado/2022.2/data/xhub/boards/XilinxBoardStore/boards/Xilinx/vpk120_revb/es/1.0/board.xml as part xcvp1202-vsva2785-2mp-e-s-es1 specified in board_part file is either invalid or not available
WARNING: [Board 49-26] cannot add Board Part xilinx.com:vpk180_es:part0:1.0 available at C:/Xilinx/Vivado/2022.2/data/xhub/boards/XilinxBoardStore/boards/Xilinx/vpk180/es/1.0/board.xml as part xcvp1802-lsvc4072-2mp-e-s-es1 specified in board_part file is either invalid or not available
WARNING: [Board 49-26] cannot add Board Part xilinx.com:zc702:part0:1.4 available at C:/Xilinx/Vivado/2022.2/data/xhub/boards/XilinxBoardStore/boards/Xilinx/zc702/1.4/board.xml as part xc7z020clg484-1 specified in board_part file is either invalid or not available
WARNING: [Board 49-26] cannot add Board Part xilinx.com:zc706:part0:1.4 available at C:/Xilinx/Vivado/2022.2/data/xhub/boards/XilinxBoardStore/boards/Xilinx/zc706/1.4/board.xml as part xc7z045ffg900-2 specified in board_part file is either invalid or not available
WARNING: [Board 49-26] cannot add Board Part xilinx.com:zcu102:part0:3.3 available at C:/Xilinx/Vivado/2022.2/data/xhub/boards/XilinxBoardStore/boards/Xilinx/zcu102/3.3/board.xml as part xczu9eg-ffvb1156-2-e specified in board_part file is either invalid or not available
WARNING: [Board 49-26] cannot add Board Part xilinx.com:zcu102:part0:3.4 available at C:/Xilinx/Vivado/2022.2/data/xhub/boards/XilinxBoardStore/boards/Xilinx/zcu102/3.4/board.xml as part xczu9eg-ffvb1156-2-e specified in board_part file is either invalid or not available
WARNING: [Board 49-26] cannot add Board Part xilinx.com:zcu104:part0:1.1 available at C:/Xilinx/Vivado/2022.2/data/xhub/boards/XilinxBoardStore/boards/Xilinx/zcu104/1.1/board.xml as part xczu7ev-ffvc1156-2-e specified in board_part file is either invalid or not available
WARNING: [Board 49-26] cannot add Board Part xilinx.com:zcu106:part0:2.4 available at C:/Xilinx/Vivado/2022.2/data/xhub/boards/XilinxBoardStore/boards/Xilinx/zcu106/2.4/board.xml as part xczu7ev-ffvc1156-2-e specified in board_part file is either invalid or not available
WARNING: [Board 49-26] cannot add Board Part xilinx.com:zcu106:part0:2.5 available at C:/Xilinx/Vivado/2022.2/data/xhub/boards/XilinxBoardStore/boards/Xilinx/zcu106/2.5/board.xml as part xczu7ev-ffvc1156-2-e specified in board_part file is either invalid or not available
WARNING: [Board 49-26] cannot add Board Part xilinx.com:zcu106:part0:2.6 available at C:/Xilinx/Vivado/2022.2/data/xhub/boards/XilinxBoardStore/boards/Xilinx/zcu106/2.6/board.xml as part xczu7ev-ffvc1156-2-e specified in board_part file is either invalid or not available
WARNING: [Board 49-26] cannot add Board Part xilinx.com:zcu111:part0:1.2 available at C:/Xilinx/Vivado/2022.2/data/xhub/boards/XilinxBoardStore/boards/Xilinx/zcu111/1.2/board.xml as part xczu28dr-ffvg1517-2-e specified in board_part file is either invalid or not available
WARNING: [Board 49-26] cannot add Board Part xilinx.com:zcu111:part0:1.3 available at C:/Xilinx/Vivado/2022.2/data/xhub/boards/XilinxBoardStore/boards/Xilinx/zcu111/1.3/board.xml as part xczu28dr-ffvg1517-2-e specified in board_part file is either invalid or not available
WARNING: [Board 49-26] cannot add Board Part xilinx.com:zcu111:part0:1.4 available at C:/Xilinx/Vivado/2022.2/data/xhub/boards/XilinxBoardStore/boards/Xilinx/zcu111/1.4/board.xml as part xczu28dr-ffvg1517-2-e specified in board_part file is either invalid or not available
WARNING: [Board 49-26] cannot add Board Part xilinx.com:zcu1275:part0:1.0 available at C:/Xilinx/Vivado/2022.2/data/xhub/boards/XilinxBoardStore/boards/Xilinx/zcu1275/1.0/board.xml as part xczu29dr-ffvf1760-2-e specified in board_part file is either invalid or not available
WARNING: [Board 49-26] cannot add Board Part xilinx.com:zcu1285:part0:1.0 available at C:/Xilinx/Vivado/2022.2/data/xhub/boards/XilinxBoardStore/boards/Xilinx/zcu1285/1.0/board.xml as part xczu39dr-ffvf1760-2-i specified in board_part file is either invalid or not available
WARNING: [Board 49-26] cannot add Board Part xilinx.com:zcu208:part0:2.0 available at C:/Xilinx/Vivado/2022.2/data/xhub/boards/XilinxBoardStore/boards/Xilinx/zcu208/production/2.0/board.xml as part xczu48dr-fsvg1517-2-e specified in board_part file is either invalid or not available
WARNING: [Board 49-26] cannot add Board Part xilinx.com:zcu208ld:part0:2.0 available at C:/Xilinx/Vivado/2022.2/data/xhub/boards/XilinxBoardStore/boards/Xilinx/zcu208ld/production/2.0/board.xml as part xczu58dr-fsvg1517-2-i specified in board_part file is either invalid or not available
WARNING: [Board 49-26] cannot add Board Part xilinx.com:zcu216:part0:2.0 available at C:/Xilinx/Vivado/2022.2/data/xhub/boards/XilinxBoardStore/boards/Xilinx/zcu216/production/2.0/board.xml as part xczu49dr-ffvf1760-2-e specified in board_part file is either invalid or not available
WARNING: [Board 49-26] cannot add Board Part xilinx.com:zcu216ld:part0:2.0 available at C:/Xilinx/Vivado/2022.2/data/xhub/boards/XilinxBoardStore/boards/Xilinx/zcu216ld/production/2.0/board.xml as part xczu59dr-ffvf1760-2-i specified in board_part file is either invalid or not available
WARNING: [Board 49-26] cannot add Board Part xilinx.com:zcu670:part0:2.0 available at C:/Xilinx/Vivado/2022.2/data/xhub/boards/XilinxBoardStore/boards/Xilinx/zcu670/2.0/board.xml as part xczu67dr-fsve1156-2-i specified in board_part file is either invalid or not available
WARNING: [Board 49-26] cannot add Board Part xilinx.com:zcu670ld:part0:1.0 available at C:/Xilinx/Vivado/2022.2/data/xhub/boards/XilinxBoardStore/boards/Xilinx/zcu670ld/1.0/board.xml as part xczu57dr-fsve1156-2-i specified in board_part file is either invalid or not available
create_project: Time (s): cpu = 00:00:05 ; elapsed = 00:00:05 . Memory (MB): peak = 1381.340 ; gain = 52.285
INFO: [IP_Flow 19-234] Refreshing IP repositories
INFO: [IP_Flow 19-1700] Loaded user IP repository 'c:/Users/Orion/Documents/GitHub/ece385/lab_7/ip_repo/hdmi_text_controller_1_0'.
INFO: [IP_Flow 19-1700] Loaded user IP repository 'c:/Users/Orion/Documents/GitHub/ece385/lab_7/hdmi_tx_1.0'.
INFO: [IP_Flow 19-795] Syncing license key meta-data
ipx::edit_ip_in_project: Time (s): cpu = 00:00:24 ; elapsed = 00:00:19 . Memory (MB): peak = 1473.133 ; gain = 144.078
update_compile_order -fileset sim_1
update_compile_order -fileset sources_1
set_property source_mgmt_mode DisplayOnly [current_project]
current_project lab_7
current_project hdmi_text_controller_v1_0_project
ipx::remove_file src/hdmi_tx_0/hdmi_tx_0.xci [ipx::get_file_groups xilinx_verilogsynthesis -of_objects [ipx::current_core]]
ipx::remove_file src/clk_wiz_0/clk_wiz_0.xci [ipx::get_file_groups xilinx_verilogsynthesis -of_objects [ipx::current_core]]
export_ip_user_files -of_objects  [get_files c:/Users/Orion/Documents/GitHub/ece385/lab_7/ip_repo/hdmi_text_controller_1_0/src/clk_wiz_0/clk_wiz_0.xci] -no_script -reset -force -quiet
remove_files  c:/Users/Orion/Documents/GitHub/ece385/lab_7/ip_repo/hdmi_text_controller_1_0/src/clk_wiz_0/clk_wiz_0.xci
export_ip_user_files -of_objects  [get_files c:/Users/Orion/Documents/GitHub/ece385/lab_7/ip_repo/hdmi_text_controller_1_0/src/hdmi_tx_0/hdmi_tx_0.xci] -no_script -reset -force -quiet
remove_files  c:/Users/Orion/Documents/GitHub/ece385/lab_7/ip_repo/hdmi_text_controller_1_0/src/hdmi_tx_0/hdmi_tx_0.xci
remove_files: Time (s): cpu = 00:00:11 ; elapsed = 00:00:09 . Memory (MB): peak = 1534.035 ; gain = 0.000
create_ip -name clk_wiz -vendor xilinx.com -library ip -version 6.0 -module_name clk_wiz_0 -dir c:/Users/Orion/Documents/GitHub/ece385/lab_7/ip_repo/hdmi_text_controller_1_0/src
set_property -dict [list \
  CONFIG.CLKOUT1_JITTER {175.402} \
  CONFIG.CLKOUT1_REQUESTED_OUT_FREQ {25} \
  CONFIG.CLKOUT2_JITTER {125.247} \
  CONFIG.CLKOUT2_PHASE_ERROR {98.575} \
  CONFIG.CLKOUT2_REQUESTED_OUT_FREQ {125} \
  CONFIG.CLKOUT2_USED {true} \
  CONFIG.MMCM_CLKOUT0_DIVIDE_F {40.000} \
  CONFIG.MMCM_CLKOUT1_DIVIDE {8} \
  CONFIG.NUM_OUT_CLKS {2} \
] [get_ips clk_wiz_0]
generate_target {instantiation_template} [get_files c:/Users/Orion/Documents/GitHub/ece385/lab_7/ip_repo/hdmi_text_controller_1_0/src/clk_wiz_0_1/clk_wiz_0.xci]
INFO: [IP_Flow 19-1686] Generating 'Instantiation Template' target for IP 'clk_wiz_0'...
set_property generate_synth_checkpoint false [get_files  c:/Users/Orion/Documents/GitHub/ece385/lab_7/ip_repo/hdmi_text_controller_1_0/src/clk_wiz_0_1/clk_wiz_0.xci]
generate_target all [get_files  c:/Users/Orion/Documents/GitHub/ece385/lab_7/ip_repo/hdmi_text_controller_1_0/src/clk_wiz_0_1/clk_wiz_0.xci]
INFO: [IP_Flow 19-1686] Generating 'Instantiation Template' target for IP 'clk_wiz_0'...
INFO: [IP_Flow 19-1686] Generating 'Synthesis' target for IP 'clk_wiz_0'...
INFO: [IP_Flow 19-1686] Generating 'Simulation' target for IP 'clk_wiz_0'...
INFO: [IP_Flow 19-1686] Generating 'Implementation' target for IP 'clk_wiz_0'...
INFO: [IP_Flow 19-1686] Generating 'Change Log' target for IP 'clk_wiz_0'...
export_ip_user_files -of_objects [get_files c:/Users/Orion/Documents/GitHub/ece385/lab_7/ip_repo/hdmi_text_controller_1_0/src/clk_wiz_0_1/clk_wiz_0.xci] -no_script -sync -force -quiet
export_simulation -of_objects [get_files c:/Users/Orion/Documents/GitHub/ece385/lab_7/ip_repo/hdmi_text_controller_1_0/src/clk_wiz_0_1/clk_wiz_0.xci] -directory c:/users/orion/documents/github/ece385/lab_7/lab_7.tmp/hdmi_text_controller_v1_0_project/hdmi_text_controller_v1_0_project.ip_user_files/sim_scripts -ip_user_files_dir c:/users/orion/documents/github/ece385/lab_7/lab_7.tmp/hdmi_text_controller_v1_0_project/hdmi_text_controller_v1_0_project.ip_user_files -ipstatic_source_dir c:/users/orion/documents/github/ece385/lab_7/lab_7.tmp/hdmi_text_controller_v1_0_project/hdmi_text_controller_v1_0_project.ip_user_files/ipstatic -lib_map_path [list {modelsim=c:/users/orion/documents/github/ece385/lab_7/lab_7.tmp/hdmi_text_controller_v1_0_project/hdmi_text_controller_v1_0_project.cache/compile_simlib/modelsim} {questa=c:/users/orion/documents/github/ece385/lab_7/lab_7.tmp/hdmi_text_controller_v1_0_project/hdmi_text_controller_v1_0_project.cache/compile_simlib/questa} {riviera=c:/users/orion/documents/github/ece385/lab_7/lab_7.tmp/hdmi_text_controller_v1_0_project/hdmi_text_controller_v1_0_project.cache/compile_simlib/riviera} {activehdl=c:/users/orion/documents/github/ece385/lab_7/lab_7.tmp/hdmi_text_controller_v1_0_project/hdmi_text_controller_v1_0_project.cache/compile_simlib/activehdl}] -use_ip_compiled_libs -force -quiet
current_project lab_7
current_project hdmi_text_controller_v1_0_project
set_property  ip_repo_paths  c:/Users/Orion/Documents/GitHub/ece385/lab_7/ip_repo/hdmi_text_controller_1_0 [current_project]
update_ip_catalog
INFO: [IP_Flow 19-234] Refreshing IP repositories
INFO: [IP_Flow 19-1700] Loaded user IP repository 'c:/Users/Orion/Documents/GitHub/ece385/lab_7/ip_repo/hdmi_text_controller_1_0'.
set_property  ip_repo_paths  {c:/Users/Orion/Documents/GitHub/ece385/lab_7/ip_repo/hdmi_text_controller_1_0 C:/Users/Orion/Documents/GitHub/ece385/lab_7/hdmi_tx_1.0} [current_project]
update_ip_catalog
INFO: [IP_Flow 19-234] Refreshing IP repositories
INFO: [IP_Flow 19-1700] Loaded user IP repository 'c:/Users/Orion/Documents/GitHub/ece385/lab_7/ip_repo/hdmi_text_controller_1_0'.
INFO: [IP_Flow 19-1700] Loaded user IP repository 'c:/Users/Orion/Documents/GitHub/ece385/lab_7/hdmi_tx_1.0'.
create_ip -name hdmi_tx -vendor realdigital.org -library realdigital -version 1.0 -module_name hdmi_tx_0 -dir c:/Users/Orion/Documents/GitHub/ece385/lab_7/ip_repo/hdmi_text_controller_1_0/src
set_property -dict [list \
  CONFIG.C_BLUE_WIDTH {4} \
  CONFIG.C_GREEN_WIDTH {4} \
  CONFIG.C_RED_WIDTH {4} \
  CONFIG.MODE {HDMI} \
] [get_ips hdmi_tx_0]
generate_target {instantiation_template} [get_files c:/Users/Orion/Documents/GitHub/ece385/lab_7/ip_repo/hdmi_text_controller_1_0/src/hdmi_tx_0_1/hdmi_tx_0.xci]
INFO: [IP_Flow 19-1686] Generating 'Instantiation Template' target for IP 'hdmi_tx_0'...
set_property generate_synth_checkpoint false [get_files  c:/Users/Orion/Documents/GitHub/ece385/lab_7/ip_repo/hdmi_text_controller_1_0/src/hdmi_tx_0_1/hdmi_tx_0.xci]
generate_target all [get_files  c:/Users/Orion/Documents/GitHub/ece385/lab_7/ip_repo/hdmi_text_controller_1_0/src/hdmi_tx_0_1/hdmi_tx_0.xci]
INFO: [IP_Flow 19-1686] Generating 'Instantiation Template' target for IP 'hdmi_tx_0'...
INFO: [IP_Flow 19-1686] Generating 'Synthesis' target for IP 'hdmi_tx_0'...
INFO: [IP_Flow 19-1686] Generating 'Simulation' target for IP 'hdmi_tx_0'...
export_ip_user_files -of_objects [get_files c:/Users/Orion/Documents/GitHub/ece385/lab_7/ip_repo/hdmi_text_controller_1_0/src/hdmi_tx_0_1/hdmi_tx_0.xci] -no_script -sync -force -quiet
export_simulation -of_objects [get_files c:/Users/Orion/Documents/GitHub/ece385/lab_7/ip_repo/hdmi_text_controller_1_0/src/hdmi_tx_0_1/hdmi_tx_0.xci] -directory c:/users/orion/documents/github/ece385/lab_7/lab_7.tmp/hdmi_text_controller_v1_0_project/hdmi_text_controller_v1_0_project.ip_user_files/sim_scripts -ip_user_files_dir c:/users/orion/documents/github/ece385/lab_7/lab_7.tmp/hdmi_text_controller_v1_0_project/hdmi_text_controller_v1_0_project.ip_user_files -ipstatic_source_dir c:/users/orion/documents/github/ece385/lab_7/lab_7.tmp/hdmi_text_controller_v1_0_project/hdmi_text_controller_v1_0_project.ip_user_files/ipstatic -lib_map_path [list {modelsim=c:/users/orion/documents/github/ece385/lab_7/lab_7.tmp/hdmi_text_controller_v1_0_project/hdmi_text_controller_v1_0_project.cache/compile_simlib/modelsim} {questa=c:/users/orion/documents/github/ece385/lab_7/lab_7.tmp/hdmi_text_controller_v1_0_project/hdmi_text_controller_v1_0_project.cache/compile_simlib/questa} {riviera=c:/users/orion/documents/github/ece385/lab_7/lab_7.tmp/hdmi_text_controller_v1_0_project/hdmi_text_controller_v1_0_project.cache/compile_simlib/riviera} {activehdl=c:/users/orion/documents/github/ece385/lab_7/lab_7.tmp/hdmi_text_controller_v1_0_project/hdmi_text_controller_v1_0_project.cache/compile_simlib/activehdl}] -use_ip_compiled_libs -force -quiet
launch_simulation
Command: launch_simulation 
INFO: [Vivado 12-12493] Simulation top is 'hdmi_text_controller_tb'
WARNING: [Vivado 12-13340] Unable to auto find GCC executables from simulator install path! (path not set)
WARNING: [Vivado 12-13277] Compiled library path does not exist: ''
INFO: [Vivado 12-5698] Checking validity of IPs in the design for the 'XSim' simulator...
INFO: [Vivado 12-5682] Launching behavioral simulation in 'c:/users/orion/documents/github/ece385/lab_7/lab_7.tmp/hdmi_text_controller_v1_0_project/hdmi_text_controller_v1_0_project.sim/sim_1/behav/xsim'
INFO: [Vivado 12-13660] Precompiled IP simulation library mode is enabled (default). The design IP libraries will be referenced from the compiled library path. Please note that if the precompiled version of the library is not found from the path or the IP is in locked state, then the library source files for these IPs will be compiled locally as part of the compile order.
INFO: [Vivado 12-4795] Using compiled simulation libraries for IPs
INFO: [SIM-utils-51] Simulation object is 'sim_1'
INFO: [SIM-utils-72] Using boost library from 'C:/Xilinx/Vivado/2022.2/tps/boost_1_72_0'
INFO: [USF-XSim-7] Finding pre-compiled libraries...
INFO: [USF-XSim-11] File 'C:/Xilinx/Vivado/2022.2/data/xsim/xsim.ini' copied to run dir:'c:/users/orion/documents/github/ece385/lab_7/lab_7.tmp/hdmi_text_controller_v1_0_project/hdmi_text_controller_v1_0_project.sim/sim_1/behav/xsim'
INFO: [SIM-utils-54] Inspecting design source files for 'hdmi_text_controller_tb' in fileset 'sim_1'...
INFO: [USF-XSim-97] Finding global include files...
INFO: [USF-XSim-100] Fetching design files from 'sources_1'...(this may take a while)...
INFO: [USF-XSim-101] Fetching design files from 'sim_1'...
INFO: [USF-XSim-2] XSim::Compile design
INFO: [USF-XSim-61] Executing 'COMPILE and ANALYZE' step in 'c:/users/orion/documents/github/ece385/lab_7/lab_7.tmp/hdmi_text_controller_v1_0_project/hdmi_text_controller_v1_0_project.sim/sim_1/behav/xsim'
"xvlog --incr --relax -L uvm -prj hdmi_text_controller_tb_vlog.prj"
ERROR: [XSIM 43-4307] Invalid entry in the project file, expecting a file name but specified path '../../../../../../ip_repo/hdmi_text_controller_1_0/src/clk_wiz_0_1' represents a directory name.
ERROR: [XSIM 43-3217] hdmi_text_controller_tb_vlog.prj (line 2): Incorrect project file syntax. Correct syntax is one of: vhdl <worklib> <file>, verilog <worklib> <file> [<file> ...] [[-d <macro>] ...] [[-i <include>] ...], or NOSORT. Presence of NOSORT on a line of its own disables file order sorting.
INFO: [USF-XSim-69] 'compile' step finished in '2' seconds
INFO: [USF-XSim-99] Step results log file:'C:/Users/Orion/Documents/GitHub/ece385/lab_7/lab_7.tmp/hdmi_text_controller_v1_0_project/hdmi_text_controller_v1_0_project.sim/sim_1/behav/xsim/xvlog.log'
ERROR: [USF-XSim-62] 'compile' step failed with error(s). Please check the Tcl console output or 'C:/Users/Orion/Documents/GitHub/ece385/lab_7/lab_7.tmp/hdmi_text_controller_v1_0_project/hdmi_text_controller_v1_0_project.sim/sim_1/behav/xsim/xvlog.log' file for more information.
ERROR: [Vivado 12-4473] Detected error while running simulation. Please correct the issue and retry this operation.
ERROR: [Common 17-39] 'launch_simulation' failed due to earlier errors.
current_project lab_7
launch_simulation
Command: launch_simulation 
INFO: [Vivado 12-12493] Simulation top is 'hdmi_text_controller_tb'
WARNING: [Vivado 12-13340] Unable to auto find GCC executables from simulator install path! (path not set)
WARNING: [Vivado 12-13277] Compiled library path does not exist: ''
INFO: [Vivado 12-5698] Checking validity of IPs in the design for the 'XSim' simulator...
Generating merged BMM file for the design top 'hdmi_text_controller_tb'...
INFO: [Vivado 12-5682] Launching behavioral simulation in 'C:/Users/Orion/Documents/GitHub/ece385/lab_7/lab_7.sim/sim_1/behav/xsim'
INFO: [Vivado 12-13660] Precompiled IP simulation library mode is enabled (default). The design IP libraries will be referenced from the compiled library path. Please note that if the precompiled version of the library is not found from the path or the IP is in locked state, then the library source files for these IPs will be compiled locally as part of the compile order.
INFO: [Vivado 12-4795] Using compiled simulation libraries for IPs
INFO: [SIM-utils-51] Simulation object is 'sim_1'
INFO: [SIM-utils-72] Using boost library from 'C:/Xilinx/Vivado/2022.2/tps/boost_1_72_0'
INFO: [USF-XSim-7] Finding pre-compiled libraries...
INFO: [USF-XSim-11] File 'C:/Xilinx/Vivado/2022.2/data/xsim/xsim.ini' copied to run dir:'C:/Users/Orion/Documents/GitHub/ece385/lab_7/lab_7.sim/sim_1/behav/xsim'
INFO: [SIM-utils-50] Design contains embedded sources, generating MEM files for simulation...
Generating merged BMM file for the design top 'hdmi_text_controller_tb'...
Generating merged BMM file for the design top 'hdmi_text_controller_tb'...
INFO: [SIM-utils-54] Inspecting design source files for 'hdmi_text_controller_tb' in fileset 'sim_1'...
INFO: [USF-XSim-97] Finding global include files...
INFO: [USF-XSim-100] Fetching design files from 'sources_1'...(this may take a while)...
INFO: [USF-XSim-101] Fetching design files from 'sim_1'...
INFO: [USF-XSim-2] XSim::Compile design
INFO: [USF-XSim-61] Executing 'COMPILE and ANALYZE' step in 'C:/Users/Orion/Documents/GitHub/ece385/lab_7/lab_7.sim/sim_1/behav/xsim'
"xvlog --incr --relax -L uvm -prj hdmi_text_controller_tb_vlog.prj"
INFO: [VRFC 10-2263] Analyzing Verilog file "C:/Users/Orion/Documents/GitHub/ece385/lab_7/lab_7.gen/sources_1/ip/clk_wiz_0/clk_wiz_0_clk_wiz.v" into library xil_defaultlib
INFO: [VRFC 10-311] analyzing module clk_wiz_0_clk_wiz
INFO: [VRFC 10-2263] Analyzing Verilog file "C:/Users/Orion/Documents/GitHub/ece385/lab_7/lab_7.gen/sources_1/ip/clk_wiz_0/clk_wiz_0.v" into library xil_defaultlib
INFO: [VRFC 10-311] analyzing module clk_wiz_0
INFO: [VRFC 10-2263] Analyzing Verilog file "C:/Users/Orion/Documents/GitHub/ece385/lab_7/lab_7.gen/sources_1/ip/hdmi_tx_0_1/hdl/encode.v" into library xil_defaultlib
INFO: [VRFC 10-311] analyzing module encode
INFO: [VRFC 10-2263] Analyzing Verilog file "C:/Users/Orion/Documents/GitHub/ece385/lab_7/lab_7.gen/sources_1/ip/hdmi_tx_0_1/hdl/serdes_10_to_1.v" into library xil_defaultlib
INFO: [VRFC 10-311] analyzing module serdes_10_to_1
INFO: [VRFC 10-2263] Analyzing Verilog file "C:/Users/Orion/Documents/GitHub/ece385/lab_7/lab_7.gen/sources_1/ip/hdmi_tx_0_1/hdl/srldelay.v" into library xil_defaultlib
INFO: [VRFC 10-311] analyzing module srldelay
INFO: [VRFC 10-2263] Analyzing Verilog file "C:/Users/Orion/Documents/GitHub/ece385/lab_7/lab_7.gen/sources_1/ip/hdmi_tx_0_1/hdl/hdmi_tx_v1_0.v" into library xil_defaultlib
INFO: [VRFC 10-311] analyzing module hdmi_tx_v1_0
INFO: [VRFC 10-2263] Analyzing Verilog file "C:/Users/Orion/Documents/GitHub/ece385/lab_7/lab_7.gen/sources_1/ip/hdmi_tx_0_1/sim/hdmi_tx_0.v" into library xil_defaultlib
INFO: [VRFC 10-311] analyzing module hdmi_tx_0
INFO: [VRFC 10-2263] Analyzing Verilog file "C:/Users/Orion/Documents/GitHub/ece385/lab_7/lab_7.gen/sources_1/bd/mb_block_i/ip/mb_block_i_xbar_0/sim/mb_block_i_xbar_0.v" into library xil_defaultlib
INFO: [VRFC 10-311] analyzing module mb_block_i_xbar_0
INFO: [VRFC 10-2263] Analyzing Verilog file "C:/Users/Orion/Documents/GitHub/ece385/lab_7/lab_7.gen/sources_1/bd/mb_block_i/ip/mb_block_i_clk_wiz_1_0/mb_block_i_clk_wiz_1_0_clk_wiz.v" into library xil_defaultlib
INFO: [VRFC 10-311] analyzing module mb_block_i_clk_wiz_1_0_clk_wiz
INFO: [VRFC 10-2263] Analyzing Verilog file "C:/Users/Orion/Documents/GitHub/ece385/lab_7/lab_7.gen/sources_1/bd/mb_block_i/ip/mb_block_i_clk_wiz_1_0/mb_block_i_clk_wiz_1_0.v" into library xil_defaultlib
INFO: [VRFC 10-311] analyzing module mb_block_i_clk_wiz_1_0
INFO: [VRFC 10-2263] Analyzing Verilog file "C:/Users/Orion/Documents/GitHub/ece385/lab_7/lab_7.gen/sources_1/bd/mb_block_i/ip/mb_block_i_lmb_bram_0/sim/mb_block_i_lmb_bram_0.v" into library xil_defaultlib
INFO: [VRFC 10-311] analyzing module mb_block_i_lmb_bram_0
INFO: [VRFC 10-2263] Analyzing Verilog file "C:/Users/Orion/Documents/GitHub/ece385/lab_7/lab_7.gen/sources_1/bd/mb_block_i/ip/mb_block_i_hdmi_text_controller_0_0/src/hdmi_tx_0/hdl/encode.v" into library xil_defaultlib
INFO: [VRFC 10-311] analyzing module encode
WARNING: [VRFC 10-3609] overwriting previous definition of module 'encode' [C:/Users/Orion/Documents/GitHub/ece385/lab_7/lab_7.gen/sources_1/bd/mb_block_i/ip/mb_block_i_hdmi_text_controller_0_0/src/hdmi_tx_0/hdl/encode.v:79]
INFO: [VRFC 10-2263] Analyzing Verilog file "C:/Users/Orion/Documents/GitHub/ece385/lab_7/lab_7.gen/sources_1/bd/mb_block_i/ip/mb_block_i_hdmi_text_controller_0_0/src/hdmi_tx_0/hdl/serdes_10_to_1.v" into library xil_defaultlib
INFO: [VRFC 10-311] analyzing module serdes_10_to_1
WARNING: [VRFC 10-3609] overwriting previous definition of module 'serdes_10_to_1' [C:/Users/Orion/Documents/GitHub/ece385/lab_7/lab_7.gen/sources_1/bd/mb_block_i/ip/mb_block_i_hdmi_text_controller_0_0/src/hdmi_tx_0/hdl/serdes_10_to_1.v:43]
INFO: [VRFC 10-2263] Analyzing Verilog file "C:/Users/Orion/Documents/GitHub/ece385/lab_7/lab_7.gen/sources_1/bd/mb_block_i/ip/mb_block_i_hdmi_text_controller_0_0/src/hdmi_tx_0/hdl/srldelay.v" into library xil_defaultlib
INFO: [VRFC 10-311] analyzing module srldelay
WARNING: [VRFC 10-3609] overwriting previous definition of module 'srldelay' [C:/Users/Orion/Documents/GitHub/ece385/lab_7/lab_7.gen/sources_1/bd/mb_block_i/ip/mb_block_i_hdmi_text_controller_0_0/src/hdmi_tx_0/hdl/srldelay.v:70]
INFO: [VRFC 10-2263] Analyzing Verilog file "C:/Users/Orion/Documents/GitHub/ece385/lab_7/lab_7.gen/sources_1/bd/mb_block_i/ip/mb_block_i_hdmi_text_controller_0_0/src/hdmi_tx_0/hdl/hdmi_tx_v1_0.v" into library xil_defaultlib
INFO: [VRFC 10-311] analyzing module hdmi_tx_v1_0
WARNING: [VRFC 10-3609] overwriting previous definition of module 'hdmi_tx_v1_0' [C:/Users/Orion/Documents/GitHub/ece385/lab_7/lab_7.gen/sources_1/bd/mb_block_i/ip/mb_block_i_hdmi_text_controller_0_0/src/hdmi_tx_0/hdl/hdmi_tx_v1_0.v:70]
INFO: [VRFC 10-2263] Analyzing Verilog file "C:/Users/Orion/Documents/GitHub/ece385/lab_7/lab_7.gen/sources_1/bd/mb_block_i/ip/mb_block_i_hdmi_text_controller_0_0/src/hdmi_tx_0/sim/hdmi_tx_0.v" into library xil_defaultlib
INFO: [VRFC 10-311] analyzing module hdmi_tx_0
WARNING: [VRFC 10-3609] overwriting previous definition of module 'hdmi_tx_0' [C:/Users/Orion/Documents/GitHub/ece385/lab_7/lab_7.gen/sources_1/bd/mb_block_i/ip/mb_block_i_hdmi_text_controller_0_0/src/hdmi_tx_0/sim/hdmi_tx_0.v:57]
INFO: [VRFC 10-2263] Analyzing Verilog file "C:/Users/Orion/Documents/GitHub/ece385/lab_7/lab_7.gen/sources_1/bd/mb_block_i/ip/mb_block_i_hdmi_text_controller_0_0/src/clk_wiz_0/clk_wiz_0_clk_wiz.v" into library xil_defaultlib
INFO: [VRFC 10-311] analyzing module clk_wiz_0_clk_wiz
WARNING: [VRFC 10-3609] overwriting previous definition of module 'clk_wiz_0_clk_wiz' [C:/Users/Orion/Documents/GitHub/ece385/lab_7/lab_7.gen/sources_1/bd/mb_block_i/ip/mb_block_i_hdmi_text_controller_0_0/src/clk_wiz_0/clk_wiz_0_clk_wiz.v:69]
INFO: [VRFC 10-2263] Analyzing Verilog file "C:/Users/Orion/Documents/GitHub/ece385/lab_7/lab_7.gen/sources_1/bd/mb_block_i/ip/mb_block_i_hdmi_text_controller_0_0/src/clk_wiz_0/clk_wiz_0.v" into library xil_defaultlib
INFO: [VRFC 10-311] analyzing module clk_wiz_0
WARNING: [VRFC 10-3609] overwriting previous definition of module 'clk_wiz_0' [C:/Users/Orion/Documents/GitHub/ece385/lab_7/lab_7.gen/sources_1/bd/mb_block_i/ip/mb_block_i_hdmi_text_controller_0_0/src/clk_wiz_0/clk_wiz_0.v:71]
INFO: [VRFC 10-2263] Analyzing SystemVerilog file "C:/Users/Orion/Documents/GitHub/ece385/lab_7/lab_7.gen/sources_1/bd/mb_block/ipshared/8a97/src/hdmi_text_controller_v1_0_AXI.sv" into library xil_defaultlib
INFO: [VRFC 10-311] analyzing module hdmi_text_controller_v1_0_AXI
INFO: [VRFC 10-2263] Analyzing SystemVerilog file "C:/Users/Orion/Documents/GitHub/ece385/lab_7/lab_7.gen/sources_1/bd/mb_block/ipshared/8a97/src/hdmi_text_controller_v1_0.sv" into library xil_defaultlib
INFO: [VRFC 10-311] analyzing module hdmi_text_controller_v1_0
INFO: [VRFC 10-2263] Analyzing SystemVerilog file "C:/Users/Orion/Documents/GitHub/ece385/lab_7/lab_7.gen/sources_1/bd/mb_block_i/ip/mb_block_i_hdmi_text_controller_0_0/sim/mb_block_i_hdmi_text_controller_0_0.sv" into library xil_defaultlib
INFO: [VRFC 10-311] analyzing module mb_block_i_hdmi_text_controller_0_0
INFO: [VRFC 10-2263] Analyzing SystemVerilog file "C:/Users/Orion/Documents/GitHub/ece385/lab_7/lab_7.srcs/sources_1/imports/design_source/VGA_controller.sv" into library xil_defaultlib
INFO: [VRFC 10-311] analyzing module vga_controller
INFO: [VRFC 10-2263] Analyzing Verilog file "C:/Users/Orion/Documents/GitHub/ece385/lab_7/lab_7.gen/sources_1/bd/mb_block_i/sim/mb_block_i.v" into library xil_defaultlib
INFO: [VRFC 10-311] analyzing module m00_couplers_imp_1WLQTIN
INFO: [VRFC 10-311] analyzing module m01_couplers_imp_14JWRS9
INFO: [VRFC 10-311] analyzing module m02_couplers_imp_H2VMN7
INFO: [VRFC 10-311] analyzing module mb_block_i
INFO: [VRFC 10-311] analyzing module mb_block_i_microblaze_0_axi_periph_0
INFO: [VRFC 10-311] analyzing module microblaze_0_local_memory_imp_1HYYR51
INFO: [VRFC 10-311] analyzing module s00_couplers_imp_15CJT4E
INFO: [VRFC 10-2263] Analyzing Verilog file "C:/Users/Orion/Documents/GitHub/ece385/lab_7/lab_7.gen/sources_1/bd/mb_block_i/hdl/mb_block_i_wrapper.v" into library xil_defaultlib
INFO: [VRFC 10-311] analyzing module mb_block_i_wrapper
INFO: [VRFC 10-2263] Analyzing SystemVerilog file "C:/Users/Orion/Documents/GitHub/ece385/lab_7/lab_7.srcs/sources_1/imports/design_source/Color_Mapper.sv" into library xil_defaultlib
INFO: [VRFC 10-311] analyzing module color_mapper
INFO: [VRFC 10-2263] Analyzing SystemVerilog file "C:/Users/Orion/Documents/GitHub/ece385/lab_7/lab_7.srcs/sources_1/imports/design_source/ball.sv" into library xil_defaultlib
INFO: [VRFC 10-311] analyzing module ball
INFO: [VRFC 10-2263] Analyzing SystemVerilog file "C:/Users/Orion/Documents/GitHub/ece385/lab_7/lab_7.srcs/sources_1/imports/lab_7_1_provided_fa24/font_rom.sv" into library xil_defaultlib
INFO: [VRFC 10-311] analyzing module font_rom
INFO: [VRFC 10-2263] Analyzing SystemVerilog file "C:/Users/Orion/Documents/GitHub/ece385/lab_7/lab_7.srcs/sources_1/imports/lab_7_1_provided_fa24/hdmi_text_controller_v1_0.sv" into library xil_defaultlib
INFO: [VRFC 10-311] analyzing module hdmi_text_controller_v1_0
WARNING: [VRFC 10-3609] overwriting previous definition of module 'hdmi_text_controller_v1_0' [C:/Users/Orion/Documents/GitHub/ece385/lab_7/lab_7.srcs/sources_1/imports/lab_7_1_provided_fa24/hdmi_text_controller_v1_0.sv:10]
INFO: [VRFC 10-2263] Analyzing SystemVerilog file "C:/Users/Orion/Documents/GitHub/ece385/lab_7/lab_7.srcs/sources_1/imports/lab_7_1_provided_fa24/hdmi_text_controller_v1_0_AXI.sv" into library xil_defaultlib
INFO: [VRFC 10-311] analyzing module hdmi_text_controller_v1_0_AXI
WARNING: [VRFC 10-3609] overwriting previous definition of module 'hdmi_text_controller_v1_0_AXI' [C:/Users/Orion/Documents/GitHub/ece385/lab_7/lab_7.srcs/sources_1/imports/lab_7_1_provided_fa24/hdmi_text_controller_v1_0_AXI.sv:28]
INFO: [VRFC 10-2263] Analyzing SystemVerilog file "C:/Users/Orion/Documents/GitHub/ece385/lab_7/lab_7.srcs/sources_1/imports/design_source/hex_driver.sv" into library xil_defaultlib
INFO: [VRFC 10-311] analyzing module hex_driver
INFO: [VRFC 10-311] analyzing module nibble_to_hex
INFO: [VRFC 10-2263] Analyzing SystemVerilog file "C:/Users/Orion/Documents/GitHub/ece385/lab_7/lab_7.srcs/sources_1/imports/lab_7_1_provided_fa24/mb_usb_hdmi_top.sv" into library xil_defaultlib
INFO: [VRFC 10-311] analyzing module mb_usb_hdmi_top
INFO: [VRFC 10-2263] Analyzing SystemVerilog file "C:/Users/Orion/Documents/GitHub/ece385/lab_7/lab_7.srcs/sim_1/imports/lab_7_1_provided_fa24/hdmi_text_controller_v1_0_tb.sv" into library xil_defaultlib
INFO: [VRFC 10-311] analyzing module hdmi_text_controller_tb
"xvhdl --incr --relax -prj hdmi_text_controller_tb_vhdl.prj"
run_program: Time (s): cpu = 00:00:00 ; elapsed = 00:00:10 . Memory (MB): peak = 1551.551 ; gain = 0.000
INFO: [USF-XSim-69] 'compile' step finished in '10' seconds
INFO: [USF-XSim-3] XSim::Elaborate design
INFO: [USF-XSim-61] Executing 'ELABORATE' step in 'C:/Users/Orion/Documents/GitHub/ece385/lab_7/lab_7.sim/sim_1/behav/xsim'
"xelab --incr --debug typical --relax --mt 2 -L xil_defaultlib -L lmb_bram_if_cntlr_v4_0_21 -L axi_lite_ipif_v3_0_4 -L lib_pkg_v1_0_2 -L lib_srl_fifo_v1_0_2 -L lib_cdc_v1_0_2 -L axi_uartlite_v2_0_31 -L generic_baseblocks_v2_1_0 -L axi_infrastructure_v1_1_0 -L axi_register_slice_v2_1_27 -L fifo_generator_v13_2_7 -L axi_data_fifo_v2_1_26 -L axi_crossbar_v2_1_28 -L microblaze_v11_0_10 -L proc_sys_reset_v5_0_13 -L mdm_v3_2_23 -L lmb_v10_v3_0_12 -L blk_mem_gen_v8_4_5 -L axi_intc_v4_1_17 -L uvm -L unisims_ver -L unimacro_ver -L secureip -L xpm --snapshot hdmi_text_controller_tb_behav xil_defaultlib.hdmi_text_controller_tb xil_defaultlib.glbl -log elaborate.log"
Vivado Simulator v2022.2
Copyright 1986-1999, 2001-2022 Xilinx, Inc. All Rights Reserved.
Running: C:/Xilinx/Vivado/2022.2/bin/unwrapped/win64.o/xelab.exe --incr --debug typical --relax --mt 2 -L xil_defaultlib -L lmb_bram_if_cntlr_v4_0_21 -L axi_lite_ipif_v3_0_4 -L lib_pkg_v1_0_2 -L lib_srl_fifo_v1_0_2 -L lib_cdc_v1_0_2 -L axi_uartlite_v2_0_31 -L generic_baseblocks_v2_1_0 -L axi_infrastructure_v1_1_0 -L axi_register_slice_v2_1_27 -L fifo_generator_v13_2_7 -L axi_data_fifo_v2_1_26 -L axi_crossbar_v2_1_28 -L microblaze_v11_0_10 -L proc_sys_reset_v5_0_13 -L mdm_v3_2_23 -L lmb_v10_v3_0_12 -L blk_mem_gen_v8_4_5 -L axi_intc_v4_1_17 -L uvm -L unisims_ver -L unimacro_ver -L secureip -L xpm --snapshot hdmi_text_controller_tb_behav xil_defaultlib.hdmi_text_controller_tb xil_defaultlib.glbl -log elaborate.log 
Using 2 slave threads.
Starting static elaboration
Pass Through NonSizing Optimizer
WARNING: [VRFC 10-3091] actual bit length 32 differs from formal bit length 16 for port 'axi_awaddr' [C:/Users/Orion/Documents/GitHub/ece385/lab_7/lab_7.srcs/sim_1/imports/lab_7_1_provided_fa24/hdmi_text_controller_v1_0_tb.sv:74]
WARNING: [VRFC 10-3091] actual bit length 32 differs from formal bit length 16 for port 'axi_araddr' [C:/Users/Orion/Documents/GitHub/ece385/lab_7/lab_7.srcs/sim_1/imports/lab_7_1_provided_fa24/hdmi_text_controller_v1_0_tb.sv:88]
Completed static elaboration
Starting simulation data flow analysis
WARNING: [XSIM 43-4099] "C:/Users/Orion/Documents/GitHub/ece385/lab_7/lab_7.srcs/sources_1/imports/design_source/Color_Mapper.sv" Line 17. Module color_mapper doesn't have a timescale but at least one module in design has a timescale.
WARNING: [XSIM 43-4099] "C:/Users/Orion/Documents/GitHub/ece385/lab_7/lab_7.srcs/sources_1/imports/design_source/Color_Mapper.sv" Line 17. Module color_mapper doesn't have a timescale but at least one module in design has a timescale.
Completed simulation data flow analysis
Time Resolution for simulation is 1ps
Compiling module xil_defaultlib.hdmi_text_controller_v1_0_AXI(C_...
Compiling module unisims_ver.IBUF
Compiling module unisims_ver.MMCME2_ADV(CLKFBOUT_MULT_F=10.0,...
Compiling module unisims_ver.BUFG
Compiling module xil_defaultlib.clk_wiz_0_clk_wiz
Compiling module xil_defaultlib.clk_wiz_0
Compiling module xil_defaultlib.vga_controller
Compiling module unisims_ver.SRL16E_default
Compiling module xil_defaultlib.srldelay(WIDTH=40,TAPS=4'b1010)
Compiling module xil_defaultlib.encode_default
Compiling module xil_defaultlib.encode(CHANNEL="GREEN")
Compiling module xil_defaultlib.encode(CHANNEL="RED")
Compiling module unisims_ver.OSERDESE2(DATA_RATE_TQ="SDR",DAT...
Compiling module unisims_ver.OSERDESE2(DATA_RATE_TQ="SDR",DAT...
Compiling module xil_defaultlib.serdes_10_to_1
Compiling module unisims_ver.OBUFDS(IOSTANDARD="TMDS_33")
Compiling module xil_defaultlib.hdmi_tx_v1_0(C_RED_WIDTH=4,C_GRE...
Compiling module xil_defaultlib.hdmi_tx_0
Compiling module xil_defaultlib.color_mapper
Compiling module xil_defaultlib.hdmi_text_controller_v1_0(C_AXI_...
Compiling module xil_defaultlib.hdmi_text_controller_tb
Compiling module xil_defaultlib.glbl
Built simulation snapshot hdmi_text_controller_tb_behav
run_program: Time (s): cpu = 00:00:02 ; elapsed = 00:00:16 . Memory (MB): peak = 1551.551 ; gain = 0.000
INFO: [USF-XSim-69] 'elaborate' step finished in '16' seconds
INFO: [USF-XSim-4] XSim::Simulate design
INFO: [USF-XSim-61] Executing 'SIMULATE' step in 'C:/Users/Orion/Documents/GitHub/ece385/lab_7/lab_7.sim/sim_1/behav/xsim'
INFO: [USF-XSim-98] *** Running xsim
   with args "hdmi_text_controller_tb_behav -key {Behavioral:sim_1:Functional:hdmi_text_controller_tb} -tclbatch {hdmi_text_controller_tb.tcl} -protoinst "protoinst_files/mb_block_i.protoinst" -log {simulate.log}"
INFO: [USF-XSim-8] Loading simulator feature
INFO: [Wavedata 42-565] Reading protoinst file protoinst_files/mb_block_i.protoinst
WARNING: [Wavedata 42-558] Couldn't load one or more protocol instances from protoinst file protoinst_files/mb_block_i.protoinst for the following reason(s):
There are no instances of module "mb_block_i" in the design.

Time resolution is 1 ps
source hdmi_text_controller_tb.tcl
# set curr_wave [current_wave_config]
# if { [string length $curr_wave] == 0 } {
#   if { [llength [get_objects]] > 0} {
#     add_wave /
#     set_property needs_save false [current_wave_config]
#   } else {
#      send_msg_id Add_Wave-1 WARNING "No top level signals found. Simulator will start without a wave window. If you want to open a wave window go to 'File->New Waveform Configuration' or type 'create_wave_config' in the TCL console."
#   }
# }
WARNING: [Wavedata 42-489] Can't add object "/hdmi_text_controller_tb/bitmap" to the wave window because it has 10080000 bits, which exceeds the display limit of 65536 bits.  To change the display limit, use the command "set_property display_limit <new limit> [current_wave_config]".
# run all
Info: Read back of control register: 001f6000
Time: 192360 ns  Iteration: 0  Process: /hdmi_text_controller_tb/Initial258_901  Scope: hdmi_text_controller_tb.TEST_VECTORS  File: C:/Users/Orion/Documents/GitHub/ece385/lab_7/lab_7.srcs/sim_1/imports/lab_7_1_provided_fa24/hdmi_text_controller_v1_0_tb.sv Line: 284
$finish called at time : 192360 ns : File "C:/Users/Orion/Documents/GitHub/ece385/lab_7/lab_7.srcs/sim_1/imports/lab_7_1_provided_fa24/hdmi_text_controller_v1_0_tb.sv" Line 293
run: Time (s): cpu = 00:00:05 ; elapsed = 00:00:11 . Memory (MB): peak = 1586.145 ; gain = 0.395
xsim: Time (s): cpu = 00:00:08 ; elapsed = 00:00:14 . Memory (MB): peak = 1586.145 ; gain = 34.594
INFO: [USF-XSim-96] XSim completed. Design snapshot 'hdmi_text_controller_tb_behav' loaded.
INFO: [USF-XSim-97] XSim simulation ran for all
launch_simulation: Time (s): cpu = 00:00:15 ; elapsed = 00:00:47 . Memory (MB): peak = 1586.145 ; gain = 34.594
current_project hdmi_text_controller_v1_0_project
export_ip_user_files -of_objects  [get_files c:/Users/Orion/Documents/GitHub/ece385/lab_7/lab_7.srcs/sim_1/imports/lab_7_1_provided_fa24/hdmi_text_controller_v1_0_tb.sv] -no_script -reset -force -quiet
remove_files  -fileset sim_1 c:/Users/Orion/Documents/GitHub/ece385/lab_7/lab_7.srcs/sim_1/imports/lab_7_1_provided_fa24/hdmi_text_controller_v1_0_tb.sv
export_ip_user_files -of_objects  [get_files c:/Users/Orion/Documents/GitHub/ece385/lab_7/ip_repo/hdmi_text_controller_1_0/src/hdmi_tx_0_1/hdmi_tx_0.xci] -no_script -reset -force -quiet
remove_files  c:/Users/Orion/Documents/GitHub/ece385/lab_7/ip_repo/hdmi_text_controller_1_0/src/hdmi_tx_0_1/hdmi_tx_0.xci
export_ip_user_files -of_objects  [get_files c:/Users/Orion/Documents/GitHub/ece385/lab_7/ip_repo/hdmi_text_controller_1_0/src/clk_wiz_0_1/clk_wiz_0.xci] -no_script -reset -force -quiet
remove_files  c:/Users/Orion/Documents/GitHub/ece385/lab_7/ip_repo/hdmi_text_controller_1_0/src/clk_wiz_0_1/clk_wiz_0.xci
ipx::merge_project_changes files [ipx::current_core]
WARNING: [IP_Flow 19-5226] Project source file 'c:/Users/Orion/Documents/GitHub/ece385/lab_7/ip_repo/hdmi_text_controller_1_0/component.xml' ignored by IP packager.
WARNING: [IP_Flow 19-5109] File Group 'xilinx_verilogbehavioralsimulation (Verilog Simulation)': File 'c:/Users/Orion/Documents/GitHub/ece385/lab_7/ip_repo/hdmi_text_controller_1_0/src/hdmi_tx_0/hdmi_tx_0.xci' does not exist in the project sources. It has been removed from the packaged IP. If still required, please add this file to the project, merge sources and re-package.
WARNING: [IP_Flow 19-5109] File Group 'xilinx_verilogbehavioralsimulation (Verilog Simulation)': File 'c:/Users/Orion/Documents/GitHub/ece385/lab_7/ip_repo/hdmi_text_controller_1_0/src/clk_wiz_0/clk_wiz_0.xci' does not exist in the project sources. It has been removed from the packaged IP. If still required, please add this file to the project, merge sources and re-package.
WARNING: [IP_Flow 19-5109] File Group 'xilinx_testbench (Test Bench)': File 'c:/Users/Orion/Documents/GitHub/ece385/lab_7/lab_7.srcs/sim_1/imports/lab_7_1_provided_fa24/hdmi_text_controller_v1_0_tb.sv' does not exist in the project sources. It has been removed from the packaged IP. If still required, please add this file to the project, merge sources and re-package.
WARNING: [IP_Flow 19-5898] Updating the required XPM macros from 'XPM_CDC' to ''
add_files -norecurse -scan_for_includes C:/Users/Orion/Documents/GitHub/ece385/lab_7/ip_repo/hdmi_text_controller_1_0/src/hdmi_text_controller_v1_0_tb.sv
ipx::add_file C:/Users/Orion/Documents/GitHub/ece385/lab_7/ip_repo/hdmi_text_controller_1_0/src/Color_Mapper.sv [ipx::get_file_groups xilinx_verilogbehavioralsimulation -of_objects [ipx::current_core]]
set_property type systemVerilogSource [ipx::get_files src/Color_Mapper.sv -of_objects [ipx::get_file_groups xilinx_verilogbehavioralsimulation -of_objects [ipx::current_core]]]
set_property library_name xil_defaultlib [ipx::get_files src/Color_Mapper.sv -of_objects [ipx::get_file_groups xilinx_verilogbehavioralsimulation -of_objects [ipx::current_core]]]
ipx::add_file C:/Users/Orion/Documents/GitHub/ece385/lab_7/ip_repo/hdmi_text_controller_1_0/src/hdmi_text_controller_v1_0_tb.sv [ipx::get_file_groups xilinx_verilogbehavioralsimulation -of_objects [ipx::current_core]]
set_property type systemVerilogSource [ipx::get_files src/hdmi_text_controller_v1_0_tb.sv -of_objects [ipx::get_file_groups xilinx_verilogbehavioralsimulation -of_objects [ipx::current_core]]]
set_property library_name xil_defaultlib [ipx::get_files src/hdmi_text_controller_v1_0_tb.sv -of_objects [ipx::get_file_groups xilinx_verilogbehavioralsimulation -of_objects [ipx::current_core]]]
ipx::add_file C:/Users/Orion/Documents/GitHub/ece385/lab_7/ip_repo/hdmi_text_controller_1_0/src/VGA_controller.sv [ipx::get_file_groups xilinx_verilogbehavioralsimulation -of_objects [ipx::current_core]]
set_property type systemVerilogSource [ipx::get_files src/VGA_controller.sv -of_objects [ipx::get_file_groups xilinx_verilogbehavioralsimulation -of_objects [ipx::current_core]]]
set_property library_name xil_defaultlib [ipx::get_files src/VGA_controller.sv -of_objects [ipx::get_file_groups xilinx_verilogbehavioralsimulation -of_objects [ipx::current_core]]]
ipx::merge_project_changes files [ipx::current_core]
WARNING: [IP_Flow 19-5226] Project source file 'c:/Users/Orion/Documents/GitHub/ece385/lab_7/ip_repo/hdmi_text_controller_1_0/component.xml' ignored by IP packager.
WARNING: [IP_Flow 19-5109] File Group 'xilinx_verilogbehavioralsimulation (Verilog Simulation)': File 'c:/Users/Orion/Documents/GitHub/ece385/lab_7/ip_repo/hdmi_text_controller_1_0/src/Color_Mapper.sv' does not exist in the project sources. It has been removed from the packaged IP. If still required, please add this file to the project, merge sources and re-package.
WARNING: [IP_Flow 19-5109] File Group 'xilinx_verilogbehavioralsimulation (Verilog Simulation)': File 'c:/Users/Orion/Documents/GitHub/ece385/lab_7/ip_repo/hdmi_text_controller_1_0/src/VGA_controller.sv' does not exist in the project sources. It has been removed from the packaged IP. If still required, please add this file to the project, merge sources and re-package.
create_ip -name hdmi_tx -vendor realdigital.org -library realdigital -version 1.0 -module_name hdmi_tx_0 -dir c:/Users/Orion/Documents/GitHub/ece385/lab_7/ip_repo/hdmi_text_controller_1_0/src
set_property -dict [list \
  CONFIG.C_BLUE_WIDTH {4} \
  CONFIG.C_GREEN_WIDTH {4} \
  CONFIG.C_RED_WIDTH {4} \
  CONFIG.MODE {HDMI} \
] [get_ips hdmi_tx_0]
generate_target {instantiation_template} [get_files c:/Users/Orion/Documents/GitHub/ece385/lab_7/ip_repo/hdmi_text_controller_1_0/src/hdmi_tx_0/hdmi_tx_0.xci]
INFO: [IP_Flow 19-1686] Generating 'Instantiation Template' target for IP 'hdmi_tx_0'...
set_property generate_synth_checkpoint false [get_files  c:/Users/Orion/Documents/GitHub/ece385/lab_7/ip_repo/hdmi_text_controller_1_0/src/hdmi_tx_0/hdmi_tx_0.xci]
generate_target all [get_files  c:/Users/Orion/Documents/GitHub/ece385/lab_7/ip_repo/hdmi_text_controller_1_0/src/hdmi_tx_0/hdmi_tx_0.xci]
INFO: [IP_Flow 19-1686] Generating 'Instantiation Template' target for IP 'hdmi_tx_0'...
INFO: [IP_Flow 19-1686] Generating 'Synthesis' target for IP 'hdmi_tx_0'...
INFO: [IP_Flow 19-1686] Generating 'Simulation' target for IP 'hdmi_tx_0'...
export_ip_user_files -of_objects [get_files c:/Users/Orion/Documents/GitHub/ece385/lab_7/ip_repo/hdmi_text_controller_1_0/src/hdmi_tx_0/hdmi_tx_0.xci] -no_script -sync -force -quiet
export_simulation -of_objects [get_files c:/Users/Orion/Documents/GitHub/ece385/lab_7/ip_repo/hdmi_text_controller_1_0/src/hdmi_tx_0/hdmi_tx_0.xci] -directory c:/users/orion/documents/github/ece385/lab_7/lab_7.tmp/hdmi_text_controller_v1_0_project/hdmi_text_controller_v1_0_project.ip_user_files/sim_scripts -ip_user_files_dir c:/users/orion/documents/github/ece385/lab_7/lab_7.tmp/hdmi_text_controller_v1_0_project/hdmi_text_controller_v1_0_project.ip_user_files -ipstatic_source_dir c:/users/orion/documents/github/ece385/lab_7/lab_7.tmp/hdmi_text_controller_v1_0_project/hdmi_text_controller_v1_0_project.ip_user_files/ipstatic -lib_map_path [list {modelsim=c:/users/orion/documents/github/ece385/lab_7/lab_7.tmp/hdmi_text_controller_v1_0_project/hdmi_text_controller_v1_0_project.cache/compile_simlib/modelsim} {questa=c:/users/orion/documents/github/ece385/lab_7/lab_7.tmp/hdmi_text_controller_v1_0_project/hdmi_text_controller_v1_0_project.cache/compile_simlib/questa} {riviera=c:/users/orion/documents/github/ece385/lab_7/lab_7.tmp/hdmi_text_controller_v1_0_project/hdmi_text_controller_v1_0_project.cache/compile_simlib/riviera} {activehdl=c:/users/orion/documents/github/ece385/lab_7/lab_7.tmp/hdmi_text_controller_v1_0_project/hdmi_text_controller_v1_0_project.cache/compile_simlib/activehdl}] -use_ip_compiled_libs -force -quiet
create_ip -name clk_wiz -vendor xilinx.com -library ip -version 6.0 -module_name clk_wiz_0 -dir c:/Users/Orion/Documents/GitHub/ece385/lab_7/ip_repo/hdmi_text_controller_1_0/src
set_property -dict [list \
  CONFIG.CLKOUT1_JITTER {175.402} \
  CONFIG.CLKOUT1_REQUESTED_OUT_FREQ {25} \
  CONFIG.CLKOUT2_JITTER {125.247} \
  CONFIG.CLKOUT2_PHASE_ERROR {98.575} \
  CONFIG.CLKOUT2_REQUESTED_OUT_FREQ {125} \
  CONFIG.CLKOUT2_USED {true} \
  CONFIG.MMCM_CLKOUT0_DIVIDE_F {40.000} \
  CONFIG.MMCM_CLKOUT1_DIVIDE {8} \
  CONFIG.NUM_OUT_CLKS {2} \
] [get_ips clk_wiz_0]
generate_target {instantiation_template} [get_files c:/Users/Orion/Documents/GitHub/ece385/lab_7/ip_repo/hdmi_text_controller_1_0/src/clk_wiz_0/clk_wiz_0.xci]
INFO: [IP_Flow 19-1686] Generating 'Instantiation Template' target for IP 'clk_wiz_0'...
set_property generate_synth_checkpoint false [get_files  c:/Users/Orion/Documents/GitHub/ece385/lab_7/ip_repo/hdmi_text_controller_1_0/src/clk_wiz_0/clk_wiz_0.xci]
generate_target all [get_files  c:/Users/Orion/Documents/GitHub/ece385/lab_7/ip_repo/hdmi_text_controller_1_0/src/clk_wiz_0/clk_wiz_0.xci]
INFO: [IP_Flow 19-1686] Generating 'Instantiation Template' target for IP 'clk_wiz_0'...
INFO: [IP_Flow 19-1686] Generating 'Synthesis' target for IP 'clk_wiz_0'...
INFO: [IP_Flow 19-1686] Generating 'Simulation' target for IP 'clk_wiz_0'...
INFO: [IP_Flow 19-1686] Generating 'Implementation' target for IP 'clk_wiz_0'...
INFO: [IP_Flow 19-1686] Generating 'Change Log' target for IP 'clk_wiz_0'...
export_ip_user_files -of_objects [get_files c:/Users/Orion/Documents/GitHub/ece385/lab_7/ip_repo/hdmi_text_controller_1_0/src/clk_wiz_0/clk_wiz_0.xci] -no_script -sync -force -quiet
export_simulation -of_objects [get_files c:/Users/Orion/Documents/GitHub/ece385/lab_7/ip_repo/hdmi_text_controller_1_0/src/clk_wiz_0/clk_wiz_0.xci] -directory c:/users/orion/documents/github/ece385/lab_7/lab_7.tmp/hdmi_text_controller_v1_0_project/hdmi_text_controller_v1_0_project.ip_user_files/sim_scripts -ip_user_files_dir c:/users/orion/documents/github/ece385/lab_7/lab_7.tmp/hdmi_text_controller_v1_0_project/hdmi_text_controller_v1_0_project.ip_user_files -ipstatic_source_dir c:/users/orion/documents/github/ece385/lab_7/lab_7.tmp/hdmi_text_controller_v1_0_project/hdmi_text_controller_v1_0_project.ip_user_files/ipstatic -lib_map_path [list {modelsim=c:/users/orion/documents/github/ece385/lab_7/lab_7.tmp/hdmi_text_controller_v1_0_project/hdmi_text_controller_v1_0_project.cache/compile_simlib/modelsim} {questa=c:/users/orion/documents/github/ece385/lab_7/lab_7.tmp/hdmi_text_controller_v1_0_project/hdmi_text_controller_v1_0_project.cache/compile_simlib/questa} {riviera=c:/users/orion/documents/github/ece385/lab_7/lab_7.tmp/hdmi_text_controller_v1_0_project/hdmi_text_controller_v1_0_project.cache/compile_simlib/riviera} {activehdl=c:/users/orion/documents/github/ece385/lab_7/lab_7.tmp/hdmi_text_controller_v1_0_project/hdmi_text_controller_v1_0_project.cache/compile_simlib/activehdl}] -use_ip_compiled_libs -force -quiet
ipx::merge_project_changes files [ipx::current_core]
WARNING: [IP_Flow 19-5226] Project source file 'c:/Users/Orion/Documents/GitHub/ece385/lab_7/ip_repo/hdmi_text_controller_1_0/component.xml' ignored by IP packager.
WARNING: [IP_Flow 19-5898] Updating the required XPM macros from '' to 'XPM_CDC'
current_project lab_7
update_ip_catalog -rebuild -scan_changes
INFO: [IP_Flow 19-234] Refreshing IP repositories
INFO: [IP_Flow 19-1700] Loaded user IP repository 'c:/Users/Orion/Documents/GitHub/ece385/lab_7/ip_repo/hdmi_text_controller_1_0'.
INFO: [IP_Flow 19-1700] Loaded user IP repository 'c:/Users/Orion/Documents/GitHub/ece385/lab_7/hdmi_tx_1.0'.
report_ip_status -name ip_status
current_project hdmi_text_controller_v1_0_project
current_project lab_7
INFO: [Simtcl 6-16] Simulation closed
launch_simulation
Command: launch_simulation 
INFO: [Vivado 12-12493] Simulation top is 'hdmi_text_controller_tb'
WARNING: [Vivado 12-13340] Unable to auto find GCC executables from simulator install path! (path not set)
WARNING: [Vivado 12-13277] Compiled library path does not exist: ''
INFO: [Vivado 12-5698] Checking validity of IPs in the design for the 'XSim' simulator...
Generating merged BMM file for the design top 'hdmi_text_controller_tb'...
INFO: [Vivado 12-5682] Launching behavioral simulation in 'C:/Users/Orion/Documents/GitHub/ece385/lab_7/lab_7.sim/sim_1/behav/xsim'
INFO: [Vivado 12-13660] Precompiled IP simulation library mode is enabled (default). The design IP libraries will be referenced from the compiled library path. Please note that if the precompiled version of the library is not found from the path or the IP is in locked state, then the library source files for these IPs will be compiled locally as part of the compile order.
INFO: [Vivado 12-4795] Using compiled simulation libraries for IPs
INFO: [SIM-utils-51] Simulation object is 'sim_1'
INFO: [SIM-utils-72] Using boost library from 'C:/Xilinx/Vivado/2022.2/tps/boost_1_72_0'
INFO: [USF-XSim-7] Finding pre-compiled libraries...
INFO: [USF-XSim-11] File 'C:/Xilinx/Vivado/2022.2/data/xsim/xsim.ini' copied to run dir:'C:/Users/Orion/Documents/GitHub/ece385/lab_7/lab_7.sim/sim_1/behav/xsim'
INFO: [SIM-utils-50] Design contains embedded sources, generating MEM files for simulation...
Generating merged BMM file for the design top 'hdmi_text_controller_tb'...
Generating merged BMM file for the design top 'hdmi_text_controller_tb'...
INFO: [SIM-utils-54] Inspecting design source files for 'hdmi_text_controller_tb' in fileset 'sim_1'...
INFO: [USF-XSim-97] Finding global include files...
INFO: [USF-XSim-100] Fetching design files from 'sources_1'...(this may take a while)...
INFO: [USF-XSim-101] Fetching design files from 'sim_1'...
INFO: [USF-XSim-2] XSim::Compile design
INFO: [USF-XSim-61] Executing 'COMPILE and ANALYZE' step in 'C:/Users/Orion/Documents/GitHub/ece385/lab_7/lab_7.sim/sim_1/behav/xsim'
"xvlog --incr --relax -L uvm -prj hdmi_text_controller_tb_vlog.prj"
INFO: [VRFC 10-2263] Analyzing Verilog file "C:/Users/Orion/Documents/GitHub/ece385/lab_7/lab_7.gen/sources_1/ip/clk_wiz_0/clk_wiz_0_clk_wiz.v" into library xil_defaultlib
INFO: [VRFC 10-311] analyzing module clk_wiz_0_clk_wiz
INFO: [VRFC 10-2263] Analyzing Verilog file "C:/Users/Orion/Documents/GitHub/ece385/lab_7/lab_7.gen/sources_1/ip/clk_wiz_0/clk_wiz_0.v" into library xil_defaultlib
INFO: [VRFC 10-311] analyzing module clk_wiz_0
INFO: [VRFC 10-2263] Analyzing Verilog file "C:/Users/Orion/Documents/GitHub/ece385/lab_7/lab_7.gen/sources_1/ip/hdmi_tx_0_1/hdl/encode.v" into library xil_defaultlib
INFO: [VRFC 10-311] analyzing module encode
INFO: [VRFC 10-2263] Analyzing Verilog file "C:/Users/Orion/Documents/GitHub/ece385/lab_7/lab_7.gen/sources_1/ip/hdmi_tx_0_1/hdl/serdes_10_to_1.v" into library xil_defaultlib
INFO: [VRFC 10-311] analyzing module serdes_10_to_1
INFO: [VRFC 10-2263] Analyzing Verilog file "C:/Users/Orion/Documents/GitHub/ece385/lab_7/lab_7.gen/sources_1/ip/hdmi_tx_0_1/hdl/srldelay.v" into library xil_defaultlib
INFO: [VRFC 10-311] analyzing module srldelay
INFO: [VRFC 10-2263] Analyzing Verilog file "C:/Users/Orion/Documents/GitHub/ece385/lab_7/lab_7.gen/sources_1/ip/hdmi_tx_0_1/hdl/hdmi_tx_v1_0.v" into library xil_defaultlib
INFO: [VRFC 10-311] analyzing module hdmi_tx_v1_0
INFO: [VRFC 10-2263] Analyzing Verilog file "C:/Users/Orion/Documents/GitHub/ece385/lab_7/lab_7.gen/sources_1/ip/hdmi_tx_0_1/sim/hdmi_tx_0.v" into library xil_defaultlib
INFO: [VRFC 10-311] analyzing module hdmi_tx_0
INFO: [VRFC 10-2263] Analyzing SystemVerilog file "C:/Users/Orion/Documents/GitHub/ece385/lab_7/lab_7.srcs/sources_1/imports/design_source/VGA_controller.sv" into library xil_defaultlib
INFO: [VRFC 10-311] analyzing module vga_controller
INFO: [VRFC 10-2263] Analyzing Verilog file "C:/Users/Orion/Documents/GitHub/ece385/lab_7/lab_7.gen/sources_1/bd/mb_block_i/sim/mb_block_i.v" into library xil_defaultlib
INFO: [VRFC 10-311] analyzing module m00_couplers_imp_1WLQTIN
INFO: [VRFC 10-311] analyzing module m01_couplers_imp_14JWRS9
INFO: [VRFC 10-311] analyzing module m02_couplers_imp_H2VMN7
INFO: [VRFC 10-311] analyzing module mb_block_i
INFO: [VRFC 10-311] analyzing module mb_block_i_microblaze_0_axi_periph_0
INFO: [VRFC 10-311] analyzing module microblaze_0_local_memory_imp_1HYYR51
INFO: [VRFC 10-311] analyzing module s00_couplers_imp_15CJT4E
INFO: [VRFC 10-2263] Analyzing Verilog file "C:/Users/Orion/Documents/GitHub/ece385/lab_7/lab_7.gen/sources_1/bd/mb_block_i/hdl/mb_block_i_wrapper.v" into library xil_defaultlib
INFO: [VRFC 10-311] analyzing module mb_block_i_wrapper
INFO: [VRFC 10-2263] Analyzing SystemVerilog file "C:/Users/Orion/Documents/GitHub/ece385/lab_7/lab_7.srcs/sources_1/imports/design_source/Color_Mapper.sv" into library xil_defaultlib
INFO: [VRFC 10-311] analyzing module color_mapper
INFO: [VRFC 10-2263] Analyzing SystemVerilog file "C:/Users/Orion/Documents/GitHub/ece385/lab_7/lab_7.srcs/sources_1/imports/design_source/ball.sv" into library xil_defaultlib
INFO: [VRFC 10-311] analyzing module ball
INFO: [VRFC 10-2263] Analyzing SystemVerilog file "C:/Users/Orion/Documents/GitHub/ece385/lab_7/lab_7.srcs/sources_1/imports/lab_7_1_provided_fa24/font_rom.sv" into library xil_defaultlib
INFO: [VRFC 10-311] analyzing module font_rom
INFO: [VRFC 10-2263] Analyzing SystemVerilog file "C:/Users/Orion/Documents/GitHub/ece385/lab_7/lab_7.srcs/sources_1/imports/lab_7_1_provided_fa24/hdmi_text_controller_v1_0.sv" into library xil_defaultlib
INFO: [VRFC 10-311] analyzing module hdmi_text_controller_v1_0
INFO: [VRFC 10-2263] Analyzing SystemVerilog file "C:/Users/Orion/Documents/GitHub/ece385/lab_7/lab_7.srcs/sources_1/imports/lab_7_1_provided_fa24/hdmi_text_controller_v1_0_AXI.sv" into library xil_defaultlib
INFO: [VRFC 10-311] analyzing module hdmi_text_controller_v1_0_AXI
INFO: [VRFC 10-2263] Analyzing SystemVerilog file "C:/Users/Orion/Documents/GitHub/ece385/lab_7/lab_7.srcs/sources_1/imports/design_source/hex_driver.sv" into library xil_defaultlib
INFO: [VRFC 10-311] analyzing module hex_driver
INFO: [VRFC 10-311] analyzing module nibble_to_hex
INFO: [VRFC 10-2263] Analyzing SystemVerilog file "C:/Users/Orion/Documents/GitHub/ece385/lab_7/lab_7.srcs/sources_1/imports/lab_7_1_provided_fa24/mb_usb_hdmi_top.sv" into library xil_defaultlib
INFO: [VRFC 10-311] analyzing module mb_usb_hdmi_top
INFO: [VRFC 10-2263] Analyzing SystemVerilog file "C:/Users/Orion/Documents/GitHub/ece385/lab_7/lab_7.srcs/sim_1/imports/lab_7_1_provided_fa24/hdmi_text_controller_v1_0_tb.sv" into library xil_defaultlib
INFO: [VRFC 10-311] analyzing module hdmi_text_controller_tb
"xvhdl --incr --relax -prj hdmi_text_controller_tb_vhdl.prj"
run_program: Time (s): cpu = 00:00:00 ; elapsed = 00:00:08 . Memory (MB): peak = 1639.656 ; gain = 0.000
INFO: [USF-XSim-69] 'compile' step finished in '8' seconds
INFO: [USF-XSim-3] XSim::Elaborate design
INFO: [USF-XSim-61] Executing 'ELABORATE' step in 'C:/Users/Orion/Documents/GitHub/ece385/lab_7/lab_7.sim/sim_1/behav/xsim'
"xelab --incr --debug typical --relax --mt 2 -L xil_defaultlib -L lmb_bram_if_cntlr_v4_0_21 -L axi_lite_ipif_v3_0_4 -L lib_pkg_v1_0_2 -L lib_srl_fifo_v1_0_2 -L lib_cdc_v1_0_2 -L axi_uartlite_v2_0_31 -L generic_baseblocks_v2_1_0 -L axi_infrastructure_v1_1_0 -L axi_register_slice_v2_1_27 -L fifo_generator_v13_2_7 -L axi_data_fifo_v2_1_26 -L axi_crossbar_v2_1_28 -L microblaze_v11_0_10 -L proc_sys_reset_v5_0_13 -L mdm_v3_2_23 -L lmb_v10_v3_0_12 -L blk_mem_gen_v8_4_5 -L axi_intc_v4_1_17 -L uvm -L unisims_ver -L unimacro_ver -L secureip -L xpm --snapshot hdmi_text_controller_tb_behav xil_defaultlib.hdmi_text_controller_tb xil_defaultlib.glbl -log elaborate.log"
Vivado Simulator v2022.2
Copyright 1986-1999, 2001-2022 Xilinx, Inc. All Rights Reserved.
Running: C:/Xilinx/Vivado/2022.2/bin/unwrapped/win64.o/xelab.exe --incr --debug typical --relax --mt 2 -L xil_defaultlib -L lmb_bram_if_cntlr_v4_0_21 -L axi_lite_ipif_v3_0_4 -L lib_pkg_v1_0_2 -L lib_srl_fifo_v1_0_2 -L lib_cdc_v1_0_2 -L axi_uartlite_v2_0_31 -L generic_baseblocks_v2_1_0 -L axi_infrastructure_v1_1_0 -L axi_register_slice_v2_1_27 -L fifo_generator_v13_2_7 -L axi_data_fifo_v2_1_26 -L axi_crossbar_v2_1_28 -L microblaze_v11_0_10 -L proc_sys_reset_v5_0_13 -L mdm_v3_2_23 -L lmb_v10_v3_0_12 -L blk_mem_gen_v8_4_5 -L axi_intc_v4_1_17 -L uvm -L unisims_ver -L unimacro_ver -L secureip -L xpm --snapshot hdmi_text_controller_tb_behav xil_defaultlib.hdmi_text_controller_tb xil_defaultlib.glbl -log elaborate.log 
Using 2 slave threads.
Starting static elaboration
Pass Through NonSizing Optimizer
WARNING: [VRFC 10-3091] actual bit length 32 differs from formal bit length 16 for port 'axi_awaddr' [C:/Users/Orion/Documents/GitHub/ece385/lab_7/lab_7.srcs/sim_1/imports/lab_7_1_provided_fa24/hdmi_text_controller_v1_0_tb.sv:74]
WARNING: [VRFC 10-3091] actual bit length 32 differs from formal bit length 16 for port 'axi_araddr' [C:/Users/Orion/Documents/GitHub/ece385/lab_7/lab_7.srcs/sim_1/imports/lab_7_1_provided_fa24/hdmi_text_controller_v1_0_tb.sv:88]
Completed static elaboration
Starting simulation data flow analysis
WARNING: [XSIM 43-4099] "C:/Users/Orion/Documents/GitHub/ece385/lab_7/lab_7.srcs/sources_1/imports/design_source/VGA_controller.sv" Line 26. Module vga_controller doesn't have a timescale but at least one module in design has a timescale.
WARNING: [XSIM 43-4099] "C:/Users/Orion/Documents/GitHub/ece385/lab_7/lab_7.srcs/sources_1/imports/design_source/Color_Mapper.sv" Line 17. Module color_mapper doesn't have a timescale but at least one module in design has a timescale.
WARNING: [XSIM 43-4099] "C:/Users/Orion/Documents/GitHub/ece385/lab_7/lab_7.srcs/sources_1/imports/design_source/VGA_controller.sv" Line 26. Module vga_controller doesn't have a timescale but at least one module in design has a timescale.
WARNING: [XSIM 43-4099] "C:/Users/Orion/Documents/GitHub/ece385/lab_7/lab_7.srcs/sources_1/imports/design_source/Color_Mapper.sv" Line 17. Module color_mapper doesn't have a timescale but at least one module in design has a timescale.
Completed simulation data flow analysis
Time Resolution for simulation is 1ps
Compiling module xil_defaultlib.hdmi_text_controller_v1_0_AXI(C_...
Compiling module unisims_ver.IBUF
Compiling module unisims_ver.MMCME2_ADV(CLKFBOUT_MULT_F=10.0,...
Compiling module unisims_ver.BUFG
Compiling module xil_defaultlib.clk_wiz_0_clk_wiz
Compiling module xil_defaultlib.clk_wiz_0
Compiling module xil_defaultlib.vga_controller
Compiling module unisims_ver.SRL16E_default
Compiling module xil_defaultlib.srldelay(WIDTH=40,TAPS=4'b1010)
Compiling module xil_defaultlib.encode_default
Compiling module xil_defaultlib.encode(CHANNEL="GREEN")
Compiling module xil_defaultlib.encode(CHANNEL="RED")
Compiling module unisims_ver.OSERDESE2(DATA_RATE_TQ="SDR",DAT...
Compiling module unisims_ver.OSERDESE2(DATA_RATE_TQ="SDR",DAT...
Compiling module xil_defaultlib.serdes_10_to_1
Compiling module unisims_ver.OBUFDS(IOSTANDARD="TMDS_33")
Compiling module xil_defaultlib.hdmi_tx_v1_0(C_RED_WIDTH=4,C_GRE...
Compiling module xil_defaultlib.hdmi_tx_0
Compiling module xil_defaultlib.color_mapper
Compiling module xil_defaultlib.hdmi_text_controller_v1_0(C_AXI_...
Compiling module xil_defaultlib.hdmi_text_controller_tb
Compiling module xil_defaultlib.glbl
Built simulation snapshot hdmi_text_controller_tb_behav
run_program: Time (s): cpu = 00:00:02 ; elapsed = 00:00:16 . Memory (MB): peak = 1673.387 ; gain = 33.730
INFO: [USF-XSim-69] 'elaborate' step finished in '16' seconds
INFO: [USF-XSim-4] XSim::Simulate design
INFO: [USF-XSim-61] Executing 'SIMULATE' step in 'C:/Users/Orion/Documents/GitHub/ece385/lab_7/lab_7.sim/sim_1/behav/xsim'
INFO: [USF-XSim-98] *** Running xsim
   with args "hdmi_text_controller_tb_behav -key {Behavioral:sim_1:Functional:hdmi_text_controller_tb} -tclbatch {hdmi_text_controller_tb.tcl} -protoinst "protoinst_files/mb_block_i.protoinst" -log {simulate.log}"
INFO: [USF-XSim-8] Loading simulator feature
INFO: [Wavedata 42-565] Reading protoinst file protoinst_files/mb_block_i.protoinst
WARNING: [Wavedata 42-558] Couldn't load one or more protocol instances from protoinst file protoinst_files/mb_block_i.protoinst for the following reason(s):
There are no instances of module "mb_block_i" in the design.

Time resolution is 1 ps
source hdmi_text_controller_tb.tcl
# set curr_wave [current_wave_config]
# if { [string length $curr_wave] == 0 } {
#   if { [llength [get_objects]] > 0} {
#     add_wave /
#     set_property needs_save false [current_wave_config]
#   } else {
#      send_msg_id Add_Wave-1 WARNING "No top level signals found. Simulator will start without a wave window. If you want to open a wave window go to 'File->New Waveform Configuration' or type 'create_wave_config' in the TCL console."
#   }
# }
WARNING: [Wavedata 42-489] Can't add object "/hdmi_text_controller_tb/bitmap" to the wave window because it has 10080000 bits, which exceeds the display limit of 65536 bits.  To change the display limit, use the command "set_property display_limit <new limit> [current_wave_config]".
# run all
Info: Read back of control register: 001f6000
Time: 192360 ns  Iteration: 0  Process: /hdmi_text_controller_tb/Initial258_905  Scope: hdmi_text_controller_tb.TEST_VECTORS  File: C:/Users/Orion/Documents/GitHub/ece385/lab_7/lab_7.srcs/sim_1/imports/lab_7_1_provided_fa24/hdmi_text_controller_v1_0_tb.sv Line: 284
Saving bitmap 'lab7_1_sim.bmp'.
$finish called at time : 15648350 ns : File "C:/Users/Orion/Documents/GitHub/ece385/lab_7/lab_7.srcs/sim_1/imports/lab_7_1_provided_fa24/hdmi_text_controller_v1_0_tb.sv" Line 293
run: Time (s): cpu = 00:02:14 ; elapsed = 00:11:20 . Memory (MB): peak = 1678.258 ; gain = 1.547
xsim: Time (s): cpu = 00:02:16 ; elapsed = 00:11:24 . Memory (MB): peak = 1678.258 ; gain = 4.871
INFO: [USF-XSim-96] XSim completed. Design snapshot 'hdmi_text_controller_tb_behav' loaded.
INFO: [USF-XSim-97] XSim simulation ran for all
launch_simulation: Time (s): cpu = 00:02:21 ; elapsed = 00:11:54 . Memory (MB): peak = 1678.258 ; gain = 38.602
current_project hdmi_text_controller_v1_0_project
ERROR: [Vivado 12-106] *** Exception: java.lang.NullPointerException (See C:/Users/Orion/Documents/GitHub/ece385/lab_7/vivado_pid30168.debug)
ERROR: [Vivado 12-106] *** Exception: java.lang.NullPointerException (See C:/Users/Orion/Documents/GitHub/ece385/lab_7/vivado_pid30168.debug)
ERROR: [Vivado 12-106] *** Exception: java.lang.NullPointerException (See C:/Users/Orion/Documents/GitHub/ece385/lab_7/vivado_pid30168.debug)
ERROR: [Vivado 12-106] *** Exception: java.lang.NullPointerException (See C:/Users/Orion/Documents/GitHub/ece385/lab_7/vivado_pid30168.debug)
ERROR: [Vivado 12-106] *** Exception: java.lang.NullPointerException (See C:/Users/Orion/Documents/GitHub/ece385/lab_7/vivado_pid30168.debug)
exit
INFO: xsimkernel Simulation Memory Usage: 84272 KB (Peak: 84272 KB), Simulation CPU Usage: 445530 ms
INFO: [Common 17-206] Exiting Vivado at Tue Oct 29 20:58:19 2024...
