11:22:53 DEBUG : Logs will be stored at 'C:/Users/Shane/Documents/Classes/ECE_385/Lab_6/lab6/workspace_2/IDE.log'.
11:22:57 INFO  : Platform repository initialization has completed.
11:22:57 INFO  : Registering command handlers for Vitis TCF services
11:22:57 INFO  : Launching XSCT server: xsct.bat -n  -interactive C:\Users\Shane\Documents\Classes\ECE_385\Lab_6\lab6\workspace_2\temp_xsdb_launch_script.tcl
11:23:07 INFO  : XSCT server has started successfully.
11:23:21 INFO  : Successfully done setting XSCT server connection channel  
11:23:21 INFO  : plnx-install-location is set to ''
11:23:21 INFO  : Successfully done query RDI_DATADIR 
11:23:21 INFO  : Successfully done setting workspace for the tool. 
11:24:28 INFO  : Result from executing command 'getProjects': mb_6_1_top
11:24:28 INFO  : Result from executing command 'getPlatforms': 
11:24:28 WARN  : An unexpected exception occurred in the module 'platform project logging'
11:24:28 INFO  : Platform 'mb_6_1_top' is added to custom repositories.
11:24:31 INFO  : Platform 'mb_6_1_top' is added to custom repositories.
11:30:47 INFO  : Result from executing command 'getProjects': mb_6_1_top
11:30:47 INFO  : Result from executing command 'getPlatforms': mb_6_1_top|C:/Users/Shane/Documents/Classes/ECE_385/Lab_6/lab6/workspace_2/mb_6_1_top/export/mb_6_1_top/mb_6_1_top.xpfm
11:30:47 INFO  : Checking for BSP changes to sync application flags for project 'lab6_shane'...
11:32:44 INFO  : Checking for BSP changes to sync application flags for project 'lab6_shane'...
11:32:55 INFO  : Connected to target on host '127.0.0.1' and port '3121'.
11:33:13 INFO  : ----------------XSDB Script----------------
connect -url tcp:127.0.0.1:3121
----------------End of Script----------------

11:33:13 ERROR : Could not find FPGA device on the board for connection 'Local'.


Troubleshooting hints:
1. Check whether board is connected to system properly.
2. In case of zynq board, check whether Digilent/Xilinx cable switch settings are correct.
3. If you are using Xilinx Platform Cable USB, ensure that status LED is green.
11:36:05 INFO  : Connected to target on host '127.0.0.1' and port '3121'.
11:36:05 INFO  : Jtag cable 'RealDigital Boo 887100000006A' is selected.
11:36:06 INFO  : 'jtag frequency' command is executed.
11:36:06 INFO  : 'targets -set -filter {jtag_cable_name =~ "RealDigital Boo 887100000006A" && level==0 && jtag_device_ctx=="jsn1-0362f093-0"}' command is executed.
11:36:07 INFO  : Device configured successfully with "C:/Users/Shane/Documents/Classes/ECE_385/Lab_6/lab6/mb_6_1_top.bit"
11:36:07 INFO  : Context for processor 'microblaze_0' is selected.
11:36:07 INFO  : Hardware design and registers information is loaded from 'C:/Users/Shane/Documents/Classes/ECE_385/Lab_6/lab6/mb_6_1_top.xsa'.
11:36:07 INFO  : 'configparams mdm-detect-bscan-mask 2' command is executed.
11:36:07 INFO  : Context for processor 'microblaze_0' is selected.
11:36:07 INFO  : System reset is completed.
11:36:10 INFO  : 'after 3000' command is executed.
11:36:11 INFO  : Context for processor 'microblaze_0' is selected.
11:36:11 INFO  : The application 'C:/Users/Shane/Documents/Classes/ECE_385/Lab_6/lab6/workspace_2/lab6_shane/Debug/lab6_shane.elf' is downloaded to processor 'microblaze_0'.
11:36:11 INFO  : ----------------XSDB Script----------------
connect -url tcp:127.0.0.1:3121
targets -set -filter {jtag_cable_name =~ "RealDigital Boo 887100000006A" && level==0 && jtag_device_ctx=="jsn1-0362f093-0"}
fpga -file C:/Users/Shane/Documents/Classes/ECE_385/Lab_6/lab6/mb_6_1_top.bit
targets -set -nocase -filter {name =~ "*microblaze*#0" && bscan=="USER2" }
loadhw -hw C:/Users/Shane/Documents/Classes/ECE_385/Lab_6/lab6/mb_6_1_top.xsa -regs
configparams mdm-detect-bscan-mask 2
targets -set -nocase -filter {name =~ "*microblaze*#0" && bscan=="USER2" }
rst -system
after 3000
targets -set -nocase -filter {name =~ "*microblaze*#0" && bscan=="USER2" }
dow C:/Users/Shane/Documents/Classes/ECE_385/Lab_6/lab6/workspace_2/lab6_shane/Debug/lab6_shane.elf
----------------End of Script----------------

11:36:11 INFO  : Context for processor 'microblaze_0' is selected.
11:36:11 INFO  : 'con' command is executed.
11:36:11 INFO  : ----------------XSDB Script (After Launch)----------------
targets -set -nocase -filter {name =~ "*microblaze*#0" && bscan=="USER2" }
con
----------------End of Script----------------

11:36:11 INFO  : Disconnected from the channel tcfchan#2.
11:39:50 INFO  : Connected to target on host '127.0.0.1' and port '3121'.
11:39:51 INFO  : Jtag cable 'RealDigital Boo 887100000006A' is selected.
11:39:51 INFO  : 'jtag frequency' command is executed.
11:39:51 INFO  : 'targets -set -filter {jtag_cable_name =~ "RealDigital Boo 887100000006A" && level==0 && jtag_device_ctx=="jsn1-0362f093-0"}' command is executed.
11:39:52 INFO  : Device configured successfully with "C:/Users/Shane/Documents/Classes/ECE_385/Lab_6/lab6/mb_6_1_top.bit"
11:39:52 INFO  : Context for processor 'microblaze_0' is selected.
11:39:52 INFO  : Hardware design and registers information is loaded from 'C:/Users/Shane/Documents/Classes/ECE_385/Lab_6/lab6/mb_6_1_top.xsa'.
11:39:52 INFO  : 'configparams mdm-detect-bscan-mask 2' command is executed.
11:39:52 INFO  : Context for processor 'microblaze_0' is selected.
11:39:53 INFO  : System reset is completed.
11:39:56 INFO  : 'after 3000' command is executed.
11:39:56 INFO  : Context for processor 'microblaze_0' is selected.
11:39:56 INFO  : The application 'C:/Users/Shane/Documents/Classes/ECE_385/Lab_6/lab6/workspace_2/lab6_shane/Debug/lab6_shane.elf' is downloaded to processor 'microblaze_0'.
11:39:56 INFO  : ----------------XSDB Script----------------
connect -url tcp:127.0.0.1:3121
targets -set -filter {jtag_cable_name =~ "RealDigital Boo 887100000006A" && level==0 && jtag_device_ctx=="jsn1-0362f093-0"}
fpga -file C:/Users/Shane/Documents/Classes/ECE_385/Lab_6/lab6/mb_6_1_top.bit
targets -set -nocase -filter {name =~ "*microblaze*#0" && bscan=="USER2" }
loadhw -hw C:/Users/Shane/Documents/Classes/ECE_385/Lab_6/lab6/mb_6_1_top.xsa -regs
configparams mdm-detect-bscan-mask 2
targets -set -nocase -filter {name =~ "*microblaze*#0" && bscan=="USER2" }
rst -system
after 3000
targets -set -nocase -filter {name =~ "*microblaze*#0" && bscan=="USER2" }
dow C:/Users/Shane/Documents/Classes/ECE_385/Lab_6/lab6/workspace_2/lab6_shane/Debug/lab6_shane.elf
----------------End of Script----------------

11:39:56 INFO  : Context for processor 'microblaze_0' is selected.
11:39:56 INFO  : 'con' command is executed.
11:39:56 INFO  : ----------------XSDB Script (After Launch)----------------
targets -set -nocase -filter {name =~ "*microblaze*#0" && bscan=="USER2" }
con
----------------End of Script----------------

11:39:56 INFO  : Disconnected from the channel tcfchan#3.
11:40:07 INFO  : Checking for BSP changes to sync application flags for project 'lab6_shane'...
11:40:15 INFO  : Connected to target on host '127.0.0.1' and port '3121'.
11:40:15 INFO  : Jtag cable 'RealDigital Boo 887100000006A' is selected.
11:40:15 INFO  : 'jtag frequency' command is executed.
11:40:15 INFO  : 'targets -set -filter {jtag_cable_name =~ "RealDigital Boo 887100000006A" && level==0 && jtag_device_ctx=="jsn1-0362f093-0"}' command is executed.
11:40:17 INFO  : Device configured successfully with "C:/Users/Shane/Documents/Classes/ECE_385/Lab_6/lab6/mb_6_1_top.bit"
11:40:17 INFO  : Context for processor 'microblaze_0' is selected.
11:40:17 INFO  : Hardware design and registers information is loaded from 'C:/Users/Shane/Documents/Classes/ECE_385/Lab_6/lab6/mb_6_1_top.xsa'.
11:40:17 INFO  : 'configparams mdm-detect-bscan-mask 2' command is executed.
11:40:17 INFO  : Context for processor 'microblaze_0' is selected.
11:40:17 INFO  : System reset is completed.
11:40:20 INFO  : 'after 3000' command is executed.
11:40:20 INFO  : Context for processor 'microblaze_0' is selected.
11:40:20 INFO  : The application 'C:/Users/Shane/Documents/Classes/ECE_385/Lab_6/lab6/workspace_2/lab6_shane/Debug/lab6_shane.elf' is downloaded to processor 'microblaze_0'.
11:40:20 INFO  : ----------------XSDB Script----------------
connect -url tcp:127.0.0.1:3121
targets -set -filter {jtag_cable_name =~ "RealDigital Boo 887100000006A" && level==0 && jtag_device_ctx=="jsn1-0362f093-0"}
fpga -file C:/Users/Shane/Documents/Classes/ECE_385/Lab_6/lab6/mb_6_1_top.bit
targets -set -nocase -filter {name =~ "*microblaze*#0" && bscan=="USER2" }
loadhw -hw C:/Users/Shane/Documents/Classes/ECE_385/Lab_6/lab6/mb_6_1_top.xsa -regs
configparams mdm-detect-bscan-mask 2
targets -set -nocase -filter {name =~ "*microblaze*#0" && bscan=="USER2" }
rst -system
after 3000
targets -set -nocase -filter {name =~ "*microblaze*#0" && bscan=="USER2" }
dow C:/Users/Shane/Documents/Classes/ECE_385/Lab_6/lab6/workspace_2/lab6_shane/Debug/lab6_shane.elf
----------------End of Script----------------

11:40:20 INFO  : Context for processor 'microblaze_0' is selected.
11:40:20 INFO  : 'con' command is executed.
11:40:20 INFO  : ----------------XSDB Script (After Launch)----------------
targets -set -nocase -filter {name =~ "*microblaze*#0" && bscan=="USER2" }
con
----------------End of Script----------------

11:40:20 INFO  : Disconnected from the channel tcfchan#4.
11:46:46 INFO  : Checking for BSP changes to sync application flags for project 'lab6_shane'...
11:47:10 INFO  : Checking for BSP changes to sync application flags for project 'lab6_shane'...
11:47:52 INFO  : Checking for BSP changes to sync application flags for project 'lab6_shane'...
11:49:40 INFO  : Checking for BSP changes to sync application flags for project 'lab6_shane'...
11:50:02 INFO  : Result from executing command 'removePlatformRepo': 
11:50:20 INFO  : Result from executing command 'getProjects': mb_6_1_top
11:50:20 INFO  : Result from executing command 'getPlatforms': 
11:50:20 INFO  : Checking for BSP changes to sync application flags for project 'lab6_shane'...
11:50:56 INFO  : Checking for BSP changes to sync application flags for project 'lab6_shane'...
11:51:02 INFO  : Checking for BSP changes to sync application flags for project 'lab6_shane'...
11:52:24 INFO  : Result from executing command 'removePlatformRepo': 
11:52:54 INFO  : Result from executing command 'getProjects': mb_6_1_top
11:52:54 INFO  : Result from executing command 'getPlatforms': 
11:52:55 INFO  : Checking for BSP changes to sync application flags for project 'lab6_shane'...
11:55:24 INFO  : Checking for BSP changes to sync application flags for project 'lab6_shane'...
11:57:06 INFO  : Checking for BSP changes to sync application flags for project 'lab6_shane'...
11:58:48 INFO  : Checking for BSP changes to sync application flags for project 'lab6_shane'...
11:59:16 INFO  : Checking for BSP changes to sync application flags for project 'lab6_shane'...
12:00:33 INFO  : Checking for BSP changes to sync application flags for project 'lab6_shane'...
12:03:08 INFO  : Successfully generated C:\Users\Shane\Documents\Classes\ECE_385\Lab_6\lab6\workspace_2\lab6_shane\src\lscript.ld.
12:03:08 INFO  : Applying linker script to all configurations of project lab6_shane.
12:03:08 INFO  : Setting rebuild state to true for all configurations of project lab6_shane.
12:03:14 INFO  : Checking for BSP changes to sync application flags for project 'lab6_shane'...
12:03:53 INFO  : Checking for BSP changes to sync application flags for project 'lab6_shane'...
12:04:24 INFO  : Checking for BSP changes to sync application flags for project 'lab6_shane'...
12:04:28 INFO  : Connected to target on host '127.0.0.1' and port '3121'.
12:04:28 INFO  : Jtag cable 'RealDigital Boo 887100000006A' is selected.
12:04:28 INFO  : 'jtag frequency' command is executed.
12:04:28 INFO  : 'targets -set -filter {jtag_cable_name =~ "RealDigital Boo 887100000006A" && level==0 && jtag_device_ctx=="jsn1-0362f093-0"}' command is executed.
12:04:30 INFO  : Device configured successfully with "C:/Users/Shane/Documents/Classes/ECE_385/Lab_6/lab6/mb_6_1_top.bit"
12:04:30 INFO  : Context for processor 'microblaze_0' is selected.
12:04:30 INFO  : Hardware design and registers information is loaded from 'C:/Users/Shane/Documents/Classes/ECE_385/Lab_6/lab6/mb_6_1_top.xsa'.
12:04:30 INFO  : 'configparams mdm-detect-bscan-mask 2' command is executed.
12:04:30 INFO  : Context for processor 'microblaze_0' is selected.
12:04:30 INFO  : System reset is completed.
12:04:33 INFO  : 'after 3000' command is executed.
12:04:33 INFO  : Context for processor 'microblaze_0' is selected.
12:04:33 INFO  : The application 'C:/Users/Shane/Documents/Classes/ECE_385/Lab_6/lab6/workspace_2/lab6_shane/Debug/lab6_shane.elf' is downloaded to processor 'microblaze_0'.
12:04:33 INFO  : ----------------XSDB Script----------------
connect -url tcp:127.0.0.1:3121
targets -set -filter {jtag_cable_name =~ "RealDigital Boo 887100000006A" && level==0 && jtag_device_ctx=="jsn1-0362f093-0"}
fpga -file C:/Users/Shane/Documents/Classes/ECE_385/Lab_6/lab6/mb_6_1_top.bit
targets -set -nocase -filter {name =~ "*microblaze*#0" && bscan=="USER2" }
loadhw -hw C:/Users/Shane/Documents/Classes/ECE_385/Lab_6/lab6/mb_6_1_top.xsa -regs
configparams mdm-detect-bscan-mask 2
targets -set -nocase -filter {name =~ "*microblaze*#0" && bscan=="USER2" }
rst -system
after 3000
targets -set -nocase -filter {name =~ "*microblaze*#0" && bscan=="USER2" }
dow C:/Users/Shane/Documents/Classes/ECE_385/Lab_6/lab6/workspace_2/lab6_shane/Debug/lab6_shane.elf
----------------End of Script----------------

12:04:33 INFO  : Context for processor 'microblaze_0' is selected.
12:04:33 INFO  : 'con' command is executed.
12:04:33 INFO  : ----------------XSDB Script (After Launch)----------------
targets -set -nocase -filter {name =~ "*microblaze*#0" && bscan=="USER2" }
con
----------------End of Script----------------

12:04:33 INFO  : Disconnected from the channel tcfchan#9.
12:06:45 INFO  : Checking for BSP changes to sync application flags for project 'lab6_shane'...
12:06:55 INFO  : Checking for BSP changes to sync application flags for project 'lab6_shane'...
12:07:03 INFO  : Checking for BSP changes to sync application flags for project 'lab6_shane'...
12:07:07 INFO  : Checking for BSP changes to sync application flags for project 'lab6_shane'...
12:07:14 INFO  : Checking for BSP changes to sync application flags for project 'lab6_shane'...
12:07:36 INFO  : Checking for BSP changes to sync application flags for project 'lab6_shane'...
12:07:53 INFO  : Checking for BSP changes to sync application flags for project 'lab6_shane'...
12:08:00 INFO  : Connected to target on host '127.0.0.1' and port '3121'.
12:08:01 INFO  : Jtag cable 'RealDigital Boo 887100000006A' is selected.
12:08:01 INFO  : 'jtag frequency' command is executed.
12:08:01 INFO  : 'targets -set -filter {jtag_cable_name =~ "RealDigital Boo 887100000006A" && level==0 && jtag_device_ctx=="jsn1-0362f093-0"}' command is executed.
12:08:02 INFO  : Device configured successfully with "C:/Users/Shane/Documents/Classes/ECE_385/Lab_6/lab6/mb_6_1_top.bit"
12:08:02 INFO  : Context for processor 'microblaze_0' is selected.
12:08:02 INFO  : Hardware design and registers information is loaded from 'C:/Users/Shane/Documents/Classes/ECE_385/Lab_6/lab6/mb_6_1_top.xsa'.
12:08:02 INFO  : 'configparams mdm-detect-bscan-mask 2' command is executed.
12:08:02 INFO  : Context for processor 'microblaze_0' is selected.
12:08:02 INFO  : System reset is completed.
12:08:05 INFO  : 'after 3000' command is executed.
12:08:05 INFO  : Context for processor 'microblaze_0' is selected.
12:08:05 INFO  : The application 'C:/Users/Shane/Documents/Classes/ECE_385/Lab_6/lab6/workspace_2/lab6_shane/Debug/lab6_shane.elf' is downloaded to processor 'microblaze_0'.
12:08:05 INFO  : ----------------XSDB Script----------------
connect -url tcp:127.0.0.1:3121
targets -set -filter {jtag_cable_name =~ "RealDigital Boo 887100000006A" && level==0 && jtag_device_ctx=="jsn1-0362f093-0"}
fpga -file C:/Users/Shane/Documents/Classes/ECE_385/Lab_6/lab6/mb_6_1_top.bit
targets -set -nocase -filter {name =~ "*microblaze*#0" && bscan=="USER2" }
loadhw -hw C:/Users/Shane/Documents/Classes/ECE_385/Lab_6/lab6/mb_6_1_top.xsa -regs
configparams mdm-detect-bscan-mask 2
targets -set -nocase -filter {name =~ "*microblaze*#0" && bscan=="USER2" }
rst -system
after 3000
targets -set -nocase -filter {name =~ "*microblaze*#0" && bscan=="USER2" }
dow C:/Users/Shane/Documents/Classes/ECE_385/Lab_6/lab6/workspace_2/lab6_shane/Debug/lab6_shane.elf
----------------End of Script----------------

12:08:05 INFO  : Context for processor 'microblaze_0' is selected.
12:08:05 INFO  : 'con' command is executed.
12:08:05 INFO  : ----------------XSDB Script (After Launch)----------------
targets -set -nocase -filter {name =~ "*microblaze*#0" && bscan=="USER2" }
con
----------------End of Script----------------

12:08:06 INFO  : Disconnected from the channel tcfchan#10.
12:14:08 INFO  : Checking for BSP changes to sync application flags for project 'lab6_shane'...
12:14:37 INFO  : Checking for BSP changes to sync application flags for project 'lab6_shane'...
12:14:52 INFO  : Checking for BSP changes to sync application flags for project 'lab6_shane'...
12:15:34 INFO  : Checking for BSP changes to sync application flags for project 'lab6_shane'...
12:15:52 INFO  : Checking for BSP changes to sync application flags for project 'lab6_shane'...
12:16:28 INFO  : Checking for BSP changes to sync application flags for project 'lab6_shane'...
12:16:48 INFO  : Checking for BSP changes to sync application flags for project 'lab6_shane'...
12:19:15 INFO  : Checking for BSP changes to sync application flags for project 'lab6_shane'...
12:33:32 INFO  : Checking for BSP changes to sync application flags for project 'lab6_shane'...
12:36:38 INFO  : Checking for BSP changes to sync application flags for project 'lab6_shane'...
12:36:41 INFO  : Connected to target on host '127.0.0.1' and port '3121'.
12:36:41 INFO  : Jtag cable 'RealDigital Boo 887100000006A' is selected.
12:36:41 INFO  : 'jtag frequency' command is executed.
12:36:41 INFO  : 'targets -set -filter {jtag_cable_name =~ "RealDigital Boo 887100000006A" && level==0 && jtag_device_ctx=="jsn1-0362f093-0"}' command is executed.
12:36:43 INFO  : Device configured successfully with "C:/Users/Shane/Documents/Classes/ECE_385/Lab_6/lab6/mb_6_1_top.bit"
12:36:43 INFO  : Context for processor 'microblaze_0' is selected.
12:36:43 INFO  : Hardware design and registers information is loaded from 'C:/Users/Shane/Documents/Classes/ECE_385/Lab_6/lab6/mb_6_1_top.xsa'.
12:36:43 INFO  : 'configparams mdm-detect-bscan-mask 2' command is executed.
12:36:43 INFO  : Context for processor 'microblaze_0' is selected.
12:36:43 INFO  : System reset is completed.
12:36:46 INFO  : 'after 3000' command is executed.
12:36:46 INFO  : Context for processor 'microblaze_0' is selected.
12:36:46 INFO  : The application 'C:/Users/Shane/Documents/Classes/ECE_385/Lab_6/lab6/workspace_2/lab6_shane/Debug/lab6_shane.elf' is downloaded to processor 'microblaze_0'.
12:36:46 INFO  : ----------------XSDB Script----------------
connect -url tcp:127.0.0.1:3121
targets -set -filter {jtag_cable_name =~ "RealDigital Boo 887100000006A" && level==0 && jtag_device_ctx=="jsn1-0362f093-0"}
fpga -file C:/Users/Shane/Documents/Classes/ECE_385/Lab_6/lab6/mb_6_1_top.bit
targets -set -nocase -filter {name =~ "*microblaze*#0" && bscan=="USER2" }
loadhw -hw C:/Users/Shane/Documents/Classes/ECE_385/Lab_6/lab6/mb_6_1_top.xsa -regs
configparams mdm-detect-bscan-mask 2
targets -set -nocase -filter {name =~ "*microblaze*#0" && bscan=="USER2" }
rst -system
after 3000
targets -set -nocase -filter {name =~ "*microblaze*#0" && bscan=="USER2" }
dow C:/Users/Shane/Documents/Classes/ECE_385/Lab_6/lab6/workspace_2/lab6_shane/Debug/lab6_shane.elf
----------------End of Script----------------

12:36:46 INFO  : Context for processor 'microblaze_0' is selected.
12:36:46 INFO  : 'con' command is executed.
12:36:46 INFO  : ----------------XSDB Script (After Launch)----------------
targets -set -nocase -filter {name =~ "*microblaze*#0" && bscan=="USER2" }
con
----------------End of Script----------------

12:36:46 INFO  : Disconnected from the channel tcfchan#11.
12:37:32 INFO  : Checking for BSP changes to sync application flags for project 'lab6_shane'...
12:37:35 INFO  : Connected to target on host '127.0.0.1' and port '3121'.
12:37:35 INFO  : Jtag cable 'RealDigital Boo 887100000006A' is selected.
12:37:35 INFO  : 'jtag frequency' command is executed.
12:37:35 INFO  : 'targets -set -filter {jtag_cable_name =~ "RealDigital Boo 887100000006A" && level==0 && jtag_device_ctx=="jsn1-0362f093-0"}' command is executed.
12:37:36 INFO  : Device configured successfully with "C:/Users/Shane/Documents/Classes/ECE_385/Lab_6/lab6/mb_6_1_top.bit"
12:37:37 INFO  : Context for processor 'microblaze_0' is selected.
12:37:37 INFO  : Hardware design and registers information is loaded from 'C:/Users/Shane/Documents/Classes/ECE_385/Lab_6/lab6/mb_6_1_top.xsa'.
12:37:37 INFO  : 'configparams mdm-detect-bscan-mask 2' command is executed.
12:37:37 INFO  : Context for processor 'microblaze_0' is selected.
12:37:37 INFO  : System reset is completed.
12:37:40 INFO  : 'after 3000' command is executed.
12:37:40 INFO  : Context for processor 'microblaze_0' is selected.
12:37:40 INFO  : The application 'C:/Users/Shane/Documents/Classes/ECE_385/Lab_6/lab6/workspace_2/lab6_shane/Debug/lab6_shane.elf' is downloaded to processor 'microblaze_0'.
12:37:40 INFO  : ----------------XSDB Script----------------
connect -url tcp:127.0.0.1:3121
targets -set -filter {jtag_cable_name =~ "RealDigital Boo 887100000006A" && level==0 && jtag_device_ctx=="jsn1-0362f093-0"}
fpga -file C:/Users/Shane/Documents/Classes/ECE_385/Lab_6/lab6/mb_6_1_top.bit
targets -set -nocase -filter {name =~ "*microblaze*#0" && bscan=="USER2" }
loadhw -hw C:/Users/Shane/Documents/Classes/ECE_385/Lab_6/lab6/mb_6_1_top.xsa -regs
configparams mdm-detect-bscan-mask 2
targets -set -nocase -filter {name =~ "*microblaze*#0" && bscan=="USER2" }
rst -system
after 3000
targets -set -nocase -filter {name =~ "*microblaze*#0" && bscan=="USER2" }
dow C:/Users/Shane/Documents/Classes/ECE_385/Lab_6/lab6/workspace_2/lab6_shane/Debug/lab6_shane.elf
----------------End of Script----------------

12:37:40 INFO  : Context for processor 'microblaze_0' is selected.
12:37:40 INFO  : 'con' command is executed.
12:37:40 INFO  : ----------------XSDB Script (After Launch)----------------
targets -set -nocase -filter {name =~ "*microblaze*#0" && bscan=="USER2" }
con
----------------End of Script----------------

12:37:40 INFO  : Disconnected from the channel tcfchan#12.
12:38:10 INFO  : Checking for BSP changes to sync application flags for project 'lab6_shane'...
12:38:12 INFO  : Connected to target on host '127.0.0.1' and port '3121'.
12:38:13 INFO  : Jtag cable 'RealDigital Boo 887100000006A' is selected.
12:38:13 INFO  : 'jtag frequency' command is executed.
12:38:13 INFO  : 'targets -set -filter {jtag_cable_name =~ "RealDigital Boo 887100000006A" && level==0 && jtag_device_ctx=="jsn1-0362f093-0"}' command is executed.
12:38:14 INFO  : Device configured successfully with "C:/Users/Shane/Documents/Classes/ECE_385/Lab_6/lab6/mb_6_1_top.bit"
12:38:14 INFO  : Context for processor 'microblaze_0' is selected.
12:38:14 INFO  : Hardware design and registers information is loaded from 'C:/Users/Shane/Documents/Classes/ECE_385/Lab_6/lab6/mb_6_1_top.xsa'.
12:38:14 INFO  : 'configparams mdm-detect-bscan-mask 2' command is executed.
12:38:14 INFO  : Context for processor 'microblaze_0' is selected.
12:38:14 INFO  : System reset is completed.
12:38:17 INFO  : 'after 3000' command is executed.
12:38:17 INFO  : Context for processor 'microblaze_0' is selected.
12:38:17 INFO  : The application 'C:/Users/Shane/Documents/Classes/ECE_385/Lab_6/lab6/workspace_2/lab6_shane/Debug/lab6_shane.elf' is downloaded to processor 'microblaze_0'.
12:38:17 INFO  : ----------------XSDB Script----------------
connect -url tcp:127.0.0.1:3121
targets -set -filter {jtag_cable_name =~ "RealDigital Boo 887100000006A" && level==0 && jtag_device_ctx=="jsn1-0362f093-0"}
fpga -file C:/Users/Shane/Documents/Classes/ECE_385/Lab_6/lab6/mb_6_1_top.bit
targets -set -nocase -filter {name =~ "*microblaze*#0" && bscan=="USER2" }
loadhw -hw C:/Users/Shane/Documents/Classes/ECE_385/Lab_6/lab6/mb_6_1_top.xsa -regs
configparams mdm-detect-bscan-mask 2
targets -set -nocase -filter {name =~ "*microblaze*#0" && bscan=="USER2" }
rst -system
after 3000
targets -set -nocase -filter {name =~ "*microblaze*#0" && bscan=="USER2" }
dow C:/Users/Shane/Documents/Classes/ECE_385/Lab_6/lab6/workspace_2/lab6_shane/Debug/lab6_shane.elf
----------------End of Script----------------

12:38:17 INFO  : Context for processor 'microblaze_0' is selected.
12:38:17 INFO  : 'con' command is executed.
12:38:17 INFO  : ----------------XSDB Script (After Launch)----------------
targets -set -nocase -filter {name =~ "*microblaze*#0" && bscan=="USER2" }
con
----------------End of Script----------------

12:38:17 INFO  : Disconnected from the channel tcfchan#13.
12:40:09 INFO  : Checking for BSP changes to sync application flags for project 'lab6_shane'...
12:40:34 INFO  : Checking for BSP changes to sync application flags for project 'lab6_shane'...
12:40:45 INFO  : Connected to target on host '127.0.0.1' and port '3121'.
12:40:45 INFO  : Jtag cable 'RealDigital Boo 887100000006A' is selected.
12:40:45 INFO  : 'jtag frequency' command is executed.
12:40:46 INFO  : 'targets -set -filter {jtag_cable_name =~ "RealDigital Boo 887100000006A" && level==0 && jtag_device_ctx=="jsn1-0362f093-0"}' command is executed.
12:40:47 INFO  : Device configured successfully with "C:/Users/Shane/Documents/Classes/ECE_385/Lab_6/lab6/mb_6_1_top.bit"
12:40:47 INFO  : Context for processor 'microblaze_0' is selected.
12:40:47 INFO  : Hardware design and registers information is loaded from 'C:/Users/Shane/Documents/Classes/ECE_385/Lab_6/lab6/mb_6_1_top.xsa'.
12:40:47 INFO  : 'configparams mdm-detect-bscan-mask 2' command is executed.
12:40:47 INFO  : Context for processor 'microblaze_0' is selected.
12:40:47 INFO  : System reset is completed.
12:40:50 INFO  : 'after 3000' command is executed.
12:40:50 INFO  : Context for processor 'microblaze_0' is selected.
12:40:50 INFO  : The application 'C:/Users/Shane/Documents/Classes/ECE_385/Lab_6/lab6/workspace_2/lab6_shane/Debug/lab6_shane.elf' is downloaded to processor 'microblaze_0'.
12:40:50 INFO  : ----------------XSDB Script----------------
connect -url tcp:127.0.0.1:3121
targets -set -filter {jtag_cable_name =~ "RealDigital Boo 887100000006A" && level==0 && jtag_device_ctx=="jsn1-0362f093-0"}
fpga -file C:/Users/Shane/Documents/Classes/ECE_385/Lab_6/lab6/mb_6_1_top.bit
targets -set -nocase -filter {name =~ "*microblaze*#0" && bscan=="USER2" }
loadhw -hw C:/Users/Shane/Documents/Classes/ECE_385/Lab_6/lab6/mb_6_1_top.xsa -regs
configparams mdm-detect-bscan-mask 2
targets -set -nocase -filter {name =~ "*microblaze*#0" && bscan=="USER2" }
rst -system
after 3000
targets -set -nocase -filter {name =~ "*microblaze*#0" && bscan=="USER2" }
dow C:/Users/Shane/Documents/Classes/ECE_385/Lab_6/lab6/workspace_2/lab6_shane/Debug/lab6_shane.elf
----------------End of Script----------------

12:40:50 INFO  : Context for processor 'microblaze_0' is selected.
12:40:50 INFO  : 'con' command is executed.
12:40:50 INFO  : ----------------XSDB Script (After Launch)----------------
targets -set -nocase -filter {name =~ "*microblaze*#0" && bscan=="USER2" }
con
----------------End of Script----------------

12:40:50 INFO  : Disconnected from the channel tcfchan#14.
12:42:41 INFO  : Checking for BSP changes to sync application flags for project 'lab6_shane'...
12:43:17 INFO  : Checking for BSP changes to sync application flags for project 'lab6_shane'...
12:43:29 INFO  : Checking for BSP changes to sync application flags for project 'lab6_shane'...
14:24:56 INFO  : Checking for BSP changes to sync application flags for project 'lab6_shane'...
14:25:15 INFO  : Checking for BSP changes to sync application flags for project 'lab6_shane'...
14:25:36 INFO  : Checking for BSP changes to sync application flags for project 'lab6_shane'...
